
Memory Configuration

Name             Origin             Length             Attributes
*default*        0x0000000000000000 0xffffffffffffffff

Linker script and memory map

                0x0000000000001000                . = 0x1000

.text           0x0000000000001000     0x2b25
 *(.text)
 .text          0x0000000000001000       0x1c obj/krnl/link.o
                0x0000000000001000                _start
 *fill*         0x000000000000101c        0x4 
 .text          0x0000000000001020       0x1d obj/krnl/sys/pic.o
                0x0000000000001020                load_idt
                0x0000000000001028                enable_interrupts
                0x000000000000102a                keyboard_handler
                0x0000000000001033                int_handler
 *fill*         0x000000000000103d        0x3 
 .text          0x0000000000001040       0x34 obj/krnl/sys/ports.o
                0x0000000000001040                inb
                0x0000000000001046                outb
                0x0000000000001050                inw
                0x0000000000001059                outw
                0x0000000000001064                inl
                0x000000000000106a                outl
 .text          0x0000000000001074      0x27d obj/krnl/kernel.o
                0x0000000000001074                handle_keyboard
                0x000000000000110f                main
 .text          0x00000000000012f1      0x718 obj/krnl/shell.o
                0x00000000000018de                shell_init
                0x000000000000191b                shell_handle_key
 .text          0x0000000000001a09      0x324 obj/krnl/io.o
                0x0000000000001a09                _itoa
                0x0000000000001aee                printf
                0x0000000000001cec                puts
 .text          0x0000000000001d2d      0x2df obj/krnl/string.o
                0x0000000000001d2d                memset
                0x0000000000001d67                memcpy
                0x0000000000001d86                mempcpy
                0x0000000000001dcc                stpcpy
                0x0000000000001e00                strcpy
                0x0000000000001e1c                strcat
                0x0000000000001e49                strcmp
                0x0000000000001e99                stpncpy
                0x0000000000001ee4                strncpy
                0x0000000000001f03                strncat
                0x0000000000001f30                strncmp
                0x0000000000001f8a                strchr
                0x0000000000001fc7                strlen
                0x0000000000001feb                strnlen
 .text          0x000000000000200c      0x3b2 obj/krnl/sys/lba.o
                0x0000000000002121                ata_lba_read
                0x0000000000002270                ata_lba_write
 .text          0x00000000000023be      0xd24 obj/krnl/fat.o
                0x0000000000002428                init_fs
                0x0000000000002660                read_file
                0x0000000000002965                list_dir
                0x0000000000002aa8                fopen
                0x0000000000002c3a                fread
                0x0000000000002db2                fseek
                0x0000000000002e0e                fclose
                0x0000000000002ea9                fwrite
 .text          0x00000000000030e2      0x325 obj/krnl/malloc.o
                0x00000000000030e2                init_malloc
                0x000000000000314e                find_empty_entry
                0x0000000000003189                find_entry
                0x00000000000031c5                realloc
                0x0000000000003262                find_up_nearest
                0x00000000000032da                malloc
                0x00000000000033a2                free
 .text          0x0000000000003407      0x192 obj/krnl/sys/ps2.o
                0x0000000000003407                int_handle
                0x0000000000003420                init_idt
                0x000000000000357e                kb_init
 .text          0x0000000000003599      0x3a7 obj/krnl/sys/io.o
                0x0000000000003599                swipeTerm
                0x0000000000003682                update_cursor
                0x00000000000036fd                newLine
                0x0000000000003751                setColor
                0x000000000000375f                putchar
                0x0000000000003809                backspace
                0x00000000000038af                clearScreen
 .text          0x0000000000003940      0x1e5 obj/krnl/sys/serial.o
                0x0000000000003940                initSerial
                0x0000000000003a5c                writeSerial
                0x0000000000003aa8                readSerial
                0x0000000000003ae8                serialString
 .text          0x0000000000003b25        0x0 obj/krnl/sys/keymap.o

.data           0x0000000000003b40      0x120
 *(.data)
 .data          0x0000000000003b40        0x4 obj/krnl/kernel.o
                0x0000000000003b40                mbr
 .data          0x0000000000003b44        0x0 obj/krnl/shell.o
 .data          0x0000000000003b44        0x0 obj/krnl/io.o
 .data          0x0000000000003b44        0x0 obj/krnl/string.o
 .data          0x0000000000003b44        0x0 obj/krnl/sys/lba.o
 .data          0x0000000000003b44        0x0 obj/krnl/fat.o
 .data          0x0000000000003b44        0x0 obj/krnl/malloc.o
 .data          0x0000000000003b44        0x0 obj/krnl/sys/ps2.o
 .data          0x0000000000003b44        0x4 obj/krnl/sys/io.o
                0x0000000000003b44                color
 .data          0x0000000000003b48       0x18 obj/krnl/sys/serial.o
                0x0000000000003b48                coms_table
                0x0000000000003b50                lpts_table
                0x0000000000003b58                coms
                0x0000000000003b5c                lpts
 .data          0x0000000000003b60      0x100 obj/krnl/sys/keymap.o
                0x0000000000003b60                keymap
                0x0000000000003be0                keymap_maj

.rodata         0x0000000000003c60      0x3ba
 *(.rodata)
 .rodata        0x0000000000003c60       0xb4 obj/krnl/kernel.o
 .rodata        0x0000000000003d14      0x281 obj/krnl/shell.o
 .rodata        0x0000000000003f95       0x3a obj/krnl/fat.o
 *fill*         0x0000000000003fcf        0x1 
 .rodata        0x0000000000003fd0       0x33 obj/krnl/malloc.o
 .rodata        0x0000000000004003       0x17 obj/krnl/sys/ps2.o

.bss            0x0000000000004020     0x1088
 *(.bss)
 .bss           0x0000000000004020        0x4 obj/krnl/kernel.o
 *fill*         0x0000000000004024       0x1c 
 .bss           0x0000000000004040      0x820 obj/krnl/shell.o
 .bss           0x0000000000004860        0x0 obj/krnl/io.o
 .bss           0x0000000000004860        0x0 obj/krnl/string.o
 .bss           0x0000000000004860        0x0 obj/krnl/sys/lba.o
 .bss           0x0000000000004860       0x1c obj/krnl/fat.o
 .bss           0x000000000000487c        0xc obj/krnl/malloc.o
                0x000000000000487c                blob_size
                0x0000000000004880                malloc_entries
                0x0000000000004884                malloc_blob
 *fill*         0x0000000000004888       0x18 
 .bss           0x00000000000048a0      0x800 obj/krnl/sys/ps2.o
                0x00000000000048a0                IDT
 .bss           0x00000000000050a0        0x8 obj/krnl/sys/io.o
                0x00000000000050a0                scr_x
                0x00000000000050a4                scr_y
 .bss           0x00000000000050a8        0x0 obj/krnl/sys/serial.o
 .bss           0x00000000000050a8        0x0 obj/krnl/sys/keymap.o
LOAD obj/krnl/link.o
LOAD obj/krnl/sys/pic.o
LOAD obj/krnl/sys/ports.o
LOAD obj/krnl/kernel.o
LOAD obj/krnl/shell.o
LOAD obj/krnl/io.o
LOAD obj/krnl/string.o
LOAD obj/krnl/sys/lba.o
LOAD obj/krnl/fat.o
LOAD obj/krnl/malloc.o
LOAD obj/krnl/sys/ps2.o
LOAD obj/krnl/sys/io.o
LOAD obj/krnl/sys/serial.o
LOAD obj/krnl/sys/keymap.o
OUTPUT(obj/kernel.bin binary)

.comment        0x0000000000000000       0xd1
 .comment       0x0000000000000000       0x13 obj/krnl/kernel.o
 .comment       0x0000000000000013       0x13 obj/krnl/shell.o
 .comment       0x0000000000000026       0x13 obj/krnl/io.o
 .comment       0x0000000000000039       0x13 obj/krnl/string.o
 .comment       0x000000000000004c       0x13 obj/krnl/sys/lba.o
 .comment       0x000000000000005f       0x13 obj/krnl/fat.o
 .comment       0x0000000000000072       0x13 obj/krnl/malloc.o
 .comment       0x0000000000000085       0x13 obj/krnl/sys/ps2.o
 .comment       0x0000000000000098       0x13 obj/krnl/sys/io.o
 .comment       0x00000000000000ab       0x13 obj/krnl/sys/serial.o
 .comment       0x00000000000000be       0x13 obj/krnl/sys/keymap.o
