
Memory Configuration

Name             Origin             Length             Attributes
*default*        0x0000000000000000 0xffffffffffffffff

Linker script and memory map

                0x0000000000001000                . = 0x1000

.text           0x0000000000001000     0x28ed
 *(.text)
 .text          0x0000000000001000       0x1c obj/krnl/link.o
                0x0000000000001000                _start
 *fill*         0x000000000000101c        0x4 
 .text          0x0000000000001020       0x1d obj/krnl/sys/pic.o
                0x0000000000001020                load_idt
                0x0000000000001028                enable_interrupts
                0x000000000000102a                keyboard_handler
                0x0000000000001033                int_handler
 *fill*         0x000000000000103d        0x3 
 .text          0x0000000000001040       0x34 obj/krnl/sys/ports.o
                0x0000000000001040                inb
                0x0000000000001046                outb
                0x0000000000001050                inw
                0x0000000000001059                outw
                0x0000000000001064                inl
                0x000000000000106a                outl
 .text          0x0000000000001074      0x20c obj/krnl/kernel.o
                0x0000000000001074                handle_keyboard
                0x000000000000110f                main
 .text          0x0000000000001280      0x718 obj/krnl/shell.o
                0x000000000000186d                shell_init
                0x00000000000018aa                shell_handle_key
 .text          0x0000000000001998      0x2bd obj/krnl/io.o
                0x0000000000001998                _itoa
                0x0000000000001a66                printf
                0x0000000000001c14                puts
 .text          0x0000000000001c55      0x2df obj/krnl/string.o
                0x0000000000001c55                memset
                0x0000000000001c8f                memcpy
                0x0000000000001cae                mempcpy
                0x0000000000001cf4                stpcpy
                0x0000000000001d28                strcpy
                0x0000000000001d44                strcat
                0x0000000000001d71                strcmp
                0x0000000000001dc1                stpncpy
                0x0000000000001e0c                strncpy
                0x0000000000001e2b                strncat
                0x0000000000001e58                strncmp
                0x0000000000001eb2                strchr
                0x0000000000001eef                strlen
                0x0000000000001f13                strnlen
 .text          0x0000000000001f34      0x527 obj/krnl/sys/lba.o
                0x0000000000002194                ata_lba_read
                0x00000000000022f8                ata_lba_write
 .text          0x000000000000245b      0xc2e obj/krnl/fat.o
                0x000000000000245b                clean_entry
                0x00000000000024c5                init_fs
                0x0000000000002642                format_entry
                0x00000000000026a2                read_file
                0x000000000000289b                format_attrs
                0x00000000000029a2                list_dir
                0x0000000000002ae3                fopen
                0x0000000000002c0b                get_nth_cluster
                0x0000000000002c68                fread
                0x0000000000002ddb                fseek
                0x0000000000002e37                fclose
                0x0000000000002e52                allocate_cluster
                0x0000000000002ece                fwrite
 .text          0x0000000000003089      0x325 obj/krnl/malloc.o
                0x0000000000003089                init_malloc
                0x00000000000030f5                find_empty_entry
                0x0000000000003130                find_entry
                0x000000000000316c                realloc
                0x0000000000003209                find_up_nearest
                0x0000000000003281                malloc
                0x0000000000003349                free
 .text          0x00000000000033ae      0x192 obj/krnl/sys/ps2.o
                0x00000000000033ae                int_handle
                0x00000000000033c7                init_idt
                0x0000000000003525                kb_init
 .text          0x0000000000003540      0x3a7 obj/krnl/sys/io.o
                0x0000000000003540                swipeTerm
                0x0000000000003629                update_cursor
                0x00000000000036a4                newLine
                0x00000000000036f8                setColor
                0x0000000000003706                putchar
                0x00000000000037b0                backspace
                0x0000000000003856                clearScreen
 .text          0x00000000000038e7        0x6 obj/krnl/sys/serial.o
                0x00000000000038e7                initSerial
 .text          0x00000000000038ed        0x0 obj/krnl/sys/keymap.o

.data           0x0000000000003900      0x120
 *(.data)
 .data          0x0000000000003900        0x4 obj/krnl/kernel.o
                0x0000000000003900                mbr
 .data          0x0000000000003904        0x0 obj/krnl/shell.o
 .data          0x0000000000003904        0x0 obj/krnl/io.o
 .data          0x0000000000003904        0x0 obj/krnl/string.o
 .data          0x0000000000003904        0x0 obj/krnl/sys/lba.o
 .data          0x0000000000003904        0x0 obj/krnl/fat.o
 .data          0x0000000000003904        0x0 obj/krnl/malloc.o
 .data          0x0000000000003904        0x0 obj/krnl/sys/ps2.o
 .data          0x0000000000003904        0x4 obj/krnl/sys/io.o
                0x0000000000003904                color
 .data          0x0000000000003908        0x4 obj/krnl/sys/serial.o
                0x0000000000003908                coms
 *fill*         0x000000000000390c       0x14 
 .data          0x0000000000003920      0x100 obj/krnl/sys/keymap.o
                0x0000000000003920                keymap
                0x00000000000039a0                keymap_maj

.rodata         0x0000000000003a20      0x386
 *(.rodata)
 .rodata        0x0000000000003a20       0x7d obj/krnl/kernel.o
 *fill*         0x0000000000003a9d        0x3 
 .rodata        0x0000000000003aa0      0x281 obj/krnl/shell.o
 .rodata        0x0000000000003d21       0x3a obj/krnl/fat.o
 *fill*         0x0000000000003d5b        0x1 
 .rodata        0x0000000000003d5c       0x33 obj/krnl/malloc.o
 .rodata        0x0000000000003d8f       0x17 obj/krnl/sys/ps2.o

.bss            0x0000000000003dc0     0x1288
 *(.bss)
 .bss           0x0000000000003dc0        0x4 obj/krnl/kernel.o
 *fill*         0x0000000000003dc4       0x1c 
 .bss           0x0000000000003de0      0x820 obj/krnl/shell.o
 .bss           0x0000000000004600        0x0 obj/krnl/io.o
 .bss           0x0000000000004600        0x0 obj/krnl/string.o
 .bss           0x0000000000004600        0x4 obj/krnl/sys/lba.o
 *fill*         0x0000000000004604       0x1c 
 .bss           0x0000000000004620      0x214 obj/krnl/fat.o
                0x0000000000004620                bs
                0x0000000000004824                fat
                0x0000000000004828                root_entries
                0x000000000000482c                data_addr
                0x0000000000004830                bytes_per_cluster
 .bss           0x0000000000004834        0xc obj/krnl/malloc.o
                0x0000000000004834                blob_size
                0x0000000000004838                malloc_entries
                0x000000000000483c                malloc_blob
 .bss           0x0000000000004840      0x800 obj/krnl/sys/ps2.o
                0x0000000000004840                IDT
 .bss           0x0000000000005040        0x8 obj/krnl/sys/io.o
                0x0000000000005040                scr_x
                0x0000000000005044                scr_y
 .bss           0x0000000000005048        0x0 obj/krnl/sys/serial.o
 .bss           0x0000000000005048        0x0 obj/krnl/sys/keymap.o
LOAD obj/krnl/link.o
LOAD obj/krnl/sys/pic.o
LOAD obj/krnl/sys/ports.o
LOAD obj/krnl/kernel.o
LOAD obj/krnl/shell.o
LOAD obj/krnl/io.o
LOAD obj/krnl/string.o
LOAD obj/krnl/sys/lba.o
LOAD obj/krnl/fat.o
LOAD obj/krnl/malloc.o
LOAD obj/krnl/sys/ps2.o
LOAD obj/krnl/sys/io.o
LOAD obj/krnl/sys/serial.o
LOAD obj/krnl/sys/keymap.o
OUTPUT(obj/kernel.bin binary)

.comment        0x0000000000000000       0xd1
 .comment       0x0000000000000000       0x13 obj/krnl/kernel.o
 .comment       0x0000000000000013       0x13 obj/krnl/shell.o
 .comment       0x0000000000000026       0x13 obj/krnl/io.o
 .comment       0x0000000000000039       0x13 obj/krnl/string.o
 .comment       0x000000000000004c       0x13 obj/krnl/sys/lba.o
 .comment       0x000000000000005f       0x13 obj/krnl/fat.o
 .comment       0x0000000000000072       0x13 obj/krnl/malloc.o
 .comment       0x0000000000000085       0x13 obj/krnl/sys/ps2.o
 .comment       0x0000000000000098       0x13 obj/krnl/sys/io.o
 .comment       0x00000000000000ab       0x13 obj/krnl/sys/serial.o
 .comment       0x00000000000000be       0x13 obj/krnl/sys/keymap.o
