
Memory Configuration

Name             Origin             Length             Attributes
*default*        0x0000000000000000 0xffffffffffffffff

Linker script and memory map

                0x0000000000001000                . = 0x1000

.text           0x0000000000001000     0x2665
 *(.text)
 .text          0x0000000000001000       0x1c obj/krnl/link.o
                0x0000000000001000                _start
 *fill*         0x000000000000101c        0x4 
 .text          0x0000000000001020       0x1d obj/krnl/sys/pic.o
                0x0000000000001020                load_idt
                0x0000000000001028                enable_interrupts
                0x000000000000102a                keyboard_handler
                0x0000000000001033                int_handler
 *fill*         0x000000000000103d        0x3 
 .text          0x0000000000001040       0x24 obj/krnl/sys/ports.o
                0x0000000000001040                inb
                0x0000000000001046                outb
                0x0000000000001050                inw
                0x0000000000001059                outw
 .text          0x0000000000001064      0x1ec obj/krnl/kernel.o
                0x0000000000001064                handle_keyboard
                0x00000000000010ff                main
 .text          0x0000000000001250      0x718 obj/krnl/shell.o
                0x000000000000183d                shell_init
                0x000000000000187a                shell_handle_key
 .text          0x0000000000001968      0x2bd obj/krnl/io.o
                0x0000000000001968                _itoa
                0x0000000000001a36                printf
                0x0000000000001be4                puts
 .text          0x0000000000001c25      0x2df obj/krnl/string.o
                0x0000000000001c25                memset
                0x0000000000001c5f                memcpy
                0x0000000000001c7e                mempcpy
                0x0000000000001cc4                stpcpy
                0x0000000000001cf8                strcpy
                0x0000000000001d14                strcat
                0x0000000000001d41                strcmp
                0x0000000000001d91                stpncpy
                0x0000000000001ddc                strncpy
                0x0000000000001dfb                strncat
                0x0000000000001e28                strncmp
                0x0000000000001e82                strchr
                0x0000000000001ebf                strlen
                0x0000000000001ee3                strnlen
 .text          0x0000000000001f04      0x2cf obj/krnl/sys/lba.o
                0x0000000000001fa9                ata_lba_read
                0x00000000000020bc                ata_lba_write
 .text          0x00000000000021d3      0xc2e obj/krnl/fat.o
                0x00000000000021d3                clean_entry
                0x000000000000223d                init_fs
                0x00000000000023ba                format_entry
                0x000000000000241a                read_file
                0x0000000000002613                format_attrs
                0x000000000000271a                list_dir
                0x000000000000285b                fopen
                0x0000000000002983                get_nth_cluster
                0x00000000000029e0                fread
                0x0000000000002b53                fseek
                0x0000000000002baf                fclose
                0x0000000000002bca                allocate_cluster
                0x0000000000002c46                fwrite
 .text          0x0000000000002e01      0x325 obj/krnl/malloc.o
                0x0000000000002e01                init_malloc
                0x0000000000002e6d                find_empty_entry
                0x0000000000002ea8                find_entry
                0x0000000000002ee4                realloc
                0x0000000000002f81                find_up_nearest
                0x0000000000002ff9                malloc
                0x00000000000030c1                free
 .text          0x0000000000003126      0x192 obj/krnl/sys/ps2.o
                0x0000000000003126                int_handle
                0x000000000000313f                init_idt
                0x000000000000329d                kb_init
 .text          0x00000000000032b8      0x3a7 obj/krnl/sys/io.o
                0x00000000000032b8                swipeTerm
                0x00000000000033a1                update_cursor
                0x000000000000341c                newLine
                0x0000000000003470                setColor
                0x000000000000347e                putchar
                0x0000000000003528                backspace
                0x00000000000035ce                clearScreen
 .text          0x000000000000365f        0x6 obj/krnl/sys/serial.o
                0x000000000000365f                initSerial
 .text          0x0000000000003665        0x0 obj/krnl/sys/keymap.o

.data           0x0000000000003680      0x120
 *(.data)
 .data          0x0000000000003680        0x4 obj/krnl/kernel.o
                0x0000000000003680                mbr
 .data          0x0000000000003684        0x0 obj/krnl/shell.o
 .data          0x0000000000003684        0x0 obj/krnl/io.o
 .data          0x0000000000003684        0x0 obj/krnl/string.o
 .data          0x0000000000003684        0x0 obj/krnl/sys/lba.o
 .data          0x0000000000003684        0x0 obj/krnl/fat.o
 .data          0x0000000000003684        0x0 obj/krnl/malloc.o
 .data          0x0000000000003684        0x0 obj/krnl/sys/ps2.o
 .data          0x0000000000003684        0x4 obj/krnl/sys/io.o
                0x0000000000003684                color
 .data          0x0000000000003688        0x4 obj/krnl/sys/serial.o
                0x0000000000003688                coms
 *fill*         0x000000000000368c       0x14 
 .data          0x00000000000036a0      0x100 obj/krnl/sys/keymap.o
                0x00000000000036a0                keymap
                0x0000000000003720                keymap_maj

.rodata         0x00000000000037a0      0x39a
 *(.rodata)
 .rodata        0x00000000000037a0       0x91 obj/krnl/kernel.o
 *fill*         0x0000000000003831        0x3 
 .rodata        0x0000000000003834      0x281 obj/krnl/shell.o
 .rodata        0x0000000000003ab5       0x3a obj/krnl/fat.o
 *fill*         0x0000000000003aef        0x1 
 .rodata        0x0000000000003af0       0x33 obj/krnl/malloc.o
 .rodata        0x0000000000003b23       0x17 obj/krnl/sys/ps2.o

.bss            0x0000000000003b40     0x1268
 *(.bss)
 .bss           0x0000000000003b40        0x4 obj/krnl/kernel.o
 *fill*         0x0000000000003b44       0x1c 
 .bss           0x0000000000003b60      0x820 obj/krnl/shell.o
 .bss           0x0000000000004380        0x0 obj/krnl/io.o
 .bss           0x0000000000004380        0x0 obj/krnl/string.o
 .bss           0x0000000000004380        0x0 obj/krnl/sys/lba.o
 .bss           0x0000000000004380      0x214 obj/krnl/fat.o
                0x0000000000004380                bs
                0x0000000000004584                fat
                0x0000000000004588                root_entries
                0x000000000000458c                data_addr
                0x0000000000004590                bytes_per_cluster
 .bss           0x0000000000004594        0xc obj/krnl/malloc.o
                0x0000000000004594                blob_size
                0x0000000000004598                malloc_entries
                0x000000000000459c                malloc_blob
 .bss           0x00000000000045a0      0x800 obj/krnl/sys/ps2.o
                0x00000000000045a0                IDT
 .bss           0x0000000000004da0        0x8 obj/krnl/sys/io.o
                0x0000000000004da0                scr_x
                0x0000000000004da4                scr_y
 .bss           0x0000000000004da8        0x0 obj/krnl/sys/serial.o
 .bss           0x0000000000004da8        0x0 obj/krnl/sys/keymap.o
LOAD obj/krnl/link.o
LOAD obj/krnl/sys/pic.o
LOAD obj/krnl/sys/ports.o
LOAD obj/krnl/kernel.o
LOAD obj/krnl/shell.o
LOAD obj/krnl/io.o
LOAD obj/krnl/string.o
LOAD obj/krnl/sys/lba.o
LOAD obj/krnl/fat.o
LOAD obj/krnl/malloc.o
LOAD obj/krnl/sys/ps2.o
LOAD obj/krnl/sys/io.o
LOAD obj/krnl/sys/serial.o
LOAD obj/krnl/sys/keymap.o
OUTPUT(obj/kernel.bin binary)

.comment        0x0000000000000000       0xd1
 .comment       0x0000000000000000       0x13 obj/krnl/kernel.o
 .comment       0x0000000000000013       0x13 obj/krnl/shell.o
 .comment       0x0000000000000026       0x13 obj/krnl/io.o
 .comment       0x0000000000000039       0x13 obj/krnl/string.o
 .comment       0x000000000000004c       0x13 obj/krnl/sys/lba.o
 .comment       0x000000000000005f       0x13 obj/krnl/fat.o
 .comment       0x0000000000000072       0x13 obj/krnl/malloc.o
 .comment       0x0000000000000085       0x13 obj/krnl/sys/ps2.o
 .comment       0x0000000000000098       0x13 obj/krnl/sys/io.o
 .comment       0x00000000000000ab       0x13 obj/krnl/sys/serial.o
 .comment       0x00000000000000be       0x13 obj/krnl/sys/keymap.o
