
Memory Configuration

Name             Origin             Length             Attributes
*default*        0x0000000000000000 0xffffffffffffffff

Linker script and memory map

                0x0000000000001000                . = 0x1000

.text           0x0000000000001000     0x2027
 *(.text)
 .text          0x0000000000001000        0x7 obj/krnl/link.o
 *fill*         0x0000000000001007        0x9 
 .text          0x0000000000001010       0x1d obj/krnl/sys/pic.o
                0x0000000000001010                load_idt
                0x0000000000001018                enable_interrupts
                0x000000000000101a                keyboard_handler
                0x0000000000001023                int_handler
 *fill*         0x000000000000102d        0x3 
 .text          0x0000000000001030       0x24 obj/krnl/sys/ports.o
                0x0000000000001030                inb
                0x0000000000001036                outb
                0x0000000000001040                inw
                0x0000000000001049                outw
 .text          0x0000000000001054      0x3d2 obj/krnl/kernel.o
                0x0000000000001054                handle_keyboard
                0x00000000000011d0                main
 .text          0x0000000000001426      0x2bd obj/krnl/io.o
                0x0000000000001426                _itoa
                0x00000000000014f4                printf
                0x00000000000016a2                puts
 .text          0x00000000000016e3      0x2df obj/krnl/string.o
                0x00000000000016e3                memset
                0x000000000000171d                memcpy
                0x000000000000173c                mempcpy
                0x0000000000001782                stpcpy
                0x00000000000017b6                strcpy
                0x00000000000017d2                strcat
                0x00000000000017ff                strcmp
                0x000000000000184f                stpncpy
                0x000000000000189a                strncpy
                0x00000000000018b9                strncat
                0x00000000000018e6                strncmp
                0x0000000000001940                strchr
                0x000000000000197d                strlen
                0x00000000000019a1                strnlen
 .text          0x00000000000019c2      0x24a obj/krnl/sys/lba.o
                0x00000000000019c2                ata_lba_read
                0x0000000000001ae5                ata_lba_write
 .text          0x0000000000001c0c      0xc3d obj/krnl/fat.o
                0x0000000000001c0c                clean_entry
                0x0000000000001c76                init_fs
                0x0000000000001df4                format_entry
                0x0000000000001e54                read_file
                0x0000000000002051                format_attrs
                0x0000000000002158                list_dir
                0x000000000000229a                fopen
                0x00000000000023c5                get_nth_cluster
                0x0000000000002423                fread
                0x0000000000002595                fseek
                0x00000000000025f3                fclose
                0x000000000000260e                allocate_cluster
                0x000000000000268d                fwrite
 .text          0x0000000000002849      0x331 obj/krnl/malloc.o
                0x0000000000002849                init_malloc
                0x00000000000028b4                find_empty_entry
                0x00000000000028f0                find_entry
                0x000000000000292d                realloc
                0x00000000000029cb                find_up_nearest
                0x0000000000002a46                malloc
                0x0000000000002b12                free
 .text          0x0000000000002b7a      0x191 obj/krnl/sys/ps2.o
                0x0000000000002b7a                int_handle
                0x0000000000002b92                init_idt
                0x0000000000002cf0                kb_init
 .text          0x0000000000002d0b      0x316 obj/krnl/sys/io.o
                0x0000000000002d0b                swipeTerm
                0x0000000000002df4                update_cursor
                0x0000000000002e6f                newLine
                0x0000000000002ec3                setColor
                0x0000000000002ed1                putchar
                0x0000000000002f7b                backspace
 .text          0x0000000000003021        0x6 obj/krnl/sys/serial.o
                0x0000000000003021                initSerial

.data           0x0000000000003040      0x10c
 *(.data)
 .data          0x0000000000003040      0x104 obj/krnl/kernel.o
                0x0000000000003040                keymap
                0x00000000000030c0                keymap_maj
                0x0000000000003140                mbr
 .data          0x0000000000003144        0x0 obj/krnl/io.o
 .data          0x0000000000003144        0x0 obj/krnl/string.o
 .data          0x0000000000003144        0x0 obj/krnl/sys/lba.o
 .data          0x0000000000003144        0x0 obj/krnl/fat.o
 .data          0x0000000000003144        0x0 obj/krnl/malloc.o
 .data          0x0000000000003144        0x0 obj/krnl/sys/ps2.o
 .data          0x0000000000003144        0x4 obj/krnl/sys/io.o
                0x0000000000003144                color
 .data          0x0000000000003148        0x4 obj/krnl/sys/serial.o
                0x0000000000003148                coms

.rodata         0x000000000000314c      0x16a
 *(.rodata)
 .rodata        0x000000000000314c       0xe5 obj/krnl/kernel.o
 .rodata        0x0000000000003231       0x3a obj/krnl/fat.o
 *fill*         0x000000000000326b        0x1 
 .rodata        0x000000000000326c       0x33 obj/krnl/malloc.o
 .rodata        0x000000000000329f       0x17 obj/krnl/sys/ps2.o

.bss            0x00000000000032c0      0xe48
 *(.bss)
 .bss           0x00000000000032c0      0x420 obj/krnl/kernel.o
                0x00000000000032c0                is_shift
                0x00000000000032c4                cmd_len
                0x00000000000032e0                cmd
 .bss           0x00000000000036e0        0x0 obj/krnl/io.o
 .bss           0x00000000000036e0        0x0 obj/krnl/string.o
 .bss           0x00000000000036e0        0x0 obj/krnl/sys/lba.o
 .bss           0x00000000000036e0      0x214 obj/krnl/fat.o
                0x00000000000036e0                bs
                0x00000000000038e4                fat
                0x00000000000038e8                root_entries
                0x00000000000038ec                data_addr
                0x00000000000038f0                bytes_per_cluster
 .bss           0x00000000000038f4        0xc obj/krnl/malloc.o
                0x00000000000038f4                blob_size
                0x00000000000038f8                malloc_entries
                0x00000000000038fc                malloc_blob
 .bss           0x0000000000003900      0x800 obj/krnl/sys/ps2.o
                0x0000000000003900                IDT
 .bss           0x0000000000004100        0x8 obj/krnl/sys/io.o
                0x0000000000004100                scr_x
                0x0000000000004104                scr_y
 .bss           0x0000000000004108        0x0 obj/krnl/sys/serial.o
LOAD obj/krnl/link.o
LOAD obj/krnl/sys/pic.o
LOAD obj/krnl/sys/ports.o
LOAD obj/krnl/kernel.o
LOAD obj/krnl/io.o
LOAD obj/krnl/string.o
LOAD obj/krnl/sys/lba.o
LOAD obj/krnl/fat.o
LOAD obj/krnl/malloc.o
LOAD obj/krnl/sys/ps2.o
LOAD obj/krnl/sys/io.o
LOAD obj/krnl/sys/serial.o
OUTPUT(obj/kernel.bin binary)

.comment        0x0000000000000000       0xab
 .comment       0x0000000000000000       0x13 obj/krnl/kernel.o
 .comment       0x0000000000000013       0x13 obj/krnl/io.o
 .comment       0x0000000000000026       0x13 obj/krnl/string.o
 .comment       0x0000000000000039       0x13 obj/krnl/sys/lba.o
 .comment       0x000000000000004c       0x13 obj/krnl/fat.o
 .comment       0x000000000000005f       0x13 obj/krnl/malloc.o
 .comment       0x0000000000000072       0x13 obj/krnl/sys/ps2.o
 .comment       0x0000000000000085       0x13 obj/krnl/sys/io.o
 .comment       0x0000000000000098       0x13 obj/krnl/sys/serial.o
