
Memory Configuration

Name             Origin             Length             Attributes
*default*        0x0000000000000000 0xffffffffffffffff

Linker script and memory map

                0x0000000000001000                . = 0x1000

.text           0x0000000000001000     0x270b
 *(.text)
 .text          0x0000000000001000       0x1c obj/krnl/link.o
                0x0000000000001000                _start
 *fill*         0x000000000000101c        0x4 
 .text          0x0000000000001020       0x1d obj/krnl/sys/pic.o
                0x0000000000001020                load_idt
                0x0000000000001028                enable_interrupts
                0x000000000000102a                keyboard_handler
                0x0000000000001033                int_handler
 *fill*         0x000000000000103d        0x3 
 .text          0x0000000000001040       0x24 obj/krnl/sys/ports.o
                0x0000000000001040                inb
                0x0000000000001046                outb
                0x0000000000001050                inw
                0x0000000000001059                outw
 .text          0x0000000000001064      0x1ec obj/krnl/kernel.o
                0x0000000000001064                handle_keyboard
                0x00000000000010ff                main
 .text          0x0000000000001250      0x718 obj/krnl/shell.o
                0x000000000000183d                shell_init
                0x000000000000187a                shell_handle_key
 .text          0x0000000000001968      0x2bd obj/krnl/io.o
                0x0000000000001968                _itoa
                0x0000000000001a36                printf
                0x0000000000001be4                puts
 .text          0x0000000000001c25      0x2df obj/krnl/string.o
                0x0000000000001c25                memset
                0x0000000000001c5f                memcpy
                0x0000000000001c7e                mempcpy
                0x0000000000001cc4                stpcpy
                0x0000000000001cf8                strcpy
                0x0000000000001d14                strcat
                0x0000000000001d41                strcmp
                0x0000000000001d91                stpncpy
                0x0000000000001ddc                strncpy
                0x0000000000001dfb                strncat
                0x0000000000001e28                strncmp
                0x0000000000001e82                strchr
                0x0000000000001ebf                strlen
                0x0000000000001ee3                strnlen
 .text          0x0000000000001f04      0x24a obj/krnl/sys/lba.o
                0x0000000000001f04                ata_lba_read
                0x0000000000002027                ata_lba_write
 .text          0x000000000000214e      0xd59 obj/krnl/fat.o
                0x000000000000214e                clean_entry
                0x00000000000021b8                init_fs
                0x0000000000002460                format_entry
                0x00000000000024c0                read_file
                0x00000000000026b9                format_attrs
                0x00000000000027c0                list_dir
                0x0000000000002901                fopen
                0x0000000000002a29                get_nth_cluster
                0x0000000000002a86                fread
                0x0000000000002bf9                fseek
                0x0000000000002c55                fclose
                0x0000000000002c70                allocate_cluster
                0x0000000000002cec                fwrite
 .text          0x0000000000002ea7      0x325 obj/krnl/malloc.o
                0x0000000000002ea7                init_malloc
                0x0000000000002f13                find_empty_entry
                0x0000000000002f4e                find_entry
                0x0000000000002f8a                realloc
                0x0000000000003027                find_up_nearest
                0x000000000000309f                malloc
                0x0000000000003167                free
 .text          0x00000000000031cc      0x192 obj/krnl/sys/ps2.o
                0x00000000000031cc                int_handle
                0x00000000000031e5                init_idt
                0x0000000000003343                kb_init
 .text          0x000000000000335e      0x3a7 obj/krnl/sys/io.o
                0x000000000000335e                swipeTerm
                0x0000000000003447                update_cursor
                0x00000000000034c2                newLine
                0x0000000000003516                setColor
                0x0000000000003524                putchar
                0x00000000000035ce                backspace
                0x0000000000003674                clearScreen
 .text          0x0000000000003705        0x6 obj/krnl/sys/serial.o
                0x0000000000003705                initSerial
 .text          0x000000000000370b        0x0 obj/krnl/sys/keymap.o

.data           0x0000000000003720      0x120
 *(.data)
 .data          0x0000000000003720        0x4 obj/krnl/kernel.o
                0x0000000000003720                mbr
 .data          0x0000000000003724        0x0 obj/krnl/shell.o
 .data          0x0000000000003724        0x0 obj/krnl/io.o
 .data          0x0000000000003724        0x0 obj/krnl/string.o
 .data          0x0000000000003724        0x0 obj/krnl/sys/lba.o
 .data          0x0000000000003724        0x0 obj/krnl/fat.o
 .data          0x0000000000003724        0x0 obj/krnl/malloc.o
 .data          0x0000000000003724        0x0 obj/krnl/sys/ps2.o
 .data          0x0000000000003724        0x4 obj/krnl/sys/io.o
                0x0000000000003724                color
 .data          0x0000000000003728        0x4 obj/krnl/sys/serial.o
                0x0000000000003728                coms
 *fill*         0x000000000000372c       0x14 
 .data          0x0000000000003740      0x100 obj/krnl/sys/keymap.o
                0x0000000000003740                keymap
                0x00000000000037c0                keymap_maj

.rodata         0x0000000000003840      0x3ce
 *(.rodata)
 .rodata        0x0000000000003840       0x91 obj/krnl/kernel.o
 *fill*         0x00000000000038d1        0x3 
 .rodata        0x00000000000038d4      0x281 obj/krnl/shell.o
 *fill*         0x0000000000003b55        0x3 
 .rodata        0x0000000000003b58       0x69 obj/krnl/fat.o
 *fill*         0x0000000000003bc1        0x3 
 .rodata        0x0000000000003bc4       0x33 obj/krnl/malloc.o
 .rodata        0x0000000000003bf7       0x17 obj/krnl/sys/ps2.o

.bss            0x0000000000003c20     0x1268
 *(.bss)
 .bss           0x0000000000003c20        0x4 obj/krnl/kernel.o
 *fill*         0x0000000000003c24       0x1c 
 .bss           0x0000000000003c40      0x820 obj/krnl/shell.o
 .bss           0x0000000000004460        0x0 obj/krnl/io.o
 .bss           0x0000000000004460        0x0 obj/krnl/string.o
 .bss           0x0000000000004460        0x0 obj/krnl/sys/lba.o
 .bss           0x0000000000004460      0x214 obj/krnl/fat.o
                0x0000000000004460                bs
                0x0000000000004664                fat
                0x0000000000004668                root_entries
                0x000000000000466c                data_addr
                0x0000000000004670                bytes_per_cluster
 .bss           0x0000000000004674        0xc obj/krnl/malloc.o
                0x0000000000004674                blob_size
                0x0000000000004678                malloc_entries
                0x000000000000467c                malloc_blob
 .bss           0x0000000000004680      0x800 obj/krnl/sys/ps2.o
                0x0000000000004680                IDT
 .bss           0x0000000000004e80        0x8 obj/krnl/sys/io.o
                0x0000000000004e80                scr_x
                0x0000000000004e84                scr_y
 .bss           0x0000000000004e88        0x0 obj/krnl/sys/serial.o
 .bss           0x0000000000004e88        0x0 obj/krnl/sys/keymap.o
LOAD obj/krnl/link.o
LOAD obj/krnl/sys/pic.o
LOAD obj/krnl/sys/ports.o
LOAD obj/krnl/kernel.o
LOAD obj/krnl/shell.o
LOAD obj/krnl/io.o
LOAD obj/krnl/string.o
LOAD obj/krnl/sys/lba.o
LOAD obj/krnl/fat.o
LOAD obj/krnl/malloc.o
LOAD obj/krnl/sys/ps2.o
LOAD obj/krnl/sys/io.o
LOAD obj/krnl/sys/serial.o
LOAD obj/krnl/sys/keymap.o
OUTPUT(obj/kernel.bin binary)

.comment        0x0000000000000000       0xd1
 .comment       0x0000000000000000       0x13 obj/krnl/kernel.o
 .comment       0x0000000000000013       0x13 obj/krnl/shell.o
 .comment       0x0000000000000026       0x13 obj/krnl/io.o
 .comment       0x0000000000000039       0x13 obj/krnl/string.o
 .comment       0x000000000000004c       0x13 obj/krnl/sys/lba.o
 .comment       0x000000000000005f       0x13 obj/krnl/fat.o
 .comment       0x0000000000000072       0x13 obj/krnl/malloc.o
 .comment       0x0000000000000085       0x13 obj/krnl/sys/ps2.o
 .comment       0x0000000000000098       0x13 obj/krnl/sys/io.o
 .comment       0x00000000000000ab       0x13 obj/krnl/sys/serial.o
 .comment       0x00000000000000be       0x13 obj/krnl/sys/keymap.o
