
Memory Configuration

Name             Origin             Length             Attributes
*default*        0x0000000000000000 0xffffffffffffffff

Linker script and memory map

                0x0000000000001000                . = 0x1000

.text           0x0000000000001000     0x2d80
 *(.text)
 .text          0x0000000000001000       0x30 obj/krnl/link.o
                0x0000000000001000                _start
 .text          0x0000000000001030       0x96 obj/krnl/sys/pic.o
                0x0000000000001030                load_idt
                0x0000000000001038                enable_interrupts
                0x000000000000103a                keyboard_handler
                0x0000000000001043                int_handler
                0x000000000000105c                isr0
                0x0000000000001062                isr1
                0x0000000000001068                isr2
                0x000000000000106e                isr3
                0x0000000000001074                isr4
                0x000000000000107a                isr5
                0x0000000000001080                isr6
                0x0000000000001086                isr7
                0x000000000000108c                isr8
                0x0000000000001090                isr9
                0x0000000000001096                isr10
                0x000000000000109a                isr11
                0x000000000000109e                isr12
                0x00000000000010a2                isr13
                0x00000000000010a6                isr14
                0x00000000000010aa                isr15
                0x00000000000010b0                isr16
                0x00000000000010b6                isr17
                0x00000000000010ba                isr18
                0x00000000000010c0                isr19
 *fill*         0x00000000000010c6        0xa 
 .text          0x00000000000010d0       0x34 obj/krnl/sys/ports.o
                0x00000000000010d0                inb
                0x00000000000010d6                outb
                0x00000000000010e0                inw
                0x00000000000010e9                outw
                0x00000000000010f4                inl
                0x00000000000010fa                outl
 .text          0x0000000000001104      0x232 obj/krnl/kernel.o
                0x0000000000001104                handle_keyboard
                0x000000000000119f                main
 .text          0x0000000000001336      0x77d obj/krnl/shell.o
                0x0000000000001988                shell_init
                0x00000000000019c5                shell_handle_key
 .text          0x0000000000001ab3      0x324 obj/krnl/io.o
                0x0000000000001ab3                _itoa
                0x0000000000001b98                printf
                0x0000000000001d96                puts
 .text          0x0000000000001dd7      0x2df obj/krnl/string.o
                0x0000000000001dd7                memset
                0x0000000000001e11                memcpy
                0x0000000000001e30                mempcpy
                0x0000000000001e76                stpcpy
                0x0000000000001eaa                strcpy
                0x0000000000001ec6                strcat
                0x0000000000001ef3                strcmp
                0x0000000000001f43                stpncpy
                0x0000000000001f8e                strncpy
                0x0000000000001fad                strncat
                0x0000000000001fda                strncmp
                0x0000000000002034                strchr
                0x0000000000002071                strlen
                0x0000000000002095                strnlen
 .text          0x00000000000020b6      0x3b2 obj/krnl/sys/lba.o
                0x00000000000021cb                ata_lba_read
                0x000000000000231a                ata_lba_write
 .text          0x0000000000002468       0xcd obj/krnl/sys/paging.o
                0x0000000000002468                init_paging
                0x0000000000002511                enable_paging
 .text          0x0000000000002535      0xd24 obj/krnl/fat.o
                0x000000000000259f                init_fs
                0x00000000000027d7                read_file
                0x0000000000002adc                list_dir
                0x0000000000002c1f                fopen
                0x0000000000002db1                fread
                0x0000000000002f29                fseek
                0x0000000000002f85                fclose
                0x0000000000003020                fwrite
 .text          0x0000000000003259      0x325 obj/krnl/malloc.o
                0x0000000000003259                init_malloc
                0x00000000000032c5                find_empty_entry
                0x0000000000003300                find_entry
                0x000000000000333c                realloc
                0x00000000000033d9                find_up_nearest
                0x0000000000003451                malloc
                0x0000000000003519                free
 .text          0x000000000000357e      0x276 obj/krnl/sys/ps2.o
                0x000000000000357e                isr_handle
                0x00000000000035fb                int_handle
                0x0000000000003614                init_idt
                0x00000000000037d9                kb_init
 .text          0x00000000000037f4      0x3a7 obj/krnl/sys/io.o
                0x00000000000037f4                swipeTerm
                0x00000000000038dd                update_cursor
                0x0000000000003958                newLine
                0x00000000000039ac                setColor
                0x00000000000039ba                putchar
                0x0000000000003a64                backspace
                0x0000000000003b0a                clearScreen
 .text          0x0000000000003b9b      0x1e5 obj/krnl/sys/serial.o
                0x0000000000003b9b                initSerial
                0x0000000000003cb7                writeSerial
                0x0000000000003d03                readSerial
                0x0000000000003d43                serialString
 .text          0x0000000000003d80        0x0 obj/krnl/sys/keymap.o

.data           0x0000000000003d80      0x200
 *(.data)
 .data          0x0000000000003d80        0x4 obj/krnl/kernel.o
                0x0000000000003d80                mbr
 .data          0x0000000000003d84        0x0 obj/krnl/shell.o
 .data          0x0000000000003d84        0x0 obj/krnl/io.o
 .data          0x0000000000003d84        0x0 obj/krnl/string.o
 .data          0x0000000000003d84        0x0 obj/krnl/sys/lba.o
 .data          0x0000000000003d84        0x0 obj/krnl/sys/paging.o
 .data          0x0000000000003d84        0x0 obj/krnl/fat.o
 .data          0x0000000000003d84        0x0 obj/krnl/malloc.o
 *fill*         0x0000000000003d84       0x1c 
 .data          0x0000000000003da0       0xb0 obj/krnl/sys/ps2.o
                0x0000000000003da0                int_table
 .data          0x0000000000003e50        0x4 obj/krnl/sys/io.o
                0x0000000000003e50                color
 .data          0x0000000000003e54       0x18 obj/krnl/sys/serial.o
                0x0000000000003e54                coms_table
                0x0000000000003e5c                lpts_table
                0x0000000000003e64                coms
                0x0000000000003e68                lpts
 *fill*         0x0000000000003e6c       0x14 
 .data          0x0000000000003e80      0x100 obj/krnl/sys/keymap.o
                0x0000000000003e80                keymap
                0x0000000000003f00                keymap_maj

.rodata         0x0000000000003f80      0x54e
 *(.rodata)
 .rodata        0x0000000000003f80       0x7d obj/krnl/kernel.o
 *fill*         0x0000000000003ffd        0x3 
 .rodata        0x0000000000004000      0x2ed obj/krnl/shell.o
 .rodata        0x00000000000042ed       0x3a obj/krnl/fat.o
 *fill*         0x0000000000004327        0x1 
 .rodata        0x0000000000004328       0x33 obj/krnl/malloc.o
 *fill*         0x000000000000435b        0x1 
 .rodata        0x000000000000435c      0x172 obj/krnl/sys/ps2.o
                0x0000000000200000                . = 0x200000

.bss            0x0000000000200000   0x402848
                0x0000000000200000                _bss_start = .
 *(.bss)
 .bss           0x0000000000200000        0x4 obj/krnl/kernel.o
 *fill*         0x0000000000200004       0x1c 
 .bss           0x0000000000200020      0x820 obj/krnl/shell.o
 .bss           0x0000000000200840        0x0 obj/krnl/io.o
 .bss           0x0000000000200840        0x0 obj/krnl/string.o
 .bss           0x0000000000200840        0x0 obj/krnl/sys/lba.o
 *fill*         0x0000000000200840      0x7c0 
 .bss           0x0000000000201000   0x401000 obj/krnl/sys/paging.o
                0x0000000000201000                page_directory
                0x0000000000202000                page_tables
 .bss           0x0000000000602000       0x1c obj/krnl/fat.o
 .bss           0x000000000060201c        0xc obj/krnl/malloc.o
                0x000000000060201c                blob_size
                0x0000000000602020                malloc_entries
                0x0000000000602024                malloc_blob
 *fill*         0x0000000000602028       0x18 
 .bss           0x0000000000602040      0x800 obj/krnl/sys/ps2.o
                0x0000000000602040                IDT
 .bss           0x0000000000602840        0x8 obj/krnl/sys/io.o
                0x0000000000602840                scr_x
                0x0000000000602844                scr_y
 .bss           0x0000000000602848        0x0 obj/krnl/sys/serial.o
 .bss           0x0000000000602848        0x0 obj/krnl/sys/keymap.o
 *(COMMON)
                0x0000000000602848                _bss_end = .
LOAD obj/krnl/link.o
LOAD obj/krnl/sys/pic.o
LOAD obj/krnl/sys/ports.o
LOAD obj/krnl/kernel.o
LOAD obj/krnl/shell.o
LOAD obj/krnl/io.o
LOAD obj/krnl/string.o
LOAD obj/krnl/sys/lba.o
LOAD obj/krnl/sys/paging.o
LOAD obj/krnl/fat.o
LOAD obj/krnl/malloc.o
LOAD obj/krnl/sys/ps2.o
LOAD obj/krnl/sys/io.o
LOAD obj/krnl/sys/serial.o
LOAD obj/krnl/sys/keymap.o
OUTPUT(obj/kernel.bin binary)

.comment        0x0000000000000000       0xe4
 .comment       0x0000000000000000       0x13 obj/krnl/kernel.o
 .comment       0x0000000000000013       0x13 obj/krnl/shell.o
 .comment       0x0000000000000026       0x13 obj/krnl/io.o
 .comment       0x0000000000000039       0x13 obj/krnl/string.o
 .comment       0x000000000000004c       0x13 obj/krnl/sys/lba.o
 .comment       0x000000000000005f       0x13 obj/krnl/sys/paging.o
 .comment       0x0000000000000072       0x13 obj/krnl/fat.o
 .comment       0x0000000000000085       0x13 obj/krnl/malloc.o
 .comment       0x0000000000000098       0x13 obj/krnl/sys/ps2.o
 .comment       0x00000000000000ab       0x13 obj/krnl/sys/io.o
 .comment       0x00000000000000be       0x13 obj/krnl/sys/serial.o
 .comment       0x00000000000000d1       0x13 obj/krnl/sys/keymap.o
