
Memory Configuration

Name             Origin             Length             Attributes
*default*        0x0000000000000000 0xffffffffffffffff

Linker script and memory map

                0x0000000000001000                . = 0x1000

.text           0x0000000000001000     0x2d1c
 *(.text)
 .text          0x0000000000001000       0x30 obj/krnl/link.o
                0x0000000000001000                _start
 .text          0x0000000000001030       0x96 obj/krnl/sys/pic.o
                0x0000000000001030                load_idt
                0x0000000000001038                enable_interrupts
                0x000000000000103a                keyboard_handler
                0x0000000000001043                int_handler
                0x000000000000105c                isr0
                0x0000000000001062                isr1
                0x0000000000001068                isr2
                0x000000000000106e                isr3
                0x0000000000001074                isr4
                0x000000000000107a                isr5
                0x0000000000001080                isr6
                0x0000000000001086                isr7
                0x000000000000108c                isr8
                0x0000000000001090                isr9
                0x0000000000001096                isr10
                0x000000000000109a                isr11
                0x000000000000109e                isr12
                0x00000000000010a2                isr13
                0x00000000000010a6                isr14
                0x00000000000010aa                isr15
                0x00000000000010b0                isr16
                0x00000000000010b6                isr17
                0x00000000000010ba                isr18
                0x00000000000010c0                isr19
 *fill*         0x00000000000010c6        0xa 
 .text          0x00000000000010d0       0x34 obj/krnl/sys/ports.o
                0x00000000000010d0                inb
                0x00000000000010d6                outb
                0x00000000000010e0                inw
                0x00000000000010e9                outw
                0x00000000000010f4                inl
                0x00000000000010fa                outl
 .text          0x0000000000001104      0x21f obj/krnl/kernel.o
                0x0000000000001104                handle_keyboard
                0x000000000000119f                main
 .text          0x0000000000001323      0x77d obj/krnl/shell.o
                0x0000000000001975                shell_init
                0x00000000000019b2                shell_handle_key
 .text          0x0000000000001aa0      0x324 obj/krnl/io.o
                0x0000000000001aa0                _itoa
                0x0000000000001b85                printf
                0x0000000000001d83                puts
 .text          0x0000000000001dc4      0x2df obj/krnl/string.o
                0x0000000000001dc4                memset
                0x0000000000001dfe                memcpy
                0x0000000000001e1d                mempcpy
                0x0000000000001e63                stpcpy
                0x0000000000001e97                strcpy
                0x0000000000001eb3                strcat
                0x0000000000001ee0                strcmp
                0x0000000000001f30                stpncpy
                0x0000000000001f7b                strncpy
                0x0000000000001f9a                strncat
                0x0000000000001fc7                strncmp
                0x0000000000002021                strchr
                0x000000000000205e                strlen
                0x0000000000002082                strnlen
 .text          0x00000000000020a3      0x3b2 obj/krnl/sys/lba.o
                0x00000000000021b8                ata_lba_read
                0x0000000000002307                ata_lba_write
 .text          0x0000000000002455       0xcd obj/krnl/sys/paging.o
                0x0000000000002455                init_paging
                0x00000000000024fe                enable_paging
 .text          0x0000000000002522      0xd24 obj/krnl/fat.o
                0x000000000000258c                init_fs
                0x00000000000027c4                read_file
                0x0000000000002ac9                list_dir
                0x0000000000002c0c                fopen
                0x0000000000002d9e                fread
                0x0000000000002f16                fseek
                0x0000000000002f72                fclose
                0x000000000000300d                fwrite
 .text          0x0000000000003246      0x325 obj/krnl/malloc.o
                0x0000000000003246                init_malloc
                0x00000000000032b2                find_empty_entry
                0x00000000000032ed                find_entry
                0x0000000000003329                realloc
                0x00000000000033c6                find_up_nearest
                0x000000000000343e                malloc
                0x0000000000003506                free
 .text          0x000000000000356b      0x225 obj/krnl/sys/ps2.o
                0x000000000000356b                isr_handle
                0x0000000000003597                int_handle
                0x00000000000035b0                init_idt
                0x0000000000003775                kb_init
 .text          0x0000000000003790      0x3a7 obj/krnl/sys/io.o
                0x0000000000003790                swipeTerm
                0x0000000000003879                update_cursor
                0x00000000000038f4                newLine
                0x0000000000003948                setColor
                0x0000000000003956                putchar
                0x0000000000003a00                backspace
                0x0000000000003aa6                clearScreen
 .text          0x0000000000003b37      0x1e5 obj/krnl/sys/serial.o
                0x0000000000003b37                initSerial
                0x0000000000003c53                writeSerial
                0x0000000000003c9f                readSerial
                0x0000000000003cdf                serialString
 .text          0x0000000000003d1c        0x0 obj/krnl/sys/keymap.o

.data           0x0000000000003d20      0x1a0
 *(.data)
 .data          0x0000000000003d20        0x4 obj/krnl/kernel.o
                0x0000000000003d20                mbr
 .data          0x0000000000003d24        0x0 obj/krnl/shell.o
 .data          0x0000000000003d24        0x0 obj/krnl/io.o
 .data          0x0000000000003d24        0x0 obj/krnl/string.o
 .data          0x0000000000003d24        0x0 obj/krnl/sys/lba.o
 .data          0x0000000000003d24        0x0 obj/krnl/sys/paging.o
 .data          0x0000000000003d24        0x0 obj/krnl/fat.o
 .data          0x0000000000003d24        0x0 obj/krnl/malloc.o
 *fill*         0x0000000000003d24       0x1c 
 .data          0x0000000000003d40       0x50 obj/krnl/sys/ps2.o
                0x0000000000003d40                int_table
 .data          0x0000000000003d90        0x4 obj/krnl/sys/io.o
                0x0000000000003d90                color
 .data          0x0000000000003d94       0x18 obj/krnl/sys/serial.o
                0x0000000000003d94                coms_table
                0x0000000000003d9c                lpts_table
                0x0000000000003da4                coms
                0x0000000000003da8                lpts
 *fill*         0x0000000000003dac       0x14 
 .data          0x0000000000003dc0      0x100 obj/krnl/sys/keymap.o
                0x0000000000003dc0                keymap
                0x0000000000003e40                keymap_maj

.rodata         0x0000000000003ec0      0x412
 *(.rodata)
 .rodata        0x0000000000003ec0       0x7d obj/krnl/kernel.o
 *fill*         0x0000000000003f3d        0x3 
 .rodata        0x0000000000003f40      0x2ed obj/krnl/shell.o
 .rodata        0x000000000000422d       0x3a obj/krnl/fat.o
 *fill*         0x0000000000004267        0x1 
 .rodata        0x0000000000004268       0x33 obj/krnl/malloc.o
 *fill*         0x000000000000429b        0x1 
 .rodata        0x000000000000429c       0x36 obj/krnl/sys/ps2.o
                0x0000000000020000                . = 0x20000

.bss            0x0000000000020000   0x402848
                0x0000000000020000                _bss_start = .
 *(.bss)
 .bss           0x0000000000020000        0x4 obj/krnl/kernel.o
 *fill*         0x0000000000020004       0x1c 
 .bss           0x0000000000020020      0x820 obj/krnl/shell.o
 .bss           0x0000000000020840        0x0 obj/krnl/io.o
 .bss           0x0000000000020840        0x0 obj/krnl/string.o
 .bss           0x0000000000020840        0x0 obj/krnl/sys/lba.o
 *fill*         0x0000000000020840      0x7c0 
 .bss           0x0000000000021000   0x401000 obj/krnl/sys/paging.o
                0x0000000000021000                page_directory
                0x0000000000022000                page_tables
 .bss           0x0000000000422000       0x1c obj/krnl/fat.o
 .bss           0x000000000042201c        0xc obj/krnl/malloc.o
                0x000000000042201c                blob_size
                0x0000000000422020                malloc_entries
                0x0000000000422024                malloc_blob
 *fill*         0x0000000000422028       0x18 
 .bss           0x0000000000422040      0x800 obj/krnl/sys/ps2.o
                0x0000000000422040                IDT
 .bss           0x0000000000422840        0x8 obj/krnl/sys/io.o
                0x0000000000422840                scr_x
                0x0000000000422844                scr_y
 .bss           0x0000000000422848        0x0 obj/krnl/sys/serial.o
 .bss           0x0000000000422848        0x0 obj/krnl/sys/keymap.o
 *(COMMON)
                0x0000000000422848                _bss_end = .
LOAD obj/krnl/link.o
LOAD obj/krnl/sys/pic.o
LOAD obj/krnl/sys/ports.o
LOAD obj/krnl/kernel.o
LOAD obj/krnl/shell.o
LOAD obj/krnl/io.o
LOAD obj/krnl/string.o
LOAD obj/krnl/sys/lba.o
LOAD obj/krnl/sys/paging.o
LOAD obj/krnl/fat.o
LOAD obj/krnl/malloc.o
LOAD obj/krnl/sys/ps2.o
LOAD obj/krnl/sys/io.o
LOAD obj/krnl/sys/serial.o
LOAD obj/krnl/sys/keymap.o
OUTPUT(obj/kernel.bin binary)

.comment        0x0000000000000000       0xe4
 .comment       0x0000000000000000       0x13 obj/krnl/kernel.o
 .comment       0x0000000000000013       0x13 obj/krnl/shell.o
 .comment       0x0000000000000026       0x13 obj/krnl/io.o
 .comment       0x0000000000000039       0x13 obj/krnl/string.o
 .comment       0x000000000000004c       0x13 obj/krnl/sys/lba.o
 .comment       0x000000000000005f       0x13 obj/krnl/sys/paging.o
 .comment       0x0000000000000072       0x13 obj/krnl/fat.o
 .comment       0x0000000000000085       0x13 obj/krnl/malloc.o
 .comment       0x0000000000000098       0x13 obj/krnl/sys/ps2.o
 .comment       0x00000000000000ab       0x13 obj/krnl/sys/io.o
 .comment       0x00000000000000be       0x13 obj/krnl/sys/serial.o
 .comment       0x00000000000000d1       0x13 obj/krnl/sys/keymap.o
