
Memory Configuration

Name             Origin             Length             Attributes
*default*        0x0000000000000000 0xffffffffffffffff

Linker script and memory map

                0x0000000000001000                . = 0x1000

.text           0x0000000000001000     0x2cc0
 *(.text)
 .text          0x0000000000001000       0x1c obj/krnl/link.o
                0x0000000000001000                _start
 *fill*         0x000000000000101c        0x4 
 .text          0x0000000000001020       0x96 obj/krnl/sys/pic.o
                0x0000000000001020                load_idt
                0x0000000000001028                enable_interrupts
                0x000000000000102a                keyboard_handler
                0x0000000000001033                int_handler
                0x000000000000104c                isr0
                0x0000000000001052                isr1
                0x0000000000001058                isr2
                0x000000000000105e                isr3
                0x0000000000001064                isr4
                0x000000000000106a                isr5
                0x0000000000001070                isr6
                0x0000000000001076                isr7
                0x000000000000107c                isr8
                0x0000000000001080                isr9
                0x0000000000001086                isr10
                0x000000000000108a                isr11
                0x000000000000108e                isr12
                0x0000000000001092                isr13
                0x0000000000001096                isr14
                0x000000000000109a                isr15
                0x00000000000010a0                isr16
                0x00000000000010a6                isr17
                0x00000000000010aa                isr18
                0x00000000000010b0                isr19
 *fill*         0x00000000000010b6        0xa 
 .text          0x00000000000010c0       0x34 obj/krnl/sys/ports.o
                0x00000000000010c0                inb
                0x00000000000010c6                outb
                0x00000000000010d0                inw
                0x00000000000010d9                outw
                0x00000000000010e4                inl
                0x00000000000010ea                outl
 .text          0x00000000000010f4      0x216 obj/krnl/kernel.o
                0x00000000000010f4                handle_keyboard
                0x000000000000118f                main
 .text          0x000000000000130a      0x77d obj/krnl/shell.o
                0x000000000000195c                shell_init
                0x0000000000001999                shell_handle_key
 .text          0x0000000000001a87      0x324 obj/krnl/io.o
                0x0000000000001a87                _itoa
                0x0000000000001b6c                printf
                0x0000000000001d6a                puts
 .text          0x0000000000001dab      0x2df obj/krnl/string.o
                0x0000000000001dab                memset
                0x0000000000001de5                memcpy
                0x0000000000001e04                mempcpy
                0x0000000000001e4a                stpcpy
                0x0000000000001e7e                strcpy
                0x0000000000001e9a                strcat
                0x0000000000001ec7                strcmp
                0x0000000000001f17                stpncpy
                0x0000000000001f62                strncpy
                0x0000000000001f81                strncat
                0x0000000000001fae                strncmp
                0x0000000000002008                strchr
                0x0000000000002045                strlen
                0x0000000000002069                strnlen
 .text          0x000000000000208a      0x3b2 obj/krnl/sys/lba.o
                0x000000000000219f                ata_lba_read
                0x00000000000022ee                ata_lba_write
 .text          0x000000000000243c       0x8a obj/krnl/sys/paging.o
                0x000000000000243c                init_paging
                0x00000000000024a2                enable_paging
 .text          0x00000000000024c6      0xd24 obj/krnl/fat.o
                0x0000000000002530                init_fs
                0x0000000000002768                read_file
                0x0000000000002a6d                list_dir
                0x0000000000002bb0                fopen
                0x0000000000002d42                fread
                0x0000000000002eba                fseek
                0x0000000000002f16                fclose
                0x0000000000002fb1                fwrite
 .text          0x00000000000031ea      0x325 obj/krnl/malloc.o
                0x00000000000031ea                init_malloc
                0x0000000000003256                find_empty_entry
                0x0000000000003291                find_entry
                0x00000000000032cd                realloc
                0x000000000000336a                find_up_nearest
                0x00000000000033e2                malloc
                0x00000000000034aa                free
 .text          0x000000000000350f      0x225 obj/krnl/sys/ps2.o
                0x000000000000350f                isr_handle
                0x000000000000353b                int_handle
                0x0000000000003554                init_idt
                0x0000000000003719                kb_init
 .text          0x0000000000003734      0x3a7 obj/krnl/sys/io.o
                0x0000000000003734                swipeTerm
                0x000000000000381d                update_cursor
                0x0000000000003898                newLine
                0x00000000000038ec                setColor
                0x00000000000038fa                putchar
                0x00000000000039a4                backspace
                0x0000000000003a4a                clearScreen
 .text          0x0000000000003adb      0x1e5 obj/krnl/sys/serial.o
                0x0000000000003adb                initSerial
                0x0000000000003bf7                writeSerial
                0x0000000000003c43                readSerial
                0x0000000000003c83                serialString
 .text          0x0000000000003cc0        0x0 obj/krnl/sys/keymap.o

.data           0x0000000000003cc0      0x1a0
 *(.data)
 .data          0x0000000000003cc0        0x4 obj/krnl/kernel.o
                0x0000000000003cc0                mbr
 .data          0x0000000000003cc4        0x0 obj/krnl/shell.o
 .data          0x0000000000003cc4        0x0 obj/krnl/io.o
 .data          0x0000000000003cc4        0x0 obj/krnl/string.o
 .data          0x0000000000003cc4        0x0 obj/krnl/sys/lba.o
 .data          0x0000000000003cc4        0x0 obj/krnl/sys/paging.o
 .data          0x0000000000003cc4        0x0 obj/krnl/fat.o
 .data          0x0000000000003cc4        0x0 obj/krnl/malloc.o
 *fill*         0x0000000000003cc4       0x1c 
 .data          0x0000000000003ce0       0x50 obj/krnl/sys/ps2.o
                0x0000000000003ce0                int_table
 .data          0x0000000000003d30        0x4 obj/krnl/sys/io.o
                0x0000000000003d30                color
 .data          0x0000000000003d34       0x18 obj/krnl/sys/serial.o
                0x0000000000003d34                coms_table
                0x0000000000003d3c                lpts_table
                0x0000000000003d44                coms
                0x0000000000003d48                lpts
 *fill*         0x0000000000003d4c       0x14 
 .data          0x0000000000003d60      0x100 obj/krnl/sys/keymap.o
                0x0000000000003d60                keymap
                0x0000000000003de0                keymap_maj

.rodata         0x0000000000003e60      0x416
 *(.rodata)
 .rodata        0x0000000000003e60       0x7d obj/krnl/kernel.o
 *fill*         0x0000000000003edd        0x3 
 .rodata        0x0000000000003ee0      0x2f1 obj/krnl/shell.o
 .rodata        0x00000000000041d1       0x3a obj/krnl/fat.o
 *fill*         0x000000000000420b        0x1 
 .rodata        0x000000000000420c       0x33 obj/krnl/malloc.o
 *fill*         0x000000000000423f        0x1 
 .rodata        0x0000000000004240       0x36 obj/krnl/sys/ps2.o

.bss            0x0000000000005000     0x3848
 *(.bss)
 .bss           0x0000000000005000        0x4 obj/krnl/kernel.o
 *fill*         0x0000000000005004       0x1c 
 .bss           0x0000000000005020      0x820 obj/krnl/shell.o
 .bss           0x0000000000005840        0x0 obj/krnl/io.o
 .bss           0x0000000000005840        0x0 obj/krnl/string.o
 .bss           0x0000000000005840        0x0 obj/krnl/sys/lba.o
 *fill*         0x0000000000005840      0x7c0 
 .bss           0x0000000000006000     0x2000 obj/krnl/sys/paging.o
                0x0000000000006000                page_directory
                0x0000000000007000                page_table
 .bss           0x0000000000008000       0x1c obj/krnl/fat.o
 .bss           0x000000000000801c        0xc obj/krnl/malloc.o
                0x000000000000801c                blob_size
                0x0000000000008020                malloc_entries
                0x0000000000008024                malloc_blob
 *fill*         0x0000000000008028       0x18 
 .bss           0x0000000000008040      0x800 obj/krnl/sys/ps2.o
                0x0000000000008040                IDT
 .bss           0x0000000000008840        0x8 obj/krnl/sys/io.o
                0x0000000000008840                scr_x
                0x0000000000008844                scr_y
 .bss           0x0000000000008848        0x0 obj/krnl/sys/serial.o
 .bss           0x0000000000008848        0x0 obj/krnl/sys/keymap.o
LOAD obj/krnl/link.o
LOAD obj/krnl/sys/pic.o
LOAD obj/krnl/sys/ports.o
LOAD obj/krnl/kernel.o
LOAD obj/krnl/shell.o
LOAD obj/krnl/io.o
LOAD obj/krnl/string.o
LOAD obj/krnl/sys/lba.o
LOAD obj/krnl/sys/paging.o
LOAD obj/krnl/fat.o
LOAD obj/krnl/malloc.o
LOAD obj/krnl/sys/ps2.o
LOAD obj/krnl/sys/io.o
LOAD obj/krnl/sys/serial.o
LOAD obj/krnl/sys/keymap.o
OUTPUT(obj/kernel.bin binary)

.comment        0x0000000000000000       0xe4
 .comment       0x0000000000000000       0x13 obj/krnl/kernel.o
 .comment       0x0000000000000013       0x13 obj/krnl/shell.o
 .comment       0x0000000000000026       0x13 obj/krnl/io.o
 .comment       0x0000000000000039       0x13 obj/krnl/string.o
 .comment       0x000000000000004c       0x13 obj/krnl/sys/lba.o
 .comment       0x000000000000005f       0x13 obj/krnl/sys/paging.o
 .comment       0x0000000000000072       0x13 obj/krnl/fat.o
 .comment       0x0000000000000085       0x13 obj/krnl/malloc.o
 .comment       0x0000000000000098       0x13 obj/krnl/sys/ps2.o
 .comment       0x00000000000000ab       0x13 obj/krnl/sys/io.o
 .comment       0x00000000000000be       0x13 obj/krnl/sys/serial.o
 .comment       0x00000000000000d1       0x13 obj/krnl/sys/keymap.o
