
Memory Configuration

Name             Origin             Length             Attributes
*default*        0x0000000000000000 0xffffffffffffffff

Linker script and memory map

                0x0000000000001000                . = 0x1000

.text           0x0000000000001000     0x2d01
 *(.text)
 .text          0x0000000000001000       0x30 obj/krnl/link.o
                0x0000000000001000                _start
 .text          0x0000000000001030       0x96 obj/krnl/sys/pic.o
                0x0000000000001030                load_idt
                0x0000000000001038                enable_interrupts
                0x000000000000103a                keyboard_handler
                0x0000000000001043                int_handler
                0x000000000000105c                isr0
                0x0000000000001062                isr1
                0x0000000000001068                isr2
                0x000000000000106e                isr3
                0x0000000000001074                isr4
                0x000000000000107a                isr5
                0x0000000000001080                isr6
                0x0000000000001086                isr7
                0x000000000000108c                isr8
                0x0000000000001090                isr9
                0x0000000000001096                isr10
                0x000000000000109a                isr11
                0x000000000000109e                isr12
                0x00000000000010a2                isr13
                0x00000000000010a6                isr14
                0x00000000000010aa                isr15
                0x00000000000010b0                isr16
                0x00000000000010b6                isr17
                0x00000000000010ba                isr18
                0x00000000000010c0                isr19
 *fill*         0x00000000000010c6        0xa 
 .text          0x00000000000010d0       0x34 obj/krnl/sys/ports.o
                0x00000000000010d0                inb
                0x00000000000010d6                outb
                0x00000000000010e0                inw
                0x00000000000010e9                outw
                0x00000000000010f4                inl
                0x00000000000010fa                outl
 .text          0x0000000000001104      0x1b3 obj/krnl/kernel.o
                0x0000000000001104                handle_keyboard
                0x000000000000119f                main
 .text          0x00000000000012b7      0x77d obj/krnl/shell.o
                0x0000000000001909                shell_init
                0x0000000000001946                shell_handle_key
 .text          0x0000000000001a34      0x324 obj/krnl/io.o
                0x0000000000001a34                _itoa
                0x0000000000001b19                printf
                0x0000000000001d17                puts
 .text          0x0000000000001d58      0x2df obj/krnl/string.o
                0x0000000000001d58                memset
                0x0000000000001d92                memcpy
                0x0000000000001db1                mempcpy
                0x0000000000001df7                stpcpy
                0x0000000000001e2b                strcpy
                0x0000000000001e47                strcat
                0x0000000000001e74                strcmp
                0x0000000000001ec4                stpncpy
                0x0000000000001f0f                strncpy
                0x0000000000001f2e                strncat
                0x0000000000001f5b                strncmp
                0x0000000000001fb5                strchr
                0x0000000000001ff2                strlen
                0x0000000000002016                strnlen
 .text          0x0000000000002037      0x3b2 obj/krnl/sys/lba.o
                0x000000000000214c                ata_lba_read
                0x000000000000229b                ata_lba_write
 .text          0x00000000000023e9       0xcd obj/krnl/sys/paging.o
                0x00000000000023e9                init_paging
                0x0000000000002492                enable_paging
 .text          0x00000000000024b6      0xd24 obj/krnl/fat.o
                0x0000000000002520                init_fs
                0x0000000000002758                read_file
                0x0000000000002a5d                list_dir
                0x0000000000002ba0                fopen
                0x0000000000002d32                fread
                0x0000000000002eaa                fseek
                0x0000000000002f06                fclose
                0x0000000000002fa1                fwrite
 .text          0x00000000000031da      0x325 obj/krnl/malloc.o
                0x00000000000031da                init_malloc
                0x0000000000003246                find_empty_entry
                0x0000000000003281                find_entry
                0x00000000000032bd                realloc
                0x000000000000335a                find_up_nearest
                0x00000000000033d2                malloc
                0x000000000000349a                free
 .text          0x00000000000034ff      0x276 obj/krnl/sys/ps2.o
                0x00000000000034ff                isr_handle
                0x000000000000357c                int_handle
                0x0000000000003595                init_idt
                0x000000000000375a                kb_init
 .text          0x0000000000003775      0x3a7 obj/krnl/sys/io.o
                0x0000000000003775                swipeTerm
                0x000000000000385e                update_cursor
                0x00000000000038d9                newLine
                0x000000000000392d                setColor
                0x000000000000393b                putchar
                0x00000000000039e5                backspace
                0x0000000000003a8b                clearScreen
 .text          0x0000000000003b1c      0x1e5 obj/krnl/sys/serial.o
                0x0000000000003b1c                initSerial
                0x0000000000003c38                writeSerial
                0x0000000000003c84                readSerial
                0x0000000000003cc4                serialString
 .text          0x0000000000003d01        0x0 obj/krnl/sys/keymap.o

.data           0x0000000000003d20      0x200
 *(.data)
 .data          0x0000000000003d20        0x4 obj/krnl/kernel.o
                0x0000000000003d20                mbr
 .data          0x0000000000003d24        0x0 obj/krnl/shell.o
 .data          0x0000000000003d24        0x0 obj/krnl/io.o
 .data          0x0000000000003d24        0x0 obj/krnl/string.o
 .data          0x0000000000003d24        0x0 obj/krnl/sys/lba.o
 .data          0x0000000000003d24        0x0 obj/krnl/sys/paging.o
 .data          0x0000000000003d24        0x0 obj/krnl/fat.o
 .data          0x0000000000003d24        0x0 obj/krnl/malloc.o
 *fill*         0x0000000000003d24       0x1c 
 .data          0x0000000000003d40       0xb0 obj/krnl/sys/ps2.o
                0x0000000000003d40                int_table
 .data          0x0000000000003df0        0x4 obj/krnl/sys/io.o
                0x0000000000003df0                color
 .data          0x0000000000003df4       0x18 obj/krnl/sys/serial.o
                0x0000000000003df4                coms_table
                0x0000000000003dfc                lpts_table
                0x0000000000003e04                coms
                0x0000000000003e08                lpts
 *fill*         0x0000000000003e0c       0x14 
 .data          0x0000000000003e20      0x100 obj/krnl/sys/keymap.o
                0x0000000000003e20                keymap
                0x0000000000003ea0                keymap_maj

.rodata         0x0000000000003f20      0x50e
 *(.rodata)
 .rodata        0x0000000000003f20       0x3d obj/krnl/kernel.o
 *fill*         0x0000000000003f5d        0x3 
 .rodata        0x0000000000003f60      0x2ed obj/krnl/shell.o
 .rodata        0x000000000000424d       0x3a obj/krnl/fat.o
 *fill*         0x0000000000004287        0x1 
 .rodata        0x0000000000004288       0x33 obj/krnl/malloc.o
 *fill*         0x00000000000042bb        0x1 
 .rodata        0x00000000000042bc      0x172 obj/krnl/sys/ps2.o
                0x0000000001400000                . = 0x1400000

.bss            0x0000000001400000   0x402848
                0x0000000001400000                _bss_start = .
 *(.bss)
 .bss           0x0000000001400000        0x4 obj/krnl/kernel.o
 *fill*         0x0000000001400004       0x1c 
 .bss           0x0000000001400020      0x820 obj/krnl/shell.o
 .bss           0x0000000001400840        0x0 obj/krnl/io.o
 .bss           0x0000000001400840        0x0 obj/krnl/string.o
 .bss           0x0000000001400840        0x0 obj/krnl/sys/lba.o
 *fill*         0x0000000001400840      0x7c0 
 .bss           0x0000000001401000   0x401000 obj/krnl/sys/paging.o
                0x0000000001401000                page_directory
                0x0000000001402000                page_tables
 .bss           0x0000000001802000       0x1c obj/krnl/fat.o
 .bss           0x000000000180201c        0xc obj/krnl/malloc.o
                0x000000000180201c                blob_size
                0x0000000001802020                malloc_entries
                0x0000000001802024                malloc_blob
 *fill*         0x0000000001802028       0x18 
 .bss           0x0000000001802040      0x800 obj/krnl/sys/ps2.o
                0x0000000001802040                IDT
 .bss           0x0000000001802840        0x8 obj/krnl/sys/io.o
                0x0000000001802840                scr_x
                0x0000000001802844                scr_y
 .bss           0x0000000001802848        0x0 obj/krnl/sys/serial.o
 .bss           0x0000000001802848        0x0 obj/krnl/sys/keymap.o
 *(COMMON)
                0x0000000001802848                _bss_end = .
LOAD obj/krnl/link.o
LOAD obj/krnl/sys/pic.o
LOAD obj/krnl/sys/ports.o
LOAD obj/krnl/kernel.o
LOAD obj/krnl/shell.o
LOAD obj/krnl/io.o
LOAD obj/krnl/string.o
LOAD obj/krnl/sys/lba.o
LOAD obj/krnl/sys/paging.o
LOAD obj/krnl/fat.o
LOAD obj/krnl/malloc.o
LOAD obj/krnl/sys/ps2.o
LOAD obj/krnl/sys/io.o
LOAD obj/krnl/sys/serial.o
LOAD obj/krnl/sys/keymap.o
OUTPUT(obj/kernel.bin binary)

.comment        0x0000000000000000       0xe4
 .comment       0x0000000000000000       0x13 obj/krnl/kernel.o
 .comment       0x0000000000000013       0x13 obj/krnl/shell.o
 .comment       0x0000000000000026       0x13 obj/krnl/io.o
 .comment       0x0000000000000039       0x13 obj/krnl/string.o
 .comment       0x000000000000004c       0x13 obj/krnl/sys/lba.o
 .comment       0x000000000000005f       0x13 obj/krnl/sys/paging.o
 .comment       0x0000000000000072       0x13 obj/krnl/fat.o
 .comment       0x0000000000000085       0x13 obj/krnl/malloc.o
 .comment       0x0000000000000098       0x13 obj/krnl/sys/ps2.o
 .comment       0x00000000000000ab       0x13 obj/krnl/sys/io.o
 .comment       0x00000000000000be       0x13 obj/krnl/sys/serial.o
 .comment       0x00000000000000d1       0x13 obj/krnl/sys/keymap.o
