
Memory Configuration

Name             Origin             Length             Attributes
*default*        0x0000000000000000 0xffffffffffffffff

Linker script and memory map

                0x0000000000001000                . = 0x1000

.text           0x0000000000001000     0x2d26
 *(.text)
 .text          0x0000000000001000       0x30 obj/krnl/link.o
                0x0000000000001000                _start
 .text          0x0000000000001030       0x96 obj/krnl/sys/pic.o
                0x0000000000001030                load_idt
                0x0000000000001038                enable_interrupts
                0x000000000000103a                keyboard_handler
                0x0000000000001043                int_handler
                0x000000000000105c                isr0
                0x0000000000001062                isr1
                0x0000000000001068                isr2
                0x000000000000106e                isr3
                0x0000000000001074                isr4
                0x000000000000107a                isr5
                0x0000000000001080                isr6
                0x0000000000001086                isr7
                0x000000000000108c                isr8
                0x0000000000001090                isr9
                0x0000000000001096                isr10
                0x000000000000109a                isr11
                0x000000000000109e                isr12
                0x00000000000010a2                isr13
                0x00000000000010a6                isr14
                0x00000000000010aa                isr15
                0x00000000000010b0                isr16
                0x00000000000010b6                isr17
                0x00000000000010ba                isr18
                0x00000000000010c0                isr19
 *fill*         0x00000000000010c6        0xa 
 .text          0x00000000000010d0       0x34 obj/krnl/sys/ports.o
                0x00000000000010d0                inb
                0x00000000000010d6                outb
                0x00000000000010e0                inw
                0x00000000000010e9                outw
                0x00000000000010f4                inl
                0x00000000000010fa                outl
 .text          0x0000000000001104      0x1d8 obj/krnl/kernel.o
                0x0000000000001104                handle_keyboard
                0x000000000000119f                main
 .text          0x00000000000012dc      0x77d obj/krnl/shell.o
                0x000000000000192e                shell_init
                0x000000000000196b                shell_handle_key
 .text          0x0000000000001a59      0x324 obj/krnl/io.o
                0x0000000000001a59                _itoa
                0x0000000000001b3e                printf
                0x0000000000001d3c                puts
 .text          0x0000000000001d7d      0x2df obj/krnl/string.o
                0x0000000000001d7d                memset
                0x0000000000001db7                memcpy
                0x0000000000001dd6                mempcpy
                0x0000000000001e1c                stpcpy
                0x0000000000001e50                strcpy
                0x0000000000001e6c                strcat
                0x0000000000001e99                strcmp
                0x0000000000001ee9                stpncpy
                0x0000000000001f34                strncpy
                0x0000000000001f53                strncat
                0x0000000000001f80                strncmp
                0x0000000000001fda                strchr
                0x0000000000002017                strlen
                0x000000000000203b                strnlen
 .text          0x000000000000205c      0x3b2 obj/krnl/sys/lba.o
                0x0000000000002171                ata_lba_read
                0x00000000000022c0                ata_lba_write
 .text          0x000000000000240e       0xcd obj/krnl/sys/paging.o
                0x000000000000240e                init_paging
                0x00000000000024b7                enable_paging
 .text          0x00000000000024db      0xd24 obj/krnl/fat.o
                0x0000000000002545                init_fs
                0x000000000000277d                read_file
                0x0000000000002a82                list_dir
                0x0000000000002bc5                fopen
                0x0000000000002d57                fread
                0x0000000000002ecf                fseek
                0x0000000000002f2b                fclose
                0x0000000000002fc6                fwrite
 .text          0x00000000000031ff      0x325 obj/krnl/malloc.o
                0x00000000000031ff                init_malloc
                0x000000000000326b                find_empty_entry
                0x00000000000032a6                find_entry
                0x00000000000032e2                realloc
                0x000000000000337f                find_up_nearest
                0x00000000000033f7                malloc
                0x00000000000034bf                free
 .text          0x0000000000003524      0x276 obj/krnl/sys/ps2.o
                0x0000000000003524                isr_handle
                0x00000000000035a1                int_handle
                0x00000000000035ba                init_idt
                0x000000000000377f                kb_init
 .text          0x000000000000379a      0x3a7 obj/krnl/sys/io.o
                0x000000000000379a                swipeTerm
                0x0000000000003883                update_cursor
                0x00000000000038fe                newLine
                0x0000000000003952                setColor
                0x0000000000003960                putchar
                0x0000000000003a0a                backspace
                0x0000000000003ab0                clearScreen
 .text          0x0000000000003b41      0x1e5 obj/krnl/sys/serial.o
                0x0000000000003b41                initSerial
                0x0000000000003c5d                writeSerial
                0x0000000000003ca9                readSerial
                0x0000000000003ce9                serialString
 .text          0x0000000000003d26        0x0 obj/krnl/sys/keymap.o

.data           0x0000000000003d40      0x200
 *(.data)
 .data          0x0000000000003d40        0x4 obj/krnl/kernel.o
                0x0000000000003d40                mbr
 .data          0x0000000000003d44        0x0 obj/krnl/shell.o
 .data          0x0000000000003d44        0x0 obj/krnl/io.o
 .data          0x0000000000003d44        0x0 obj/krnl/string.o
 .data          0x0000000000003d44        0x0 obj/krnl/sys/lba.o
 .data          0x0000000000003d44        0x0 obj/krnl/sys/paging.o
 .data          0x0000000000003d44        0x0 obj/krnl/fat.o
 .data          0x0000000000003d44        0x0 obj/krnl/malloc.o
 *fill*         0x0000000000003d44       0x1c 
 .data          0x0000000000003d60       0xb0 obj/krnl/sys/ps2.o
                0x0000000000003d60                int_table
 .data          0x0000000000003e10        0x4 obj/krnl/sys/io.o
                0x0000000000003e10                color
 .data          0x0000000000003e14       0x18 obj/krnl/sys/serial.o
                0x0000000000003e14                coms_table
                0x0000000000003e1c                lpts_table
                0x0000000000003e24                coms
                0x0000000000003e28                lpts
 *fill*         0x0000000000003e2c       0x14 
 .data          0x0000000000003e40      0x100 obj/krnl/sys/keymap.o
                0x0000000000003e40                keymap
                0x0000000000003ec0                keymap_maj

.rodata         0x0000000000003f40      0x516
 *(.rodata)
 .rodata        0x0000000000003f40       0x48 obj/krnl/kernel.o
 .rodata        0x0000000000003f88      0x2ed obj/krnl/shell.o
 .rodata        0x0000000000004275       0x3a obj/krnl/fat.o
 *fill*         0x00000000000042af        0x1 
 .rodata        0x00000000000042b0       0x33 obj/krnl/malloc.o
 *fill*         0x00000000000042e3        0x1 
 .rodata        0x00000000000042e4      0x172 obj/krnl/sys/ps2.o
                0x0000000001800000                . = 0x1800000

.bss            0x0000000001800000   0x402848
                0x0000000001800000                _bss_start = .
 *(.bss)
 .bss           0x0000000001800000        0x4 obj/krnl/kernel.o
 *fill*         0x0000000001800004       0x1c 
 .bss           0x0000000001800020      0x820 obj/krnl/shell.o
 .bss           0x0000000001800840        0x0 obj/krnl/io.o
 .bss           0x0000000001800840        0x0 obj/krnl/string.o
 .bss           0x0000000001800840        0x0 obj/krnl/sys/lba.o
 *fill*         0x0000000001800840      0x7c0 
 .bss           0x0000000001801000   0x401000 obj/krnl/sys/paging.o
                0x0000000001801000                page_directory
                0x0000000001802000                page_tables
 .bss           0x0000000001c02000       0x1c obj/krnl/fat.o
 .bss           0x0000000001c0201c        0xc obj/krnl/malloc.o
                0x0000000001c0201c                blob_size
                0x0000000001c02020                malloc_entries
                0x0000000001c02024                malloc_blob
 *fill*         0x0000000001c02028       0x18 
 .bss           0x0000000001c02040      0x800 obj/krnl/sys/ps2.o
                0x0000000001c02040                IDT
 .bss           0x0000000001c02840        0x8 obj/krnl/sys/io.o
                0x0000000001c02840                scr_x
                0x0000000001c02844                scr_y
 .bss           0x0000000001c02848        0x0 obj/krnl/sys/serial.o
 .bss           0x0000000001c02848        0x0 obj/krnl/sys/keymap.o
 *(COMMON)
                0x0000000001c02848                _bss_end = .
LOAD obj/krnl/link.o
LOAD obj/krnl/sys/pic.o
LOAD obj/krnl/sys/ports.o
LOAD obj/krnl/kernel.o
LOAD obj/krnl/shell.o
LOAD obj/krnl/io.o
LOAD obj/krnl/string.o
LOAD obj/krnl/sys/lba.o
LOAD obj/krnl/sys/paging.o
LOAD obj/krnl/fat.o
LOAD obj/krnl/malloc.o
LOAD obj/krnl/sys/ps2.o
LOAD obj/krnl/sys/io.o
LOAD obj/krnl/sys/serial.o
LOAD obj/krnl/sys/keymap.o
OUTPUT(obj/kernel.bin binary)

.comment        0x0000000000000000       0xe4
 .comment       0x0000000000000000       0x13 obj/krnl/kernel.o
 .comment       0x0000000000000013       0x13 obj/krnl/shell.o
 .comment       0x0000000000000026       0x13 obj/krnl/io.o
 .comment       0x0000000000000039       0x13 obj/krnl/string.o
 .comment       0x000000000000004c       0x13 obj/krnl/sys/lba.o
 .comment       0x000000000000005f       0x13 obj/krnl/sys/paging.o
 .comment       0x0000000000000072       0x13 obj/krnl/fat.o
 .comment       0x0000000000000085       0x13 obj/krnl/malloc.o
 .comment       0x0000000000000098       0x13 obj/krnl/sys/ps2.o
 .comment       0x00000000000000ab       0x13 obj/krnl/sys/io.o
 .comment       0x00000000000000be       0x13 obj/krnl/sys/serial.o
 .comment       0x00000000000000d1       0x13 obj/krnl/sys/keymap.o
