
Memory Configuration

Name             Origin             Length             Attributes
*default*        0x0000000000000000 0xffffffffffffffff

Linker script and memory map

                0x0000000000001000                . = 0x1000

.text           0x0000000000001000     0x2933
 *(.text)
 .text          0x0000000000001000       0x1c obj/krnl/link.o
                0x0000000000001000                _start
 *fill*         0x000000000000101c        0x4 
 .text          0x0000000000001020       0x1d obj/krnl/sys/pic.o
                0x0000000000001020                load_idt
                0x0000000000001028                enable_interrupts
                0x000000000000102a                keyboard_handler
                0x0000000000001033                int_handler
 *fill*         0x000000000000103d        0x3 
 .text          0x0000000000001040       0x34 obj/krnl/sys/ports.o
                0x0000000000001040                inb
                0x0000000000001046                outb
                0x0000000000001050                inw
                0x0000000000001059                outw
                0x0000000000001064                inl
                0x000000000000106a                outl
 .text          0x0000000000001074      0x1ec obj/krnl/kernel.o
                0x0000000000001074                handle_keyboard
                0x000000000000110f                main
 .text          0x0000000000001260      0x718 obj/krnl/shell.o
                0x000000000000184d                shell_init
                0x000000000000188a                shell_handle_key
 .text          0x0000000000001978      0x2bd obj/krnl/io.o
                0x0000000000001978                _itoa
                0x0000000000001a46                printf
                0x0000000000001bf4                puts
 .text          0x0000000000001c35      0x2df obj/krnl/string.o
                0x0000000000001c35                memset
                0x0000000000001c6f                memcpy
                0x0000000000001c8e                mempcpy
                0x0000000000001cd4                stpcpy
                0x0000000000001d08                strcpy
                0x0000000000001d24                strcat
                0x0000000000001d51                strcmp
                0x0000000000001da1                stpncpy
                0x0000000000001dec                strncpy
                0x0000000000001e0b                strncat
                0x0000000000001e38                strncmp
                0x0000000000001e92                strchr
                0x0000000000001ecf                strlen
                0x0000000000001ef3                strnlen
 .text          0x0000000000001f14      0x527 obj/krnl/sys/lba.o
                0x0000000000002174                ata_lba_read
                0x00000000000022d8                ata_lba_write
 .text          0x000000000000243b      0xc94 obj/krnl/fat.o
                0x000000000000243b                clean_entry
                0x00000000000024a5                init_fs
                0x0000000000002688                format_entry
                0x00000000000026e8                read_file
                0x00000000000028e1                format_attrs
                0x00000000000029e8                list_dir
                0x0000000000002b29                fopen
                0x0000000000002c51                get_nth_cluster
                0x0000000000002cae                fread
                0x0000000000002e21                fseek
                0x0000000000002e7d                fclose
                0x0000000000002e98                allocate_cluster
                0x0000000000002f14                fwrite
 .text          0x00000000000030cf      0x325 obj/krnl/malloc.o
                0x00000000000030cf                init_malloc
                0x000000000000313b                find_empty_entry
                0x0000000000003176                find_entry
                0x00000000000031b2                realloc
                0x000000000000324f                find_up_nearest
                0x00000000000032c7                malloc
                0x000000000000338f                free
 .text          0x00000000000033f4      0x192 obj/krnl/sys/ps2.o
                0x00000000000033f4                int_handle
                0x000000000000340d                init_idt
                0x000000000000356b                kb_init
 .text          0x0000000000003586      0x3a7 obj/krnl/sys/io.o
                0x0000000000003586                swipeTerm
                0x000000000000366f                update_cursor
                0x00000000000036ea                newLine
                0x000000000000373e                setColor
                0x000000000000374c                putchar
                0x00000000000037f6                backspace
                0x000000000000389c                clearScreen
 .text          0x000000000000392d        0x6 obj/krnl/sys/serial.o
                0x000000000000392d                initSerial
 .text          0x0000000000003933        0x0 obj/krnl/sys/keymap.o

.data           0x0000000000003940      0x120
 *(.data)
 .data          0x0000000000003940        0x4 obj/krnl/kernel.o
                0x0000000000003940                mbr
 .data          0x0000000000003944        0x0 obj/krnl/shell.o
 .data          0x0000000000003944        0x0 obj/krnl/io.o
 .data          0x0000000000003944        0x0 obj/krnl/string.o
 .data          0x0000000000003944        0x0 obj/krnl/sys/lba.o
 .data          0x0000000000003944        0x0 obj/krnl/fat.o
 .data          0x0000000000003944        0x0 obj/krnl/malloc.o
 .data          0x0000000000003944        0x0 obj/krnl/sys/ps2.o
 .data          0x0000000000003944        0x4 obj/krnl/sys/io.o
                0x0000000000003944                color
 .data          0x0000000000003948        0x4 obj/krnl/sys/serial.o
                0x0000000000003948                coms
 *fill*         0x000000000000394c       0x14 
 .data          0x0000000000003960      0x100 obj/krnl/sys/keymap.o
                0x0000000000003960                keymap
                0x00000000000039e0                keymap_maj

.rodata         0x0000000000003a60      0x3c6
 *(.rodata)
 .rodata        0x0000000000003a60       0x91 obj/krnl/kernel.o
 *fill*         0x0000000000003af1        0x3 
 .rodata        0x0000000000003af4      0x281 obj/krnl/shell.o
 .rodata        0x0000000000003d75       0x66 obj/krnl/fat.o
 *fill*         0x0000000000003ddb        0x1 
 .rodata        0x0000000000003ddc       0x33 obj/krnl/malloc.o
 .rodata        0x0000000000003e0f       0x17 obj/krnl/sys/ps2.o

.bss            0x0000000000003e40     0x1288
 *(.bss)
 .bss           0x0000000000003e40        0x4 obj/krnl/kernel.o
 *fill*         0x0000000000003e44       0x1c 
 .bss           0x0000000000003e60      0x820 obj/krnl/shell.o
 .bss           0x0000000000004680        0x0 obj/krnl/io.o
 .bss           0x0000000000004680        0x0 obj/krnl/string.o
 .bss           0x0000000000004680        0x4 obj/krnl/sys/lba.o
 *fill*         0x0000000000004684       0x1c 
 .bss           0x00000000000046a0      0x214 obj/krnl/fat.o
                0x00000000000046a0                bs
                0x00000000000048a4                fat
                0x00000000000048a8                root_entries
                0x00000000000048ac                data_addr
                0x00000000000048b0                bytes_per_cluster
 .bss           0x00000000000048b4        0xc obj/krnl/malloc.o
                0x00000000000048b4                blob_size
                0x00000000000048b8                malloc_entries
                0x00000000000048bc                malloc_blob
 .bss           0x00000000000048c0      0x800 obj/krnl/sys/ps2.o
                0x00000000000048c0                IDT
 .bss           0x00000000000050c0        0x8 obj/krnl/sys/io.o
                0x00000000000050c0                scr_x
                0x00000000000050c4                scr_y
 .bss           0x00000000000050c8        0x0 obj/krnl/sys/serial.o
 .bss           0x00000000000050c8        0x0 obj/krnl/sys/keymap.o
LOAD obj/krnl/link.o
LOAD obj/krnl/sys/pic.o
LOAD obj/krnl/sys/ports.o
LOAD obj/krnl/kernel.o
LOAD obj/krnl/shell.o
LOAD obj/krnl/io.o
LOAD obj/krnl/string.o
LOAD obj/krnl/sys/lba.o
LOAD obj/krnl/fat.o
LOAD obj/krnl/malloc.o
LOAD obj/krnl/sys/ps2.o
LOAD obj/krnl/sys/io.o
LOAD obj/krnl/sys/serial.o
LOAD obj/krnl/sys/keymap.o
OUTPUT(obj/kernel.bin binary)

.comment        0x0000000000000000       0xd1
 .comment       0x0000000000000000       0x13 obj/krnl/kernel.o
 .comment       0x0000000000000013       0x13 obj/krnl/shell.o
 .comment       0x0000000000000026       0x13 obj/krnl/io.o
 .comment       0x0000000000000039       0x13 obj/krnl/string.o
 .comment       0x000000000000004c       0x13 obj/krnl/sys/lba.o
 .comment       0x000000000000005f       0x13 obj/krnl/fat.o
 .comment       0x0000000000000072       0x13 obj/krnl/malloc.o
 .comment       0x0000000000000085       0x13 obj/krnl/sys/ps2.o
 .comment       0x0000000000000098       0x13 obj/krnl/sys/io.o
 .comment       0x00000000000000ab       0x13 obj/krnl/sys/serial.o
 .comment       0x00000000000000be       0x13 obj/krnl/sys/keymap.o
