
Memory Configuration

Name             Origin             Length             Attributes
*default*        0x0000000000000000 0xffffffffffffffff

Linker script and memory map

                0x0000000000001000                . = 0x1000

.text           0x0000000000001000     0x2c9f
 *(.text)
 .text          0x0000000000001000       0x30 obj/krnl/link.o
                0x0000000000001000                _start
 .text          0x0000000000001030       0x96 obj/krnl/sys/pic.o
                0x0000000000001030                load_idt
                0x0000000000001038                enable_interrupts
                0x000000000000103a                keyboard_handler
                0x0000000000001043                int_handler
                0x000000000000105c                isr0
                0x0000000000001062                isr1
                0x0000000000001068                isr2
                0x000000000000106e                isr3
                0x0000000000001074                isr4
                0x000000000000107a                isr5
                0x0000000000001080                isr6
                0x0000000000001086                isr7
                0x000000000000108c                isr8
                0x0000000000001090                isr9
                0x0000000000001096                isr10
                0x000000000000109a                isr11
                0x000000000000109e                isr12
                0x00000000000010a2                isr13
                0x00000000000010a6                isr14
                0x00000000000010aa                isr15
                0x00000000000010b0                isr16
                0x00000000000010b6                isr17
                0x00000000000010ba                isr18
                0x00000000000010c0                isr19
 *fill*         0x00000000000010c6        0xa 
 .text          0x00000000000010d0       0x34 obj/krnl/sys/ports.o
                0x00000000000010d0                inb
                0x00000000000010d6                outb
                0x00000000000010e0                inw
                0x00000000000010e9                outw
                0x00000000000010f4                inl
                0x00000000000010fa                outl
 .text          0x0000000000001104      0x21f obj/krnl/kernel.o
                0x0000000000001104                handle_keyboard
                0x000000000000119f                main
 .text          0x0000000000001323      0x700 obj/krnl/shell.o
                0x00000000000018f8                shell_init
                0x0000000000001935                shell_handle_key
 .text          0x0000000000001a23      0x324 obj/krnl/io.o
                0x0000000000001a23                _itoa
                0x0000000000001b08                printf
                0x0000000000001d06                puts
 .text          0x0000000000001d47      0x2df obj/krnl/string.o
                0x0000000000001d47                memset
                0x0000000000001d81                memcpy
                0x0000000000001da0                mempcpy
                0x0000000000001de6                stpcpy
                0x0000000000001e1a                strcpy
                0x0000000000001e36                strcat
                0x0000000000001e63                strcmp
                0x0000000000001eb3                stpncpy
                0x0000000000001efe                strncpy
                0x0000000000001f1d                strncat
                0x0000000000001f4a                strncmp
                0x0000000000001fa4                strchr
                0x0000000000001fe1                strlen
                0x0000000000002005                strnlen
 .text          0x0000000000002026      0x3b2 obj/krnl/sys/lba.o
                0x000000000000213b                ata_lba_read
                0x000000000000228a                ata_lba_write
 .text          0x00000000000023d8       0xcd obj/krnl/sys/paging.o
                0x00000000000023d8                init_paging
                0x0000000000002481                enable_paging
 .text          0x00000000000024a5      0xd24 obj/krnl/fat.o
                0x000000000000250f                init_fs
                0x0000000000002747                read_file
                0x0000000000002a4c                list_dir
                0x0000000000002b8f                fopen
                0x0000000000002d21                fread
                0x0000000000002e99                fseek
                0x0000000000002ef5                fclose
                0x0000000000002f90                fwrite
 .text          0x00000000000031c9      0x325 obj/krnl/malloc.o
                0x00000000000031c9                init_malloc
                0x0000000000003235                find_empty_entry
                0x0000000000003270                find_entry
                0x00000000000032ac                realloc
                0x0000000000003349                find_up_nearest
                0x00000000000033c1                malloc
                0x0000000000003489                free
 .text          0x00000000000034ee      0x225 obj/krnl/sys/ps2.o
                0x00000000000034ee                isr_handle
                0x000000000000351a                int_handle
                0x0000000000003533                init_idt
                0x00000000000036f8                kb_init
 .text          0x0000000000003713      0x3a7 obj/krnl/sys/io.o
                0x0000000000003713                swipeTerm
                0x00000000000037fc                update_cursor
                0x0000000000003877                newLine
                0x00000000000038cb                setColor
                0x00000000000038d9                putchar
                0x0000000000003983                backspace
                0x0000000000003a29                clearScreen
 .text          0x0000000000003aba      0x1e5 obj/krnl/sys/serial.o
                0x0000000000003aba                initSerial
                0x0000000000003bd6                writeSerial
                0x0000000000003c22                readSerial
                0x0000000000003c62                serialString
 .text          0x0000000000003c9f        0x0 obj/krnl/sys/keymap.o

.data           0x0000000000003ca0      0x1a0
 *(.data)
 .data          0x0000000000003ca0        0x4 obj/krnl/kernel.o
                0x0000000000003ca0                mbr
 .data          0x0000000000003ca4        0x0 obj/krnl/shell.o
 .data          0x0000000000003ca4        0x0 obj/krnl/io.o
 .data          0x0000000000003ca4        0x0 obj/krnl/string.o
 .data          0x0000000000003ca4        0x0 obj/krnl/sys/lba.o
 .data          0x0000000000003ca4        0x0 obj/krnl/sys/paging.o
 .data          0x0000000000003ca4        0x0 obj/krnl/fat.o
 .data          0x0000000000003ca4        0x0 obj/krnl/malloc.o
 *fill*         0x0000000000003ca4       0x1c 
 .data          0x0000000000003cc0       0x50 obj/krnl/sys/ps2.o
                0x0000000000003cc0                int_table
 .data          0x0000000000003d10        0x4 obj/krnl/sys/io.o
                0x0000000000003d10                color
 .data          0x0000000000003d14       0x18 obj/krnl/sys/serial.o
                0x0000000000003d14                coms_table
                0x0000000000003d1c                lpts_table
                0x0000000000003d24                coms
                0x0000000000003d28                lpts
 *fill*         0x0000000000003d2c       0x14 
 .data          0x0000000000003d40      0x100 obj/krnl/sys/keymap.o
                0x0000000000003d40                keymap
                0x0000000000003dc0                keymap_maj

.rodata         0x0000000000003e40      0x2ca
 *(.rodata)
 .rodata        0x0000000000003e40       0x7d obj/krnl/kernel.o
 *fill*         0x0000000000003ebd        0x3 
 .rodata        0x0000000000003ec0      0x1a5 obj/krnl/shell.o
 .rodata        0x0000000000004065       0x3a obj/krnl/fat.o
 *fill*         0x000000000000409f        0x1 
 .rodata        0x00000000000040a0       0x33 obj/krnl/malloc.o
 *fill*         0x00000000000040d3        0x1 
 .rodata        0x00000000000040d4       0x36 obj/krnl/sys/ps2.o
                0x0000000000020000                . = 0x20000

.bss            0x0000000000020000   0x402848
                0x0000000000020000                _bss_start = .
 *(.bss)
 .bss           0x0000000000020000        0x4 obj/krnl/kernel.o
 *fill*         0x0000000000020004       0x1c 
 .bss           0x0000000000020020      0x820 obj/krnl/shell.o
 .bss           0x0000000000020840        0x0 obj/krnl/io.o
 .bss           0x0000000000020840        0x0 obj/krnl/string.o
 .bss           0x0000000000020840        0x0 obj/krnl/sys/lba.o
 *fill*         0x0000000000020840      0x7c0 
 .bss           0x0000000000021000   0x401000 obj/krnl/sys/paging.o
                0x0000000000021000                page_directory
                0x0000000000022000                page_tables
 .bss           0x0000000000422000       0x1c obj/krnl/fat.o
 .bss           0x000000000042201c        0xc obj/krnl/malloc.o
                0x000000000042201c                blob_size
                0x0000000000422020                malloc_entries
                0x0000000000422024                malloc_blob
 *fill*         0x0000000000422028       0x18 
 .bss           0x0000000000422040      0x800 obj/krnl/sys/ps2.o
                0x0000000000422040                IDT
 .bss           0x0000000000422840        0x8 obj/krnl/sys/io.o
                0x0000000000422840                scr_x
                0x0000000000422844                scr_y
 .bss           0x0000000000422848        0x0 obj/krnl/sys/serial.o
 .bss           0x0000000000422848        0x0 obj/krnl/sys/keymap.o
 *(COMMON)
                0x0000000000422848                _bss_end = .
LOAD obj/krnl/link.o
LOAD obj/krnl/sys/pic.o
LOAD obj/krnl/sys/ports.o
LOAD obj/krnl/kernel.o
LOAD obj/krnl/shell.o
LOAD obj/krnl/io.o
LOAD obj/krnl/string.o
LOAD obj/krnl/sys/lba.o
LOAD obj/krnl/sys/paging.o
LOAD obj/krnl/fat.o
LOAD obj/krnl/malloc.o
LOAD obj/krnl/sys/ps2.o
LOAD obj/krnl/sys/io.o
LOAD obj/krnl/sys/serial.o
LOAD obj/krnl/sys/keymap.o
OUTPUT(obj/kernel.bin binary)

.comment        0x0000000000000000       0xe4
 .comment       0x0000000000000000       0x13 obj/krnl/kernel.o
 .comment       0x0000000000000013       0x13 obj/krnl/shell.o
 .comment       0x0000000000000026       0x13 obj/krnl/io.o
 .comment       0x0000000000000039       0x13 obj/krnl/string.o
 .comment       0x000000000000004c       0x13 obj/krnl/sys/lba.o
 .comment       0x000000000000005f       0x13 obj/krnl/sys/paging.o
 .comment       0x0000000000000072       0x13 obj/krnl/fat.o
 .comment       0x0000000000000085       0x13 obj/krnl/malloc.o
 .comment       0x0000000000000098       0x13 obj/krnl/sys/ps2.o
 .comment       0x00000000000000ab       0x13 obj/krnl/sys/io.o
 .comment       0x00000000000000be       0x13 obj/krnl/sys/serial.o
 .comment       0x00000000000000d1       0x13 obj/krnl/sys/keymap.o
