
Memory Configuration

Name             Origin             Length             Attributes
*default*        0x0000000000000000 0xffffffffffffffff

Linker script and memory map

                0x0000000000001000                . = 0x1000

.text           0x0000000000001000     0x251e
 *(.text)
 .text          0x0000000000001000       0x1c obj/krnl/link.o
                0x0000000000001000                _start
 *fill*         0x000000000000101c        0x4 
 .text          0x0000000000001020       0x1d obj/krnl/sys/pic.o
                0x0000000000001020                load_idt
                0x0000000000001028                enable_interrupts
                0x000000000000102a                keyboard_handler
                0x0000000000001033                int_handler
 *fill*         0x000000000000103d        0x3 
 .text          0x0000000000001040       0x24 obj/krnl/sys/ports.o
                0x0000000000001040                inb
                0x0000000000001046                outb
                0x0000000000001050                inw
                0x0000000000001059                outw
 .text          0x0000000000001064      0x1bb obj/krnl/kernel.o
                0x0000000000001064                handle_keyboard
                0x00000000000010ff                main
 .text          0x000000000000121f      0x718 obj/krnl/shell.o
                0x000000000000180c                shell_init
                0x0000000000001849                shell_handle_key
 .text          0x0000000000001937      0x2bd obj/krnl/io.o
                0x0000000000001937                _itoa
                0x0000000000001a05                printf
                0x0000000000001bb3                puts
 .text          0x0000000000001bf4      0x2df obj/krnl/string.o
                0x0000000000001bf4                memset
                0x0000000000001c2e                memcpy
                0x0000000000001c4d                mempcpy
                0x0000000000001c93                stpcpy
                0x0000000000001cc7                strcpy
                0x0000000000001ce3                strcat
                0x0000000000001d10                strcmp
                0x0000000000001d60                stpncpy
                0x0000000000001dab                strncpy
                0x0000000000001dca                strncat
                0x0000000000001df7                strncmp
                0x0000000000001e51                strchr
                0x0000000000001e8e                strlen
                0x0000000000001eb2                strnlen
 .text          0x0000000000001ed3      0x24a obj/krnl/sys/lba.o
                0x0000000000001ed3                ata_lba_read
                0x0000000000001ff6                ata_lba_write
 .text          0x000000000000211d      0xc2e obj/krnl/fat.o
                0x000000000000211d                clean_entry
                0x0000000000002187                init_fs
                0x0000000000002304                format_entry
                0x0000000000002364                read_file
                0x000000000000255d                format_attrs
                0x0000000000002664                list_dir
                0x00000000000027a5                fopen
                0x00000000000028cd                get_nth_cluster
                0x000000000000292a                fread
                0x0000000000002a9d                fseek
                0x0000000000002af9                fclose
                0x0000000000002b14                allocate_cluster
                0x0000000000002b90                fwrite
 .text          0x0000000000002d4b      0x325 obj/krnl/malloc.o
                0x0000000000002d4b                init_malloc
                0x0000000000002db7                find_empty_entry
                0x0000000000002df2                find_entry
                0x0000000000002e2e                realloc
                0x0000000000002ecb                find_up_nearest
                0x0000000000002f43                malloc
                0x000000000000300b                free
 .text          0x0000000000003070      0x192 obj/krnl/sys/ps2.o
                0x0000000000003070                int_handle
                0x0000000000003089                init_idt
                0x00000000000031e7                kb_init
 .text          0x0000000000003202      0x316 obj/krnl/sys/io.o
                0x0000000000003202                swipeTerm
                0x00000000000032eb                update_cursor
                0x0000000000003366                newLine
                0x00000000000033ba                setColor
                0x00000000000033c8                putchar
                0x0000000000003472                backspace
 .text          0x0000000000003518        0x6 obj/krnl/sys/serial.o
                0x0000000000003518                initSerial

.data           0x0000000000003520      0x228
 *(.data)
 .data          0x0000000000003520      0x104 obj/krnl/kernel.o
                0x0000000000003520                keymap
                0x00000000000035a0                keymap_maj
                0x0000000000003620                mbr
 *fill*         0x0000000000003624       0x1c 
 .data          0x0000000000003640      0x100 obj/krnl/shell.o
 .data          0x0000000000003740        0x0 obj/krnl/io.o
 .data          0x0000000000003740        0x0 obj/krnl/string.o
 .data          0x0000000000003740        0x0 obj/krnl/sys/lba.o
 .data          0x0000000000003740        0x0 obj/krnl/fat.o
 .data          0x0000000000003740        0x0 obj/krnl/malloc.o
 .data          0x0000000000003740        0x0 obj/krnl/sys/ps2.o
 .data          0x0000000000003740        0x4 obj/krnl/sys/io.o
                0x0000000000003740                color
 .data          0x0000000000003744        0x4 obj/krnl/sys/serial.o
                0x0000000000003744                coms

.rodata         0x0000000000003748      0x382
 *(.rodata)
 .rodata        0x0000000000003748       0x76 obj/krnl/kernel.o
 *fill*         0x00000000000037be        0x2 
 .rodata        0x00000000000037c0      0x283 obj/krnl/shell.o
 .rodata        0x0000000000003a43       0x3a obj/krnl/fat.o
 *fill*         0x0000000000003a7d        0x3 
 .rodata        0x0000000000003a80       0x33 obj/krnl/malloc.o
 .rodata        0x0000000000003ab3       0x17 obj/krnl/sys/ps2.o

.bss            0x0000000000003ae0     0x1268
 *(.bss)
 .bss           0x0000000000003ae0        0x4 obj/krnl/kernel.o
 *fill*         0x0000000000003ae4       0x1c 
 .bss           0x0000000000003b00      0x820 obj/krnl/shell.o
 .bss           0x0000000000004320        0x0 obj/krnl/io.o
 .bss           0x0000000000004320        0x0 obj/krnl/string.o
 .bss           0x0000000000004320        0x0 obj/krnl/sys/lba.o
 .bss           0x0000000000004320      0x214 obj/krnl/fat.o
                0x0000000000004320                bs
                0x0000000000004524                fat
                0x0000000000004528                root_entries
                0x000000000000452c                data_addr
                0x0000000000004530                bytes_per_cluster
 .bss           0x0000000000004534        0xc obj/krnl/malloc.o
                0x0000000000004534                blob_size
                0x0000000000004538                malloc_entries
                0x000000000000453c                malloc_blob
 .bss           0x0000000000004540      0x800 obj/krnl/sys/ps2.o
                0x0000000000004540                IDT
 .bss           0x0000000000004d40        0x8 obj/krnl/sys/io.o
                0x0000000000004d40                scr_x
                0x0000000000004d44                scr_y
 .bss           0x0000000000004d48        0x0 obj/krnl/sys/serial.o
LOAD obj/krnl/link.o
LOAD obj/krnl/sys/pic.o
LOAD obj/krnl/sys/ports.o
LOAD obj/krnl/kernel.o
LOAD obj/krnl/shell.o
LOAD obj/krnl/io.o
LOAD obj/krnl/string.o
LOAD obj/krnl/sys/lba.o
LOAD obj/krnl/fat.o
LOAD obj/krnl/malloc.o
LOAD obj/krnl/sys/ps2.o
LOAD obj/krnl/sys/io.o
LOAD obj/krnl/sys/serial.o
OUTPUT(obj/kernel.bin binary)

.comment        0x0000000000000000       0xbe
 .comment       0x0000000000000000       0x13 obj/krnl/kernel.o
 .comment       0x0000000000000013       0x13 obj/krnl/shell.o
 .comment       0x0000000000000026       0x13 obj/krnl/io.o
 .comment       0x0000000000000039       0x13 obj/krnl/string.o
 .comment       0x000000000000004c       0x13 obj/krnl/sys/lba.o
 .comment       0x000000000000005f       0x13 obj/krnl/fat.o
 .comment       0x0000000000000072       0x13 obj/krnl/malloc.o
 .comment       0x0000000000000085       0x13 obj/krnl/sys/ps2.o
 .comment       0x0000000000000098       0x13 obj/krnl/sys/io.o
 .comment       0x00000000000000ab       0x13 obj/krnl/sys/serial.o
