
Memory Configuration

Name             Origin             Length             Attributes
*default*        0x0000000000000000 0xffffffffffffffff

Linker script and memory map

                0x0000000000001000                . = 0x1000

.text           0x0000000000001000     0x29fa
 *(.text)
 .text          0x0000000000001000       0x1c obj/krnl/link.o
                0x0000000000001000                _start
 *fill*         0x000000000000101c        0x4 
 .text          0x0000000000001020       0x1d obj/krnl/sys/pic.o
                0x0000000000001020                load_idt
                0x0000000000001028                enable_interrupts
                0x000000000000102a                keyboard_handler
                0x0000000000001033                int_handler
 *fill*         0x000000000000103d        0x3 
 .text          0x0000000000001040       0x34 obj/krnl/sys/ports.o
                0x0000000000001040                inb
                0x0000000000001046                outb
                0x0000000000001050                inw
                0x0000000000001059                outw
                0x0000000000001064                inl
                0x000000000000106a                outl
 .text          0x0000000000001074      0x27d obj/krnl/kernel.o
                0x0000000000001074                handle_keyboard
                0x000000000000110f                main
 .text          0x00000000000012f1      0x718 obj/krnl/shell.o
                0x00000000000018de                shell_init
                0x000000000000191b                shell_handle_key
 .text          0x0000000000001a09      0x2bd obj/krnl/io.o
                0x0000000000001a09                _itoa
                0x0000000000001ad7                printf
                0x0000000000001c85                puts
 .text          0x0000000000001cc6      0x2df obj/krnl/string.o
                0x0000000000001cc6                memset
                0x0000000000001d00                memcpy
                0x0000000000001d1f                mempcpy
                0x0000000000001d65                stpcpy
                0x0000000000001d99                strcpy
                0x0000000000001db5                strcat
                0x0000000000001de2                strcmp
                0x0000000000001e32                stpncpy
                0x0000000000001e7d                strncpy
                0x0000000000001e9c                strncat
                0x0000000000001ec9                strncmp
                0x0000000000001f23                strchr
                0x0000000000001f60                strlen
                0x0000000000001f84                strnlen
 .text          0x0000000000001fa5      0x5c3 obj/krnl/sys/lba.o
                0x00000000000022a1                ata_lba_read
                0x0000000000002405                ata_lba_write
 .text          0x0000000000002568      0xc2e obj/krnl/fat.o
                0x0000000000002568                clean_entry
                0x00000000000025d2                init_fs
                0x000000000000274f                format_entry
                0x00000000000027af                read_file
                0x00000000000029a8                format_attrs
                0x0000000000002aaf                list_dir
                0x0000000000002bf0                fopen
                0x0000000000002d18                get_nth_cluster
                0x0000000000002d75                fread
                0x0000000000002ee8                fseek
                0x0000000000002f44                fclose
                0x0000000000002f5f                allocate_cluster
                0x0000000000002fdb                fwrite
 .text          0x0000000000003196      0x325 obj/krnl/malloc.o
                0x0000000000003196                init_malloc
                0x0000000000003202                find_empty_entry
                0x000000000000323d                find_entry
                0x0000000000003279                realloc
                0x0000000000003316                find_up_nearest
                0x000000000000338e                malloc
                0x0000000000003456                free
 .text          0x00000000000034bb      0x192 obj/krnl/sys/ps2.o
                0x00000000000034bb                int_handle
                0x00000000000034d4                init_idt
                0x0000000000003632                kb_init
 .text          0x000000000000364d      0x3a7 obj/krnl/sys/io.o
                0x000000000000364d                swipeTerm
                0x0000000000003736                update_cursor
                0x00000000000037b1                newLine
                0x0000000000003805                setColor
                0x0000000000003813                putchar
                0x00000000000038bd                backspace
                0x0000000000003963                clearScreen
 .text          0x00000000000039f4        0x6 obj/krnl/sys/serial.o
                0x00000000000039f4                initSerial
 .text          0x00000000000039fa        0x0 obj/krnl/sys/keymap.o

.data           0x0000000000003a00      0x120
 *(.data)
 .data          0x0000000000003a00        0x4 obj/krnl/kernel.o
                0x0000000000003a00                mbr
 .data          0x0000000000003a04        0x0 obj/krnl/shell.o
 .data          0x0000000000003a04        0x0 obj/krnl/io.o
 .data          0x0000000000003a04        0x0 obj/krnl/string.o
 .data          0x0000000000003a04        0x0 obj/krnl/sys/lba.o
 .data          0x0000000000003a04        0x0 obj/krnl/fat.o
 .data          0x0000000000003a04        0x0 obj/krnl/malloc.o
 .data          0x0000000000003a04        0x0 obj/krnl/sys/ps2.o
 .data          0x0000000000003a04        0x4 obj/krnl/sys/io.o
                0x0000000000003a04                color
 .data          0x0000000000003a08        0x4 obj/krnl/sys/serial.o
                0x0000000000003a08                coms
 *fill*         0x0000000000003a0c       0x14 
 .data          0x0000000000003a20      0x100 obj/krnl/sys/keymap.o
                0x0000000000003a20                keymap
                0x0000000000003aa0                keymap_maj

.rodata         0x0000000000003b20      0x3ee
 *(.rodata)
 .rodata        0x0000000000003b20       0xb4 obj/krnl/kernel.o
 .rodata        0x0000000000003bd4      0x281 obj/krnl/shell.o
 .rodata        0x0000000000003e55       0x34 obj/krnl/sys/lba.o
 .rodata        0x0000000000003e89       0x3a obj/krnl/fat.o
 *fill*         0x0000000000003ec3        0x1 
 .rodata        0x0000000000003ec4       0x33 obj/krnl/malloc.o
 .rodata        0x0000000000003ef7       0x17 obj/krnl/sys/ps2.o

.bss            0x0000000000003f20     0x1288
 *(.bss)
 .bss           0x0000000000003f20        0x4 obj/krnl/kernel.o
 *fill*         0x0000000000003f24       0x1c 
 .bss           0x0000000000003f40      0x820 obj/krnl/shell.o
 .bss           0x0000000000004760        0x0 obj/krnl/io.o
 .bss           0x0000000000004760        0x0 obj/krnl/string.o
 .bss           0x0000000000004760        0x4 obj/krnl/sys/lba.o
 *fill*         0x0000000000004764       0x1c 
 .bss           0x0000000000004780      0x214 obj/krnl/fat.o
                0x0000000000004780                bs
                0x0000000000004984                fat
                0x0000000000004988                root_entries
                0x000000000000498c                data_addr
                0x0000000000004990                bytes_per_cluster
 .bss           0x0000000000004994        0xc obj/krnl/malloc.o
                0x0000000000004994                blob_size
                0x0000000000004998                malloc_entries
                0x000000000000499c                malloc_blob
 .bss           0x00000000000049a0      0x800 obj/krnl/sys/ps2.o
                0x00000000000049a0                IDT
 .bss           0x00000000000051a0        0x8 obj/krnl/sys/io.o
                0x00000000000051a0                scr_x
                0x00000000000051a4                scr_y
 .bss           0x00000000000051a8        0x0 obj/krnl/sys/serial.o
 .bss           0x00000000000051a8        0x0 obj/krnl/sys/keymap.o
LOAD obj/krnl/link.o
LOAD obj/krnl/sys/pic.o
LOAD obj/krnl/sys/ports.o
LOAD obj/krnl/kernel.o
LOAD obj/krnl/shell.o
LOAD obj/krnl/io.o
LOAD obj/krnl/string.o
LOAD obj/krnl/sys/lba.o
LOAD obj/krnl/fat.o
LOAD obj/krnl/malloc.o
LOAD obj/krnl/sys/ps2.o
LOAD obj/krnl/sys/io.o
LOAD obj/krnl/sys/serial.o
LOAD obj/krnl/sys/keymap.o
OUTPUT(obj/kernel.bin binary)

.comment        0x0000000000000000       0xd1
 .comment       0x0000000000000000       0x13 obj/krnl/kernel.o
 .comment       0x0000000000000013       0x13 obj/krnl/shell.o
 .comment       0x0000000000000026       0x13 obj/krnl/io.o
 .comment       0x0000000000000039       0x13 obj/krnl/string.o
 .comment       0x000000000000004c       0x13 obj/krnl/sys/lba.o
 .comment       0x000000000000005f       0x13 obj/krnl/fat.o
 .comment       0x0000000000000072       0x13 obj/krnl/malloc.o
 .comment       0x0000000000000085       0x13 obj/krnl/sys/ps2.o
 .comment       0x0000000000000098       0x13 obj/krnl/sys/io.o
 .comment       0x00000000000000ab       0x13 obj/krnl/sys/serial.o
 .comment       0x00000000000000be       0x13 obj/krnl/sys/keymap.o
