
Memory Configuration

Name             Origin             Length             Attributes
*default*        0x0000000000000000 0xffffffffffffffff

Linker script and memory map

                0x0000000000001000                . = 0x1000

.text           0x0000000000001000     0x38a7
 *(.text)
 .text          0x0000000000001000       0x30 obj/krnl/link.o
                0x0000000000001000                _start
 .text          0x0000000000001030       0x96 obj/krnl/sys/pic.o
                0x0000000000001030                load_idt
                0x0000000000001038                enable_interrupts
                0x000000000000103a                keyboard_handler
                0x0000000000001043                int_handler
                0x000000000000105c                isr0
                0x0000000000001062                isr1
                0x0000000000001068                isr2
                0x000000000000106e                isr3
                0x0000000000001074                isr4
                0x000000000000107a                isr5
                0x0000000000001080                isr6
                0x0000000000001086                isr7
                0x000000000000108c                isr8
                0x0000000000001090                isr9
                0x0000000000001096                isr10
                0x000000000000109a                isr11
                0x000000000000109e                isr12
                0x00000000000010a2                isr13
                0x00000000000010a6                isr14
                0x00000000000010aa                isr15
                0x00000000000010b0                isr16
                0x00000000000010b6                isr17
                0x00000000000010ba                isr18
                0x00000000000010c0                isr19
 *fill*         0x00000000000010c6        0xa 
 .text          0x00000000000010d0       0x36 obj/krnl/sys/ports.o
                0x00000000000010d0                inb
                0x00000000000010d8                outb
                0x00000000000010e2                inw
                0x00000000000010eb                outw
                0x00000000000010f6                inl
                0x00000000000010fc                outl
 .text          0x0000000000001106      0x1f9 obj/krnl/kernel.o
                0x0000000000001106                handle_keyboard
                0x00000000000011a1                main
 .text          0x00000000000012ff      0x958 obj/krnl/shell.o
                0x0000000000001b2c                shell_init
                0x0000000000001b69                shell_handle_key
 .text          0x0000000000001c57      0x343 obj/krnl/io.o
                0x0000000000001c57                _itoa
                0x0000000000001d3c                printf
                0x0000000000001f59                puts
 .text          0x0000000000001f9a      0x388 obj/krnl/string.o
                0x0000000000001f9a                memset
                0x0000000000001fd4                memcpy
                0x0000000000001ff3                mempcpy
                0x0000000000002039                stpcpy
                0x000000000000206d                strcpy
                0x0000000000002089                strcat
                0x00000000000020b6                strcmp
                0x0000000000002106                stpncpy
                0x0000000000002151                strncpy
                0x0000000000002170                strncat
                0x00000000000021c4                strncmp
                0x000000000000221e                strchr
                0x000000000000225b                strlen
                0x000000000000227f                strnlen
                0x00000000000022ae                atoi
 .text          0x0000000000002322      0x3b2 obj/krnl/sys/lba.o
                0x0000000000002437                ata_lba_read
                0x0000000000002586                ata_lba_write
 .text          0x00000000000026d4       0xcd obj/krnl/sys/paging.o
                0x00000000000026d4                init_paging
                0x000000000000277d                enable_paging
 .text          0x00000000000027a1     0x137e obj/krnl/fat.o
                0x000000000000280b                init_fs
                0x0000000000002c4d                read_file
                0x0000000000002f52                list_dir
                0x00000000000030a4                fopen
                0x0000000000003264                fread
                0x00000000000033dc                fseek
                0x0000000000003438                fclose
                0x00000000000034d3                fwrite
                0x00000000000038d0                create_file
                0x00000000000039dc                set_file_date
 .text          0x0000000000003b1f      0x325 obj/krnl/malloc.o
                0x0000000000003b1f                init_malloc
                0x0000000000003b8b                find_empty_entry
                0x0000000000003bc6                find_entry
                0x0000000000003c02                realloc
                0x0000000000003c9f                find_up_nearest
                0x0000000000003d17                malloc
                0x0000000000003ddf                free
 .text          0x0000000000003e44      0x276 obj/krnl/sys/ps2.o
                0x0000000000003e44                isr_handle
                0x0000000000003ec1                int_handle
                0x0000000000003eda                init_idt
                0x000000000000409f                kb_init
 .text          0x00000000000040ba      0x3b0 obj/krnl/sys/io.o
                0x00000000000040ba                swipeTerm
                0x00000000000041a3                update_cursor
                0x000000000000421e                newLine
                0x0000000000004272                setColor
                0x0000000000004280                putchar
                0x000000000000432a                backspace
                0x00000000000043d9                clearScreen
 .text          0x000000000000446a      0x1e5 obj/krnl/sys/serial.o
                0x000000000000446a                initSerial
                0x0000000000004586                writeSerial
                0x00000000000045d2                readSerial
                0x0000000000004612                serialString
 .text          0x000000000000464f      0x258 obj/krnl/sys/rtc.o
                0x00000000000046a7                rtc_init
                0x00000000000047e5                get_system_date
                0x0000000000004839                set_system_date
                0x0000000000004871                set_system_time
 .text          0x00000000000048a7        0x0 obj/krnl/sys/keymap.o

.data           0x00000000000048c0      0x200
 *(.data)
 .data          0x00000000000048c0        0x4 obj/krnl/kernel.o
                0x00000000000048c0                mbr
 .data          0x00000000000048c4        0x0 obj/krnl/shell.o
 .data          0x00000000000048c4        0x0 obj/krnl/io.o
 .data          0x00000000000048c4        0x0 obj/krnl/string.o
 .data          0x00000000000048c4        0x0 obj/krnl/sys/lba.o
 .data          0x00000000000048c4        0x0 obj/krnl/sys/paging.o
 .data          0x00000000000048c4        0x0 obj/krnl/fat.o
 .data          0x00000000000048c4        0x0 obj/krnl/malloc.o
 *fill*         0x00000000000048c4       0x1c 
 .data          0x00000000000048e0       0xb0 obj/krnl/sys/ps2.o
                0x00000000000048e0                int_table
 .data          0x0000000000004990        0x4 obj/krnl/sys/io.o
                0x0000000000004990                color
 .data          0x0000000000004994       0x18 obj/krnl/sys/serial.o
                0x0000000000004994                coms_table
                0x000000000000499c                lpts_table
                0x00000000000049a4                coms
                0x00000000000049a8                lpts
 .data          0x00000000000049ac        0x0 obj/krnl/sys/rtc.o
 *fill*         0x00000000000049ac       0x14 
 .data          0x00000000000049c0      0x100 obj/krnl/sys/keymap.o
                0x00000000000049c0                keymap
                0x0000000000004a40                keymap_maj

.rodata         0x0000000000004ac0      0x6ca
 *(.rodata)
 .rodata        0x0000000000004ac0       0x58 obj/krnl/kernel.o
 .rodata        0x0000000000004b18      0x3ad obj/krnl/shell.o
 *fill*         0x0000000000004ec5        0x3 
 .rodata        0x0000000000004ec8      0x11b obj/krnl/fat.o
 *fill*         0x0000000000004fe3        0x1 
 .rodata        0x0000000000004fe4       0x33 obj/krnl/malloc.o
 *fill*         0x0000000000005017        0x1 
 .rodata        0x0000000000005018      0x172 obj/krnl/sys/ps2.o
                0x0000000001400000                . = 0x1400000

.bss            0x0000000001400000   0x40284f
                0x0000000001400000                _bss_start = .
 *(.bss)
 .bss           0x0000000001400000        0x4 obj/krnl/kernel.o
 *fill*         0x0000000001400004       0x1c 
 .bss           0x0000000001400020      0x820 obj/krnl/shell.o
 .bss           0x0000000001400840        0x0 obj/krnl/io.o
 .bss           0x0000000001400840        0x0 obj/krnl/string.o
 .bss           0x0000000001400840        0x0 obj/krnl/sys/lba.o
 *fill*         0x0000000001400840      0x7c0 
 .bss           0x0000000001401000   0x401000 obj/krnl/sys/paging.o
                0x0000000001401000                page_directory
                0x0000000001402000                page_tables
 .bss           0x0000000001802000       0x1c obj/krnl/fat.o
 .bss           0x000000000180201c        0xc obj/krnl/malloc.o
                0x000000000180201c                blob_size
                0x0000000001802020                malloc_entries
                0x0000000001802024                malloc_blob
 *fill*         0x0000000001802028       0x18 
 .bss           0x0000000001802040      0x800 obj/krnl/sys/ps2.o
                0x0000000001802040                IDT
 .bss           0x0000000001802840        0x8 obj/krnl/sys/io.o
                0x0000000001802840                scr_x
                0x0000000001802844                scr_y
 .bss           0x0000000001802848        0x0 obj/krnl/sys/serial.o
 .bss           0x0000000001802848        0x7 obj/krnl/sys/rtc.o
 .bss           0x000000000180284f        0x0 obj/krnl/sys/keymap.o
 *(COMMON)
                0x000000000180284f                _bss_end = .
LOAD obj/krnl/link.o
LOAD obj/krnl/sys/pic.o
LOAD obj/krnl/sys/ports.o
LOAD obj/krnl/kernel.o
LOAD obj/krnl/shell.o
LOAD obj/krnl/io.o
LOAD obj/krnl/string.o
LOAD obj/krnl/sys/lba.o
LOAD obj/krnl/sys/paging.o
LOAD obj/krnl/fat.o
LOAD obj/krnl/malloc.o
LOAD obj/krnl/sys/ps2.o
LOAD obj/krnl/sys/io.o
LOAD obj/krnl/sys/serial.o
LOAD obj/krnl/sys/rtc.o
LOAD obj/krnl/sys/keymap.o
OUTPUT(obj/kernel.bin binary)

.comment        0x0000000000000000       0xf7
 .comment       0x0000000000000000       0x13 obj/krnl/kernel.o
 .comment       0x0000000000000013       0x13 obj/krnl/shell.o
 .comment       0x0000000000000026       0x13 obj/krnl/io.o
 .comment       0x0000000000000039       0x13 obj/krnl/string.o
 .comment       0x000000000000004c       0x13 obj/krnl/sys/lba.o
 .comment       0x000000000000005f       0x13 obj/krnl/sys/paging.o
 .comment       0x0000000000000072       0x13 obj/krnl/fat.o
 .comment       0x0000000000000085       0x13 obj/krnl/malloc.o
 .comment       0x0000000000000098       0x13 obj/krnl/sys/ps2.o
 .comment       0x00000000000000ab       0x13 obj/krnl/sys/io.o
 .comment       0x00000000000000be       0x13 obj/krnl/sys/serial.o
 .comment       0x00000000000000d1       0x13 obj/krnl/sys/rtc.o
 .comment       0x00000000000000e4       0x13 obj/krnl/sys/keymap.o
