
Memory Configuration

Name             Origin             Length             Attributes
*default*        0x0000000000000000 0xffffffffffffffff

Linker script and memory map

                0x0000000000001000                . = 0x1000

.text           0x0000000000001000     0x27a2
 *(.text)
 .text          0x0000000000001000       0x1c obj/krnl/link.o
                0x0000000000001000                _start
 *fill*         0x000000000000101c        0x4 
 .text          0x0000000000001020       0x1d obj/krnl/sys/pic.o
                0x0000000000001020                load_idt
                0x0000000000001028                enable_interrupts
                0x000000000000102a                keyboard_handler
                0x0000000000001033                int_handler
 *fill*         0x000000000000103d        0x3 
 .text          0x0000000000001040       0x34 obj/krnl/sys/ports.o
                0x0000000000001040                inb
                0x0000000000001046                outb
                0x0000000000001050                inw
                0x0000000000001059                outw
                0x0000000000001064                inl
                0x000000000000106a                outl
 .text          0x0000000000001074      0x27d obj/krnl/kernel.o
                0x0000000000001074                handle_keyboard
                0x000000000000110f                main
 .text          0x00000000000012f1      0x718 obj/krnl/shell.o
                0x00000000000018de                shell_init
                0x000000000000191b                shell_handle_key
 .text          0x0000000000001a09      0x2bd obj/krnl/io.o
                0x0000000000001a09                _itoa
                0x0000000000001ad7                printf
                0x0000000000001c85                puts
 .text          0x0000000000001cc6      0x2df obj/krnl/string.o
                0x0000000000001cc6                memset
                0x0000000000001d00                memcpy
                0x0000000000001d1f                mempcpy
                0x0000000000001d65                stpcpy
                0x0000000000001d99                strcpy
                0x0000000000001db5                strcat
                0x0000000000001de2                strcmp
                0x0000000000001e32                stpncpy
                0x0000000000001e7d                strncpy
                0x0000000000001e9c                strncat
                0x0000000000001ec9                strncmp
                0x0000000000001f23                strchr
                0x0000000000001f60                strlen
                0x0000000000001f84                strnlen
 .text          0x0000000000001fa5      0x3b2 obj/krnl/sys/lba.o
                0x00000000000020ba                ata_lba_read
                0x0000000000002209                ata_lba_write
 .text          0x0000000000002357      0xbe7 obj/krnl/fat.o
                0x00000000000023c1                init_fs
                0x0000000000002526                read_file
                0x000000000000282b                list_dir
                0x000000000000296e                fopen
                0x0000000000002af7                fread
                0x0000000000002c6f                fseek
                0x0000000000002ccb                fclose
                0x0000000000002d66                fwrite
 .text          0x0000000000002f3e      0x325 obj/krnl/malloc.o
                0x0000000000002f3e                init_malloc
                0x0000000000002faa                find_empty_entry
                0x0000000000002fe5                find_entry
                0x0000000000003021                realloc
                0x00000000000030be                find_up_nearest
                0x0000000000003136                malloc
                0x00000000000031fe                free
 .text          0x0000000000003263      0x192 obj/krnl/sys/ps2.o
                0x0000000000003263                int_handle
                0x000000000000327c                init_idt
                0x00000000000033da                kb_init
 .text          0x00000000000033f5      0x3a7 obj/krnl/sys/io.o
                0x00000000000033f5                swipeTerm
                0x00000000000034de                update_cursor
                0x0000000000003559                newLine
                0x00000000000035ad                setColor
                0x00000000000035bb                putchar
                0x0000000000003665                backspace
                0x000000000000370b                clearScreen
 .text          0x000000000000379c        0x6 obj/krnl/sys/serial.o
                0x000000000000379c                initSerial
 .text          0x00000000000037a2        0x0 obj/krnl/sys/keymap.o

.data           0x00000000000037c0      0x120
 *(.data)
 .data          0x00000000000037c0        0x4 obj/krnl/kernel.o
                0x00000000000037c0                mbr
 .data          0x00000000000037c4        0x0 obj/krnl/shell.o
 .data          0x00000000000037c4        0x0 obj/krnl/io.o
 .data          0x00000000000037c4        0x0 obj/krnl/string.o
 .data          0x00000000000037c4        0x0 obj/krnl/sys/lba.o
 .data          0x00000000000037c4        0x0 obj/krnl/fat.o
 .data          0x00000000000037c4        0x0 obj/krnl/malloc.o
 .data          0x00000000000037c4        0x0 obj/krnl/sys/ps2.o
 .data          0x00000000000037c4        0x4 obj/krnl/sys/io.o
                0x00000000000037c4                color
 .data          0x00000000000037c8        0x4 obj/krnl/sys/serial.o
                0x00000000000037c8                coms
 *fill*         0x00000000000037cc       0x14 
 .data          0x00000000000037e0      0x100 obj/krnl/sys/keymap.o
                0x00000000000037e0                keymap
                0x0000000000003860                keymap_maj

.rodata         0x00000000000038e0      0x3ba
 *(.rodata)
 .rodata        0x00000000000038e0       0xb4 obj/krnl/kernel.o
 .rodata        0x0000000000003994      0x281 obj/krnl/shell.o
 .rodata        0x0000000000003c15       0x3a obj/krnl/fat.o
 *fill*         0x0000000000003c4f        0x1 
 .rodata        0x0000000000003c50       0x33 obj/krnl/malloc.o
 .rodata        0x0000000000003c83       0x17 obj/krnl/sys/ps2.o

.bss            0x0000000000003ca0     0x1068
 *(.bss)
 .bss           0x0000000000003ca0        0x4 obj/krnl/kernel.o
 *fill*         0x0000000000003ca4       0x1c 
 .bss           0x0000000000003cc0      0x820 obj/krnl/shell.o
 .bss           0x00000000000044e0        0x0 obj/krnl/io.o
 .bss           0x00000000000044e0        0x0 obj/krnl/string.o
 .bss           0x00000000000044e0        0x0 obj/krnl/sys/lba.o
 .bss           0x00000000000044e0       0x14 obj/krnl/fat.o
 .bss           0x00000000000044f4        0xc obj/krnl/malloc.o
                0x00000000000044f4                blob_size
                0x00000000000044f8                malloc_entries
                0x00000000000044fc                malloc_blob
 .bss           0x0000000000004500      0x800 obj/krnl/sys/ps2.o
                0x0000000000004500                IDT
 .bss           0x0000000000004d00        0x8 obj/krnl/sys/io.o
                0x0000000000004d00                scr_x
                0x0000000000004d04                scr_y
 .bss           0x0000000000004d08        0x0 obj/krnl/sys/serial.o
 .bss           0x0000000000004d08        0x0 obj/krnl/sys/keymap.o
LOAD obj/krnl/link.o
LOAD obj/krnl/sys/pic.o
LOAD obj/krnl/sys/ports.o
LOAD obj/krnl/kernel.o
LOAD obj/krnl/shell.o
LOAD obj/krnl/io.o
LOAD obj/krnl/string.o
LOAD obj/krnl/sys/lba.o
LOAD obj/krnl/fat.o
LOAD obj/krnl/malloc.o
LOAD obj/krnl/sys/ps2.o
LOAD obj/krnl/sys/io.o
LOAD obj/krnl/sys/serial.o
LOAD obj/krnl/sys/keymap.o
OUTPUT(obj/kernel.bin binary)

.comment        0x0000000000000000       0xd1
 .comment       0x0000000000000000       0x13 obj/krnl/kernel.o
 .comment       0x0000000000000013       0x13 obj/krnl/shell.o
 .comment       0x0000000000000026       0x13 obj/krnl/io.o
 .comment       0x0000000000000039       0x13 obj/krnl/string.o
 .comment       0x000000000000004c       0x13 obj/krnl/sys/lba.o
 .comment       0x000000000000005f       0x13 obj/krnl/fat.o
 .comment       0x0000000000000072       0x13 obj/krnl/malloc.o
 .comment       0x0000000000000085       0x13 obj/krnl/sys/ps2.o
 .comment       0x0000000000000098       0x13 obj/krnl/sys/io.o
 .comment       0x00000000000000ab       0x13 obj/krnl/sys/serial.o
 .comment       0x00000000000000be       0x13 obj/krnl/sys/keymap.o
