
Memory Configuration

Name             Origin             Length             Attributes
*default*        0x0000000000000000 0xffffffffffffffff

Linker script and memory map

                0x0000000000001000                . = 0x1000

.text           0x0000000000001000     0x2c2c
 *(.text)
 .text          0x0000000000001000       0x1c obj/krnl/link.o
                0x0000000000001000                _start
 *fill*         0x000000000000101c        0x4 
 .text          0x0000000000001020       0x96 obj/krnl/sys/pic.o
                0x0000000000001020                load_idt
                0x0000000000001028                enable_interrupts
                0x000000000000102a                keyboard_handler
                0x0000000000001033                int_handler
                0x000000000000104c                isr0
                0x0000000000001052                isr1
                0x0000000000001058                isr2
                0x000000000000105e                isr3
                0x0000000000001064                isr4
                0x000000000000106a                isr5
                0x0000000000001070                isr6
                0x0000000000001076                isr7
                0x000000000000107c                isr8
                0x0000000000001080                isr9
                0x0000000000001086                isr10
                0x000000000000108a                isr11
                0x000000000000108e                isr12
                0x0000000000001092                isr13
                0x0000000000001096                isr14
                0x000000000000109a                isr15
                0x00000000000010a0                isr16
                0x00000000000010a6                isr17
                0x00000000000010aa                isr18
                0x00000000000010b0                isr19
 *fill*         0x00000000000010b6        0xa 
 .text          0x00000000000010c0       0x34 obj/krnl/sys/ports.o
                0x00000000000010c0                inb
                0x00000000000010c6                outb
                0x00000000000010d0                inw
                0x00000000000010d9                outw
                0x00000000000010e4                inl
                0x00000000000010ea                outl
 .text          0x00000000000010f4      0x20c obj/krnl/kernel.o
                0x00000000000010f4                handle_keyboard
                0x000000000000118f                main
 .text          0x0000000000001300      0x77d obj/krnl/shell.o
                0x0000000000001952                shell_init
                0x000000000000198f                shell_handle_key
 .text          0x0000000000001a7d      0x324 obj/krnl/io.o
                0x0000000000001a7d                _itoa
                0x0000000000001b62                printf
                0x0000000000001d60                puts
 .text          0x0000000000001da1      0x2df obj/krnl/string.o
                0x0000000000001da1                memset
                0x0000000000001ddb                memcpy
                0x0000000000001dfa                mempcpy
                0x0000000000001e40                stpcpy
                0x0000000000001e74                strcpy
                0x0000000000001e90                strcat
                0x0000000000001ebd                strcmp
                0x0000000000001f0d                stpncpy
                0x0000000000001f58                strncpy
                0x0000000000001f77                strncat
                0x0000000000001fa4                strncmp
                0x0000000000001ffe                strchr
                0x000000000000203b                strlen
                0x000000000000205f                strnlen
 .text          0x0000000000002080      0x3b2 obj/krnl/sys/lba.o
                0x0000000000002195                ata_lba_read
                0x00000000000022e4                ata_lba_write
 .text          0x0000000000002432      0xd24 obj/krnl/fat.o
                0x000000000000249c                init_fs
                0x00000000000026d4                read_file
                0x00000000000029d9                list_dir
                0x0000000000002b1c                fopen
                0x0000000000002cae                fread
                0x0000000000002e26                fseek
                0x0000000000002e82                fclose
                0x0000000000002f1d                fwrite
 .text          0x0000000000003156      0x325 obj/krnl/malloc.o
                0x0000000000003156                init_malloc
                0x00000000000031c2                find_empty_entry
                0x00000000000031fd                find_entry
                0x0000000000003239                realloc
                0x00000000000032d6                find_up_nearest
                0x000000000000334e                malloc
                0x0000000000003416                free
 .text          0x000000000000347b      0x225 obj/krnl/sys/ps2.o
                0x000000000000347b                isr_handle
                0x00000000000034a7                int_handle
                0x00000000000034c0                init_idt
                0x0000000000003685                kb_init
 .text          0x00000000000036a0      0x3a7 obj/krnl/sys/io.o
                0x00000000000036a0                swipeTerm
                0x0000000000003789                update_cursor
                0x0000000000003804                newLine
                0x0000000000003858                setColor
                0x0000000000003866                putchar
                0x0000000000003910                backspace
                0x00000000000039b6                clearScreen
 .text          0x0000000000003a47      0x1e5 obj/krnl/sys/serial.o
                0x0000000000003a47                initSerial
                0x0000000000003b63                writeSerial
                0x0000000000003baf                readSerial
                0x0000000000003bef                serialString
 .text          0x0000000000003c2c        0x0 obj/krnl/sys/keymap.o

.data           0x0000000000003c40      0x1a0
 *(.data)
 .data          0x0000000000003c40        0x4 obj/krnl/kernel.o
                0x0000000000003c40                mbr
 .data          0x0000000000003c44        0x0 obj/krnl/shell.o
 .data          0x0000000000003c44        0x0 obj/krnl/io.o
 .data          0x0000000000003c44        0x0 obj/krnl/string.o
 .data          0x0000000000003c44        0x0 obj/krnl/sys/lba.o
 .data          0x0000000000003c44        0x0 obj/krnl/fat.o
 .data          0x0000000000003c44        0x0 obj/krnl/malloc.o
 *fill*         0x0000000000003c44       0x1c 
 .data          0x0000000000003c60       0x50 obj/krnl/sys/ps2.o
                0x0000000000003c60                int_table
 .data          0x0000000000003cb0        0x4 obj/krnl/sys/io.o
                0x0000000000003cb0                color
 .data          0x0000000000003cb4       0x18 obj/krnl/sys/serial.o
                0x0000000000003cb4                coms_table
                0x0000000000003cbc                lpts_table
                0x0000000000003cc4                coms
                0x0000000000003cc8                lpts
 *fill*         0x0000000000003ccc       0x14 
 .data          0x0000000000003ce0      0x100 obj/krnl/sys/keymap.o
                0x0000000000003ce0                keymap
                0x0000000000003d60                keymap_maj

.rodata         0x0000000000003de0      0x416
 *(.rodata)
 .rodata        0x0000000000003de0       0x7d obj/krnl/kernel.o
 *fill*         0x0000000000003e5d        0x3 
 .rodata        0x0000000000003e60      0x2f1 obj/krnl/shell.o
 .rodata        0x0000000000004151       0x3a obj/krnl/fat.o
 *fill*         0x000000000000418b        0x1 
 .rodata        0x000000000000418c       0x33 obj/krnl/malloc.o
 *fill*         0x00000000000041bf        0x1 
 .rodata        0x00000000000041c0       0x36 obj/krnl/sys/ps2.o

.bss            0x0000000000004200     0x1088
 *(.bss)
 .bss           0x0000000000004200        0x4 obj/krnl/kernel.o
 *fill*         0x0000000000004204       0x1c 
 .bss           0x0000000000004220      0x820 obj/krnl/shell.o
 .bss           0x0000000000004a40        0x0 obj/krnl/io.o
 .bss           0x0000000000004a40        0x0 obj/krnl/string.o
 .bss           0x0000000000004a40        0x0 obj/krnl/sys/lba.o
 .bss           0x0000000000004a40       0x1c obj/krnl/fat.o
 .bss           0x0000000000004a5c        0xc obj/krnl/malloc.o
                0x0000000000004a5c                blob_size
                0x0000000000004a60                malloc_entries
                0x0000000000004a64                malloc_blob
 *fill*         0x0000000000004a68       0x18 
 .bss           0x0000000000004a80      0x800 obj/krnl/sys/ps2.o
                0x0000000000004a80                IDT
 .bss           0x0000000000005280        0x8 obj/krnl/sys/io.o
                0x0000000000005280                scr_x
                0x0000000000005284                scr_y
 .bss           0x0000000000005288        0x0 obj/krnl/sys/serial.o
 .bss           0x0000000000005288        0x0 obj/krnl/sys/keymap.o
LOAD obj/krnl/link.o
LOAD obj/krnl/sys/pic.o
LOAD obj/krnl/sys/ports.o
LOAD obj/krnl/kernel.o
LOAD obj/krnl/shell.o
LOAD obj/krnl/io.o
LOAD obj/krnl/string.o
LOAD obj/krnl/sys/lba.o
LOAD obj/krnl/fat.o
LOAD obj/krnl/malloc.o
LOAD obj/krnl/sys/ps2.o
LOAD obj/krnl/sys/io.o
LOAD obj/krnl/sys/serial.o
LOAD obj/krnl/sys/keymap.o
OUTPUT(obj/kernel.bin binary)

.comment        0x0000000000000000       0xd1
 .comment       0x0000000000000000       0x13 obj/krnl/kernel.o
 .comment       0x0000000000000013       0x13 obj/krnl/shell.o
 .comment       0x0000000000000026       0x13 obj/krnl/io.o
 .comment       0x0000000000000039       0x13 obj/krnl/string.o
 .comment       0x000000000000004c       0x13 obj/krnl/sys/lba.o
 .comment       0x000000000000005f       0x13 obj/krnl/fat.o
 .comment       0x0000000000000072       0x13 obj/krnl/malloc.o
 .comment       0x0000000000000085       0x13 obj/krnl/sys/ps2.o
 .comment       0x0000000000000098       0x13 obj/krnl/sys/io.o
 .comment       0x00000000000000ab       0x13 obj/krnl/sys/serial.o
 .comment       0x00000000000000be       0x13 obj/krnl/sys/keymap.o
