
Memory Configuration

Name             Origin             Length             Attributes
*default*        0x0000000000000000 0xffffffffffffffff

Linker script and memory map

                0x0000000000001000                . = 0x1000

.text           0x0000000000001000     0x489e
 *(.text)
 .text          0x0000000000001000       0x30 obj/krnl/link.o
                0x0000000000001000                _start
 .text          0x0000000000001030       0xaa obj/krnl/sys/pic.o
                0x0000000000001030                load_idt
                0x0000000000001038                enable_interrupts
                0x000000000000103a                timer_handler
                0x000000000000104e                keyboard_handler
                0x0000000000001057                int_handler
                0x0000000000001070                isr0
                0x0000000000001076                isr1
                0x000000000000107c                isr2
                0x0000000000001082                isr3
                0x0000000000001088                isr4
                0x000000000000108e                isr5
                0x0000000000001094                isr6
                0x000000000000109a                isr7
                0x00000000000010a0                isr8
                0x00000000000010a4                isr9
                0x00000000000010aa                isr10
                0x00000000000010ae                isr11
                0x00000000000010b2                isr12
                0x00000000000010b6                isr13
                0x00000000000010ba                isr14
                0x00000000000010be                isr15
                0x00000000000010c4                isr16
                0x00000000000010ca                isr17
                0x00000000000010ce                isr18
                0x00000000000010d4                isr19
 *fill*         0x00000000000010da        0x6 
 .text          0x00000000000010e0       0x36 obj/krnl/sys/ports.o
                0x00000000000010e0                inb
                0x00000000000010e8                outb
                0x00000000000010f2                inw
                0x00000000000010fb                outw
                0x0000000000001106                inl
                0x000000000000110c                outl
 .text          0x0000000000001116      0x2be obj/krnl/kernel.o
                0x0000000000001116                handle_keyboard
                0x00000000000011b1                main
 .text          0x00000000000013d4      0xae4 obj/krnl/shell.o
                0x0000000000001d8d                shell_init
                0x0000000000001dca                shell_handle_key
 .text          0x0000000000001eb8      0x598 obj/krnl/io.o
                0x0000000000001eb8                _itoa
                0x0000000000001f9d                printf
                0x00000000000021ba                puts
                0x00000000000021fb                serial_printf
 .text          0x0000000000002450      0x388 obj/krnl/string.o
                0x0000000000002450                memset
                0x000000000000248a                memcpy
                0x00000000000024a9                mempcpy
                0x00000000000024ef                stpcpy
                0x0000000000002523                strcpy
                0x000000000000253f                strcat
                0x000000000000256c                strcmp
                0x00000000000025bc                stpncpy
                0x0000000000002607                strncpy
                0x0000000000002626                strncat
                0x000000000000267a                strncmp
                0x00000000000026d4                strchr
                0x0000000000002711                strlen
                0x0000000000002735                strnlen
                0x0000000000002764                atoi
 .text          0x00000000000027d8      0x3f6 obj/krnl/sys/lba.o
                0x00000000000028ed                ata_lba_read
                0x0000000000002a5e                ata_lba_write
 .text          0x0000000000002bce       0xdd obj/krnl/sys/paging.o
                0x0000000000002bce                init_paging
                0x0000000000002c87                enable_paging
 .text          0x0000000000002cab     0x170f obj/krnl/fat.o
                0x0000000000002d2c                init_fs
                0x0000000000003255                read_file
                0x00000000000035aa                list_dir
                0x0000000000003712                fopen
                0x0000000000003937                fread
                0x0000000000003b17                fseek
                0x0000000000003ba1                fclose
                0x0000000000003c3c                fwrite
                0x0000000000004170                create_file
                0x000000000000427d                set_file_date
 .text          0x00000000000043ba      0x34d obj/krnl/malloc.o
                0x00000000000043ba                init_malloc
                0x000000000000443e                find_empty_entry
                0x0000000000004479                find_entry
                0x00000000000044b5                realloc
                0x0000000000004552                find_up_nearest
                0x00000000000045ca                malloc
                0x00000000000046a2                free
 .text          0x0000000000004707      0x2c1 obj/krnl/sys/ps2.o
                0x0000000000004707                isr_handle
                0x000000000000479f                int_handle
                0x00000000000047b8                init_idt
                0x00000000000049ad                kb_init
 .text          0x00000000000049c8      0x3b0 obj/krnl/sys/io.o
                0x00000000000049c8                swipeTerm
                0x0000000000004ab1                update_cursor
                0x0000000000004b2c                newLine
                0x0000000000004b80                setColor
                0x0000000000004b8e                putchar
                0x0000000000004c38                backspace
                0x0000000000004ce7                clearScreen
 .text          0x0000000000004d78      0x1e5 obj/krnl/sys/serial.o
                0x0000000000004d78                initSerial
                0x0000000000004e94                writeSerial
                0x0000000000004ee0                readSerial
                0x0000000000004f20                serialString
 .text          0x0000000000004f5d      0x44d obj/krnl/sys/rtc.o
                0x0000000000005059                rtc_init
                0x0000000000005203                get_system_date
                0x0000000000005257                set_system_date
                0x0000000000005374                set_system_time
 .text          0x00000000000053aa        0x0 obj/krnl/sys/keymap.o
 .text          0x00000000000053aa       0xfc obj/krnl/sys/timer.o
                0x00000000000053aa                init_timer
                0x000000000000542a                handle_timer
                0x000000000000544f                get_ticks
                0x0000000000005459                sleep
 .text          0x00000000000054a6      0x3f8 obj/krnl/sys/task.o
                0x00000000000054ca                task_init
                0x0000000000005515                task_create
                0x00000000000056d1                task_schedule
                0x00000000000057cf                task_count
                0x000000000000581c                task_list

.data           0x00000000000058a0      0x204
 *(.data)
 .data          0x00000000000058a0        0x4 obj/krnl/kernel.o
                0x00000000000058a0                mbr
 .data          0x00000000000058a4        0x4 obj/krnl/shell.o
 .data          0x00000000000058a8        0x0 obj/krnl/io.o
 .data          0x00000000000058a8        0x0 obj/krnl/string.o
 .data          0x00000000000058a8        0x0 obj/krnl/sys/lba.o
 .data          0x00000000000058a8        0x0 obj/krnl/sys/paging.o
 .data          0x00000000000058a8        0x0 obj/krnl/fat.o
 .data          0x00000000000058a8        0x0 obj/krnl/malloc.o
 *fill*         0x00000000000058a8       0x18 
 .data          0x00000000000058c0       0xb0 obj/krnl/sys/ps2.o
                0x00000000000058c0                int_table
 .data          0x0000000000005970        0x4 obj/krnl/sys/io.o
                0x0000000000005970                color
 .data          0x0000000000005974       0x18 obj/krnl/sys/serial.o
                0x0000000000005974                coms_table
                0x000000000000597c                lpts_table
                0x0000000000005984                coms
                0x0000000000005988                lpts
 .data          0x000000000000598c        0x0 obj/krnl/sys/rtc.o
 *fill*         0x000000000000598c       0x14 
 .data          0x00000000000059a0      0x100 obj/krnl/sys/keymap.o
                0x00000000000059a0                keymap
                0x0000000000005a20                keymap_maj
 .data          0x0000000000005aa0        0x4 obj/krnl/sys/timer.o
 .data          0x0000000000005aa4        0x0 obj/krnl/sys/task.o

.rodata         0x0000000000005aa4      0x993
 *(.rodata)
 .rodata        0x0000000000005aa4      0x1ca obj/krnl/kernel.o
 *fill*         0x0000000000005c6e        0x2 
 .rodata        0x0000000000005c70      0x4e5 obj/krnl/shell.o
 *fill*         0x0000000000006155        0x3 
 .rodata        0x0000000000006158      0x101 obj/krnl/fat.o
 *fill*         0x0000000000006259        0x3 
 .rodata        0x000000000000625c       0x33 obj/krnl/malloc.o
 *fill*         0x000000000000628f        0x1 
 .rodata        0x0000000000006290      0x181 obj/krnl/sys/ps2.o
 .rodata        0x0000000000006411       0x26 obj/krnl/sys/task.o
                0x0000000001400000                . = 0x1400000

.bss            0x0000000001400000   0x402964
                0x0000000001400000                _bss_start = .
 *(.bss)
 .bss           0x0000000001400000        0x4 obj/krnl/kernel.o
 *fill*         0x0000000001400004       0x1c 
 .bss           0x0000000001400020      0x820 obj/krnl/shell.o
 .bss           0x0000000001400840        0x0 obj/krnl/io.o
 .bss           0x0000000001400840        0x0 obj/krnl/string.o
 .bss           0x0000000001400840        0x0 obj/krnl/sys/lba.o
 *fill*         0x0000000001400840      0x7c0 
 .bss           0x0000000001401000   0x401000 obj/krnl/sys/paging.o
                0x0000000001401000                page_directory
                0x0000000001402000                page_tables
 .bss           0x0000000001802000       0x1c obj/krnl/fat.o
 .bss           0x000000000180201c        0xc obj/krnl/malloc.o
                0x000000000180201c                blob_size
                0x0000000001802020                malloc_entries
                0x0000000001802024                malloc_blob
 *fill*         0x0000000001802028       0x18 
 .bss           0x0000000001802040      0x800 obj/krnl/sys/ps2.o
                0x0000000001802040                IDT
 .bss           0x0000000001802840        0x8 obj/krnl/sys/io.o
                0x0000000001802840                scr_x
                0x0000000001802844                scr_y
 .bss           0x0000000001802848        0x0 obj/krnl/sys/serial.o
 .bss           0x0000000001802848        0x7 obj/krnl/sys/rtc.o
 .bss           0x000000000180284f        0x0 obj/krnl/sys/keymap.o
 *fill*         0x000000000180284f        0x1 
 .bss           0x0000000001802850        0x4 obj/krnl/sys/timer.o
 *fill*         0x0000000001802854        0xc 
 .bss           0x0000000001802860      0x104 obj/krnl/sys/task.o
 *(COMMON)
                0x0000000001802964                _bss_end = .
LOAD obj/krnl/link.o
LOAD obj/krnl/sys/pic.o
LOAD obj/krnl/sys/ports.o
LOAD obj/krnl/kernel.o
LOAD obj/krnl/shell.o
LOAD obj/krnl/io.o
LOAD obj/krnl/string.o
LOAD obj/krnl/sys/lba.o
LOAD obj/krnl/sys/paging.o
LOAD obj/krnl/fat.o
LOAD obj/krnl/malloc.o
LOAD obj/krnl/sys/ps2.o
LOAD obj/krnl/sys/io.o
LOAD obj/krnl/sys/serial.o
LOAD obj/krnl/sys/rtc.o
LOAD obj/krnl/sys/keymap.o
LOAD obj/krnl/sys/timer.o
LOAD obj/krnl/sys/task.o
OUTPUT(obj/kernel.bin binary)

.comment        0x0000000000000000      0x11d
 .comment       0x0000000000000000       0x13 obj/krnl/kernel.o
 .comment       0x0000000000000013       0x13 obj/krnl/shell.o
 .comment       0x0000000000000026       0x13 obj/krnl/io.o
 .comment       0x0000000000000039       0x13 obj/krnl/string.o
 .comment       0x000000000000004c       0x13 obj/krnl/sys/lba.o
 .comment       0x000000000000005f       0x13 obj/krnl/sys/paging.o
 .comment       0x0000000000000072       0x13 obj/krnl/fat.o
 .comment       0x0000000000000085       0x13 obj/krnl/malloc.o
 .comment       0x0000000000000098       0x13 obj/krnl/sys/ps2.o
 .comment       0x00000000000000ab       0x13 obj/krnl/sys/io.o
 .comment       0x00000000000000be       0x13 obj/krnl/sys/serial.o
 .comment       0x00000000000000d1       0x13 obj/krnl/sys/rtc.o
 .comment       0x00000000000000e4       0x13 obj/krnl/sys/keymap.o
 .comment       0x00000000000000f7       0x13 obj/krnl/sys/timer.o
 .comment       0x000000000000010a       0x13 obj/krnl/sys/task.o
