
Memory Configuration

Name             Origin             Length             Attributes
*default*        0x0000000000000000 0xffffffffffffffff

Linker script and memory map

                0x0000000000001000                . = 0x1000

.text           0x0000000000001000     0x2646
 *(.text)
 .text          0x0000000000001000       0x1c obj/krnl/link.o
                0x0000000000001000                _start
 *fill*         0x000000000000101c        0x4 
 .text          0x0000000000001020       0x1d obj/krnl/sys/pic.o
                0x0000000000001020                load_idt
                0x0000000000001028                enable_interrupts
                0x000000000000102a                keyboard_handler
                0x0000000000001033                int_handler
 *fill*         0x000000000000103d        0x3 
 .text          0x0000000000001040       0x24 obj/krnl/sys/ports.o
                0x0000000000001040                inb
                0x0000000000001046                outb
                0x0000000000001050                inw
                0x0000000000001059                outw
 .text          0x0000000000001064      0x204 obj/krnl/kernel.o
                0x0000000000001064                handle_keyboard
                0x00000000000010ff                main
 .text          0x0000000000001268      0x766 obj/krnl/shell.o
                0x0000000000001855                shell_init
                0x00000000000018e0                shell_handle_key
 .text          0x00000000000019ce      0x2bd obj/krnl/io.o
                0x00000000000019ce                _itoa
                0x0000000000001a9c                printf
                0x0000000000001c4a                puts
 .text          0x0000000000001c8b      0x2df obj/krnl/string.o
                0x0000000000001c8b                memset
                0x0000000000001cc5                memcpy
                0x0000000000001ce4                mempcpy
                0x0000000000001d2a                stpcpy
                0x0000000000001d5e                strcpy
                0x0000000000001d7a                strcat
                0x0000000000001da7                strcmp
                0x0000000000001df7                stpncpy
                0x0000000000001e42                strncpy
                0x0000000000001e61                strncat
                0x0000000000001e8e                strncmp
                0x0000000000001ee8                strchr
                0x0000000000001f25                strlen
                0x0000000000001f49                strnlen
 .text          0x0000000000001f6a      0x24a obj/krnl/sys/lba.o
                0x0000000000001f6a                ata_lba_read
                0x000000000000208d                ata_lba_write
 .text          0x00000000000021b4      0xc2e obj/krnl/fat.o
                0x00000000000021b4                clean_entry
                0x000000000000221e                init_fs
                0x000000000000239b                format_entry
                0x00000000000023fb                read_file
                0x00000000000025f4                format_attrs
                0x00000000000026fb                list_dir
                0x000000000000283c                fopen
                0x0000000000002964                get_nth_cluster
                0x00000000000029c1                fread
                0x0000000000002b34                fseek
                0x0000000000002b90                fclose
                0x0000000000002bab                allocate_cluster
                0x0000000000002c27                fwrite
 .text          0x0000000000002de2      0x325 obj/krnl/malloc.o
                0x0000000000002de2                init_malloc
                0x0000000000002e4e                find_empty_entry
                0x0000000000002e89                find_entry
                0x0000000000002ec5                realloc
                0x0000000000002f62                find_up_nearest
                0x0000000000002fda                malloc
                0x00000000000030a2                free
 .text          0x0000000000003107      0x192 obj/krnl/sys/ps2.o
                0x0000000000003107                int_handle
                0x0000000000003120                init_idt
                0x000000000000327e                kb_init
 .text          0x0000000000003299      0x3a7 obj/krnl/sys/io.o
                0x0000000000003299                swipeTerm
                0x0000000000003382                update_cursor
                0x00000000000033fd                newLine
                0x0000000000003451                setColor
                0x000000000000345f                putchar
                0x0000000000003509                backspace
                0x00000000000035af                clearScreen
 .text          0x0000000000003640        0x6 obj/krnl/sys/serial.o
                0x0000000000003640                initSerial
 .text          0x0000000000003646        0x0 obj/krnl/sys/keymap.o

.data           0x0000000000003660      0x120
 *(.data)
 .data          0x0000000000003660        0x4 obj/krnl/kernel.o
                0x0000000000003660                mbr
 .data          0x0000000000003664        0x0 obj/krnl/shell.o
 .data          0x0000000000003664        0x0 obj/krnl/io.o
 .data          0x0000000000003664        0x0 obj/krnl/string.o
 .data          0x0000000000003664        0x0 obj/krnl/sys/lba.o
 .data          0x0000000000003664        0x0 obj/krnl/fat.o
 .data          0x0000000000003664        0x0 obj/krnl/malloc.o
 .data          0x0000000000003664        0x0 obj/krnl/sys/ps2.o
 .data          0x0000000000003664        0x4 obj/krnl/sys/io.o
                0x0000000000003664                color
 .data          0x0000000000003668        0x4 obj/krnl/sys/serial.o
                0x0000000000003668                coms
 *fill*         0x000000000000366c       0x14 
 .data          0x0000000000003680      0x100 obj/krnl/sys/keymap.o
                0x0000000000003680                keymap
                0x0000000000003700                keymap_maj

.rodata         0x0000000000003780      0x38a
 *(.rodata)
 .rodata        0x0000000000003780       0x81 obj/krnl/kernel.o
 *fill*         0x0000000000003801        0x3 
 .rodata        0x0000000000003804      0x281 obj/krnl/shell.o
 .rodata        0x0000000000003a85       0x3a obj/krnl/fat.o
 *fill*         0x0000000000003abf        0x1 
 .rodata        0x0000000000003ac0       0x33 obj/krnl/malloc.o
 .rodata        0x0000000000003af3       0x17 obj/krnl/sys/ps2.o

.bss            0x0000000000003b20     0x1268
 *(.bss)
 .bss           0x0000000000003b20        0x4 obj/krnl/kernel.o
 *fill*         0x0000000000003b24       0x1c 
 .bss           0x0000000000003b40      0x820 obj/krnl/shell.o
 .bss           0x0000000000004360        0x0 obj/krnl/io.o
 .bss           0x0000000000004360        0x0 obj/krnl/string.o
 .bss           0x0000000000004360        0x0 obj/krnl/sys/lba.o
 .bss           0x0000000000004360      0x214 obj/krnl/fat.o
                0x0000000000004360                bs
                0x0000000000004564                fat
                0x0000000000004568                root_entries
                0x000000000000456c                data_addr
                0x0000000000004570                bytes_per_cluster
 .bss           0x0000000000004574        0xc obj/krnl/malloc.o
                0x0000000000004574                blob_size
                0x0000000000004578                malloc_entries
                0x000000000000457c                malloc_blob
 .bss           0x0000000000004580      0x800 obj/krnl/sys/ps2.o
                0x0000000000004580                IDT
 .bss           0x0000000000004d80        0x8 obj/krnl/sys/io.o
                0x0000000000004d80                scr_x
                0x0000000000004d84                scr_y
 .bss           0x0000000000004d88        0x0 obj/krnl/sys/serial.o
 .bss           0x0000000000004d88        0x0 obj/krnl/sys/keymap.o
LOAD obj/krnl/link.o
LOAD obj/krnl/sys/pic.o
LOAD obj/krnl/sys/ports.o
LOAD obj/krnl/kernel.o
LOAD obj/krnl/shell.o
LOAD obj/krnl/io.o
LOAD obj/krnl/string.o
LOAD obj/krnl/sys/lba.o
LOAD obj/krnl/fat.o
LOAD obj/krnl/malloc.o
LOAD obj/krnl/sys/ps2.o
LOAD obj/krnl/sys/io.o
LOAD obj/krnl/sys/serial.o
LOAD obj/krnl/sys/keymap.o
OUTPUT(obj/kernel.bin binary)

.comment        0x0000000000000000       0xd1
 .comment       0x0000000000000000       0x13 obj/krnl/kernel.o
 .comment       0x0000000000000013       0x13 obj/krnl/shell.o
 .comment       0x0000000000000026       0x13 obj/krnl/io.o
 .comment       0x0000000000000039       0x13 obj/krnl/string.o
 .comment       0x000000000000004c       0x13 obj/krnl/sys/lba.o
 .comment       0x000000000000005f       0x13 obj/krnl/fat.o
 .comment       0x0000000000000072       0x13 obj/krnl/malloc.o
 .comment       0x0000000000000085       0x13 obj/krnl/sys/ps2.o
 .comment       0x0000000000000098       0x13 obj/krnl/sys/io.o
 .comment       0x00000000000000ab       0x13 obj/krnl/sys/serial.o
 .comment       0x00000000000000be       0x13 obj/krnl/sys/keymap.o
