
Memory Configuration

Name             Origin             Length             Attributes
*default*        0x0000000000000000 0xffffffffffffffff

Linker script and memory map

                0x0000000000001000                . = 0x1000

.text           0x0000000000001000     0x25fa
 *(.text)
 .text          0x0000000000001000       0x1c obj/krnl/link.o
                0x0000000000001000                _start
 *fill*         0x000000000000101c        0x4 
 .text          0x0000000000001020       0x1d obj/krnl/sys/pic.o
                0x0000000000001020                load_idt
                0x0000000000001028                enable_interrupts
                0x000000000000102a                keyboard_handler
                0x0000000000001033                int_handler
 *fill*         0x000000000000103d        0x3 
 .text          0x0000000000001040       0x24 obj/krnl/sys/ports.o
                0x0000000000001040                inb
                0x0000000000001046                outb
                0x0000000000001050                inw
                0x0000000000001059                outw
 .text          0x0000000000001064      0x206 obj/krnl/kernel.o
                0x0000000000001064                handle_keyboard
                0x00000000000010ff                main
 .text          0x000000000000126a      0x718 obj/krnl/shell.o
                0x0000000000001857                shell_init
                0x0000000000001894                shell_handle_key
 .text          0x0000000000001982      0x2bd obj/krnl/io.o
                0x0000000000001982                _itoa
                0x0000000000001a50                printf
                0x0000000000001bfe                puts
 .text          0x0000000000001c3f      0x2df obj/krnl/string.o
                0x0000000000001c3f                memset
                0x0000000000001c79                memcpy
                0x0000000000001c98                mempcpy
                0x0000000000001cde                stpcpy
                0x0000000000001d12                strcpy
                0x0000000000001d2e                strcat
                0x0000000000001d5b                strcmp
                0x0000000000001dab                stpncpy
                0x0000000000001df6                strncpy
                0x0000000000001e15                strncat
                0x0000000000001e42                strncmp
                0x0000000000001e9c                strchr
                0x0000000000001ed9                strlen
                0x0000000000001efd                strnlen
 .text          0x0000000000001f1e      0x24a obj/krnl/sys/lba.o
                0x0000000000001f1e                ata_lba_read
                0x0000000000002041                ata_lba_write
 .text          0x0000000000002168      0xc2e obj/krnl/fat.o
                0x0000000000002168                clean_entry
                0x00000000000021d2                init_fs
                0x000000000000234f                format_entry
                0x00000000000023af                read_file
                0x00000000000025a8                format_attrs
                0x00000000000026af                list_dir
                0x00000000000027f0                fopen
                0x0000000000002918                get_nth_cluster
                0x0000000000002975                fread
                0x0000000000002ae8                fseek
                0x0000000000002b44                fclose
                0x0000000000002b5f                allocate_cluster
                0x0000000000002bdb                fwrite
 .text          0x0000000000002d96      0x325 obj/krnl/malloc.o
                0x0000000000002d96                init_malloc
                0x0000000000002e02                find_empty_entry
                0x0000000000002e3d                find_entry
                0x0000000000002e79                realloc
                0x0000000000002f16                find_up_nearest
                0x0000000000002f8e                malloc
                0x0000000000003056                free
 .text          0x00000000000030bb      0x192 obj/krnl/sys/ps2.o
                0x00000000000030bb                int_handle
                0x00000000000030d4                init_idt
                0x0000000000003232                kb_init
 .text          0x000000000000324d      0x3a7 obj/krnl/sys/io.o
                0x000000000000324d                swipeTerm
                0x0000000000003336                update_cursor
                0x00000000000033b1                newLine
                0x0000000000003405                setColor
                0x0000000000003413                putchar
                0x00000000000034bd                backspace
                0x0000000000003563                clearScreen
 .text          0x00000000000035f4        0x6 obj/krnl/sys/serial.o
                0x00000000000035f4                initSerial
 .text          0x00000000000035fa        0x0 obj/krnl/sys/keymap.o

.data           0x0000000000003600      0x120
 *(.data)
 .data          0x0000000000003600        0x4 obj/krnl/kernel.o
                0x0000000000003600                mbr
 .data          0x0000000000003604        0x0 obj/krnl/shell.o
 .data          0x0000000000003604        0x0 obj/krnl/io.o
 .data          0x0000000000003604        0x0 obj/krnl/string.o
 .data          0x0000000000003604        0x0 obj/krnl/sys/lba.o
 .data          0x0000000000003604        0x0 obj/krnl/fat.o
 .data          0x0000000000003604        0x0 obj/krnl/malloc.o
 .data          0x0000000000003604        0x0 obj/krnl/sys/ps2.o
 .data          0x0000000000003604        0x4 obj/krnl/sys/io.o
                0x0000000000003604                color
 .data          0x0000000000003608        0x4 obj/krnl/sys/serial.o
                0x0000000000003608                coms
 *fill*         0x000000000000360c       0x14 
 .data          0x0000000000003620      0x100 obj/krnl/sys/keymap.o
                0x0000000000003620                keymap
                0x00000000000036a0                keymap_maj

.rodata         0x0000000000003720      0x39a
 *(.rodata)
 .rodata        0x0000000000003720       0x91 obj/krnl/kernel.o
 *fill*         0x00000000000037b1        0x3 
 .rodata        0x00000000000037b4      0x281 obj/krnl/shell.o
 .rodata        0x0000000000003a35       0x3a obj/krnl/fat.o
 *fill*         0x0000000000003a6f        0x1 
 .rodata        0x0000000000003a70       0x33 obj/krnl/malloc.o
 .rodata        0x0000000000003aa3       0x17 obj/krnl/sys/ps2.o

.bss            0x0000000000003ac0     0x1268
 *(.bss)
 .bss           0x0000000000003ac0        0x4 obj/krnl/kernel.o
 *fill*         0x0000000000003ac4       0x1c 
 .bss           0x0000000000003ae0      0x820 obj/krnl/shell.o
 .bss           0x0000000000004300        0x0 obj/krnl/io.o
 .bss           0x0000000000004300        0x0 obj/krnl/string.o
 .bss           0x0000000000004300        0x0 obj/krnl/sys/lba.o
 .bss           0x0000000000004300      0x214 obj/krnl/fat.o
                0x0000000000004300                bs
                0x0000000000004504                fat
                0x0000000000004508                root_entries
                0x000000000000450c                data_addr
                0x0000000000004510                bytes_per_cluster
 .bss           0x0000000000004514        0xc obj/krnl/malloc.o
                0x0000000000004514                blob_size
                0x0000000000004518                malloc_entries
                0x000000000000451c                malloc_blob
 .bss           0x0000000000004520      0x800 obj/krnl/sys/ps2.o
                0x0000000000004520                IDT
 .bss           0x0000000000004d20        0x8 obj/krnl/sys/io.o
                0x0000000000004d20                scr_x
                0x0000000000004d24                scr_y
 .bss           0x0000000000004d28        0x0 obj/krnl/sys/serial.o
 .bss           0x0000000000004d28        0x0 obj/krnl/sys/keymap.o
LOAD obj/krnl/link.o
LOAD obj/krnl/sys/pic.o
LOAD obj/krnl/sys/ports.o
LOAD obj/krnl/kernel.o
LOAD obj/krnl/shell.o
LOAD obj/krnl/io.o
LOAD obj/krnl/string.o
LOAD obj/krnl/sys/lba.o
LOAD obj/krnl/fat.o
LOAD obj/krnl/malloc.o
LOAD obj/krnl/sys/ps2.o
LOAD obj/krnl/sys/io.o
LOAD obj/krnl/sys/serial.o
LOAD obj/krnl/sys/keymap.o
OUTPUT(obj/kernel.bin binary)

.comment        0x0000000000000000       0xd1
 .comment       0x0000000000000000       0x13 obj/krnl/kernel.o
 .comment       0x0000000000000013       0x13 obj/krnl/shell.o
 .comment       0x0000000000000026       0x13 obj/krnl/io.o
 .comment       0x0000000000000039       0x13 obj/krnl/string.o
 .comment       0x000000000000004c       0x13 obj/krnl/sys/lba.o
 .comment       0x000000000000005f       0x13 obj/krnl/fat.o
 .comment       0x0000000000000072       0x13 obj/krnl/malloc.o
 .comment       0x0000000000000085       0x13 obj/krnl/sys/ps2.o
 .comment       0x0000000000000098       0x13 obj/krnl/sys/io.o
 .comment       0x00000000000000ab       0x13 obj/krnl/sys/serial.o
 .comment       0x00000000000000be       0x13 obj/krnl/sys/keymap.o
