
Memory Configuration

Name             Origin             Length             Attributes
*default*        0x0000000000000000 0xffffffffffffffff

Linker script and memory map

                0x0000000000001000                . = 0x1000

.text           0x0000000000001000     0x2a54
 *(.text)
 .text          0x0000000000001000       0x1c obj/krnl/link.o
                0x0000000000001000                _start
 *fill*         0x000000000000101c        0x4 
 .text          0x0000000000001020       0x1d obj/krnl/sys/pic.o
                0x0000000000001020                load_idt
                0x0000000000001028                enable_interrupts
                0x000000000000102a                keyboard_handler
                0x0000000000001033                int_handler
 *fill*         0x000000000000103d        0x3 
 .text          0x0000000000001040       0x34 obj/krnl/sys/ports.o
                0x0000000000001040                inb
                0x0000000000001046                outb
                0x0000000000001050                inw
                0x0000000000001059                outw
                0x0000000000001064                inl
                0x000000000000106a                outl
 .text          0x0000000000001074      0x27d obj/krnl/kernel.o
                0x0000000000001074                handle_keyboard
                0x000000000000110f                main
 .text          0x00000000000012f1      0x718 obj/krnl/shell.o
                0x00000000000018de                shell_init
                0x000000000000191b                shell_handle_key
 .text          0x0000000000001a09      0x2bd obj/krnl/io.o
                0x0000000000001a09                _itoa
                0x0000000000001ad7                printf
                0x0000000000001c85                puts
 .text          0x0000000000001cc6      0x2df obj/krnl/string.o
                0x0000000000001cc6                memset
                0x0000000000001d00                memcpy
                0x0000000000001d1f                mempcpy
                0x0000000000001d65                stpcpy
                0x0000000000001d99                strcpy
                0x0000000000001db5                strcat
                0x0000000000001de2                strcmp
                0x0000000000001e32                stpncpy
                0x0000000000001e7d                strncpy
                0x0000000000001e9c                strncat
                0x0000000000001ec9                strncmp
                0x0000000000001f23                strchr
                0x0000000000001f60                strlen
                0x0000000000001f84                strnlen
 .text          0x0000000000001fa5      0x61d obj/krnl/sys/lba.o
                0x000000000000231b                ata_lba_read
                0x000000000000246f                ata_lba_write
 .text          0x00000000000025c2      0xc2e obj/krnl/fat.o
                0x00000000000025c2                clean_entry
                0x000000000000262c                init_fs
                0x00000000000027a9                format_entry
                0x0000000000002809                read_file
                0x0000000000002a02                format_attrs
                0x0000000000002b09                list_dir
                0x0000000000002c4a                fopen
                0x0000000000002d72                get_nth_cluster
                0x0000000000002dcf                fread
                0x0000000000002f42                fseek
                0x0000000000002f9e                fclose
                0x0000000000002fb9                allocate_cluster
                0x0000000000003035                fwrite
 .text          0x00000000000031f0      0x325 obj/krnl/malloc.o
                0x00000000000031f0                init_malloc
                0x000000000000325c                find_empty_entry
                0x0000000000003297                find_entry
                0x00000000000032d3                realloc
                0x0000000000003370                find_up_nearest
                0x00000000000033e8                malloc
                0x00000000000034b0                free
 .text          0x0000000000003515      0x192 obj/krnl/sys/ps2.o
                0x0000000000003515                int_handle
                0x000000000000352e                init_idt
                0x000000000000368c                kb_init
 .text          0x00000000000036a7      0x3a7 obj/krnl/sys/io.o
                0x00000000000036a7                swipeTerm
                0x0000000000003790                update_cursor
                0x000000000000380b                newLine
                0x000000000000385f                setColor
                0x000000000000386d                putchar
                0x0000000000003917                backspace
                0x00000000000039bd                clearScreen
 .text          0x0000000000003a4e        0x6 obj/krnl/sys/serial.o
                0x0000000000003a4e                initSerial
 .text          0x0000000000003a54        0x0 obj/krnl/sys/keymap.o

.data           0x0000000000003a60      0x120
 *(.data)
 .data          0x0000000000003a60        0x4 obj/krnl/kernel.o
                0x0000000000003a60                mbr
 .data          0x0000000000003a64        0x0 obj/krnl/shell.o
 .data          0x0000000000003a64        0x0 obj/krnl/io.o
 .data          0x0000000000003a64        0x0 obj/krnl/string.o
 .data          0x0000000000003a64        0x0 obj/krnl/sys/lba.o
 .data          0x0000000000003a64        0x0 obj/krnl/fat.o
 .data          0x0000000000003a64        0x0 obj/krnl/malloc.o
 .data          0x0000000000003a64        0x0 obj/krnl/sys/ps2.o
 .data          0x0000000000003a64        0x4 obj/krnl/sys/io.o
                0x0000000000003a64                color
 .data          0x0000000000003a68        0x4 obj/krnl/sys/serial.o
                0x0000000000003a68                coms
 *fill*         0x0000000000003a6c       0x14 
 .data          0x0000000000003a80      0x100 obj/krnl/sys/keymap.o
                0x0000000000003a80                keymap
                0x0000000000003b00                keymap_maj

.rodata         0x0000000000003b80      0x476
 *(.rodata)
 .rodata        0x0000000000003b80       0xb4 obj/krnl/kernel.o
 .rodata        0x0000000000003c34      0x281 obj/krnl/shell.o
 *fill*         0x0000000000003eb5        0x3 
 .rodata        0x0000000000003eb8       0xba obj/krnl/sys/lba.o
 .rodata        0x0000000000003f72       0x3a obj/krnl/fat.o
 .rodata        0x0000000000003fac       0x33 obj/krnl/malloc.o
 .rodata        0x0000000000003fdf       0x17 obj/krnl/sys/ps2.o

.bss            0x0000000000004000     0x1288
 *(.bss)
 .bss           0x0000000000004000        0x4 obj/krnl/kernel.o
 *fill*         0x0000000000004004       0x1c 
 .bss           0x0000000000004020      0x820 obj/krnl/shell.o
 .bss           0x0000000000004840        0x0 obj/krnl/io.o
 .bss           0x0000000000004840        0x0 obj/krnl/string.o
 .bss           0x0000000000004840        0x4 obj/krnl/sys/lba.o
 *fill*         0x0000000000004844       0x1c 
 .bss           0x0000000000004860      0x214 obj/krnl/fat.o
                0x0000000000004860                bs
                0x0000000000004a64                fat
                0x0000000000004a68                root_entries
                0x0000000000004a6c                data_addr
                0x0000000000004a70                bytes_per_cluster
 .bss           0x0000000000004a74        0xc obj/krnl/malloc.o
                0x0000000000004a74                blob_size
                0x0000000000004a78                malloc_entries
                0x0000000000004a7c                malloc_blob
 .bss           0x0000000000004a80      0x800 obj/krnl/sys/ps2.o
                0x0000000000004a80                IDT
 .bss           0x0000000000005280        0x8 obj/krnl/sys/io.o
                0x0000000000005280                scr_x
                0x0000000000005284                scr_y
 .bss           0x0000000000005288        0x0 obj/krnl/sys/serial.o
 .bss           0x0000000000005288        0x0 obj/krnl/sys/keymap.o
LOAD obj/krnl/link.o
LOAD obj/krnl/sys/pic.o
LOAD obj/krnl/sys/ports.o
LOAD obj/krnl/kernel.o
LOAD obj/krnl/shell.o
LOAD obj/krnl/io.o
LOAD obj/krnl/string.o
LOAD obj/krnl/sys/lba.o
LOAD obj/krnl/fat.o
LOAD obj/krnl/malloc.o
LOAD obj/krnl/sys/ps2.o
LOAD obj/krnl/sys/io.o
LOAD obj/krnl/sys/serial.o
LOAD obj/krnl/sys/keymap.o
OUTPUT(obj/kernel.bin binary)

.comment        0x0000000000000000       0xd1
 .comment       0x0000000000000000       0x13 obj/krnl/kernel.o
 .comment       0x0000000000000013       0x13 obj/krnl/shell.o
 .comment       0x0000000000000026       0x13 obj/krnl/io.o
 .comment       0x0000000000000039       0x13 obj/krnl/string.o
 .comment       0x000000000000004c       0x13 obj/krnl/sys/lba.o
 .comment       0x000000000000005f       0x13 obj/krnl/fat.o
 .comment       0x0000000000000072       0x13 obj/krnl/malloc.o
 .comment       0x0000000000000085       0x13 obj/krnl/sys/ps2.o
 .comment       0x0000000000000098       0x13 obj/krnl/sys/io.o
 .comment       0x00000000000000ab       0x13 obj/krnl/sys/serial.o
 .comment       0x00000000000000be       0x13 obj/krnl/sys/keymap.o
