
Memory Configuration

Name             Origin             Length             Attributes
*default*        0x0000000000000000 0xffffffffffffffff

Linker script and memory map

                0x0000000000001000                . = 0x1000

.text           0x0000000000001000     0x48bb
 *(.text)
 .text          0x0000000000001000       0x30 obj/krnl/link.o
                0x0000000000001000                _start
 .text          0x0000000000001030       0xaa obj/krnl/sys/pic.o
                0x0000000000001030                load_idt
                0x0000000000001038                enable_interrupts
                0x000000000000103a                timer_handler
                0x000000000000104e                keyboard_handler
                0x0000000000001057                int_handler
                0x0000000000001070                isr0
                0x0000000000001076                isr1
                0x000000000000107c                isr2
                0x0000000000001082                isr3
                0x0000000000001088                isr4
                0x000000000000108e                isr5
                0x0000000000001094                isr6
                0x000000000000109a                isr7
                0x00000000000010a0                isr8
                0x00000000000010a4                isr9
                0x00000000000010aa                isr10
                0x00000000000010ae                isr11
                0x00000000000010b2                isr12
                0x00000000000010b6                isr13
                0x00000000000010ba                isr14
                0x00000000000010be                isr15
                0x00000000000010c4                isr16
                0x00000000000010ca                isr17
                0x00000000000010ce                isr18
                0x00000000000010d4                isr19
 *fill*         0x00000000000010da        0x6 
 .text          0x00000000000010e0       0x36 obj/krnl/sys/ports.o
                0x00000000000010e0                inb
                0x00000000000010e8                outb
                0x00000000000010f2                inw
                0x00000000000010fb                outw
                0x0000000000001106                inl
                0x000000000000110c                outl
 .text          0x0000000000001116      0x2be obj/krnl/kernel.o
                0x0000000000001116                handle_keyboard
                0x00000000000011b1                main
 .text          0x00000000000013d4      0xb01 obj/krnl/shell.o
                0x0000000000001daa                shell_init
                0x0000000000001de7                shell_handle_key
 .text          0x0000000000001ed5      0x598 obj/krnl/io.o
                0x0000000000001ed5                _itoa
                0x0000000000001fba                printf
                0x00000000000021d7                puts
                0x0000000000002218                serial_printf
 .text          0x000000000000246d      0x388 obj/krnl/string.o
                0x000000000000246d                memset
                0x00000000000024a7                memcpy
                0x00000000000024c6                mempcpy
                0x000000000000250c                stpcpy
                0x0000000000002540                strcpy
                0x000000000000255c                strcat
                0x0000000000002589                strcmp
                0x00000000000025d9                stpncpy
                0x0000000000002624                strncpy
                0x0000000000002643                strncat
                0x0000000000002697                strncmp
                0x00000000000026f1                strchr
                0x000000000000272e                strlen
                0x0000000000002752                strnlen
                0x0000000000002781                atoi
 .text          0x00000000000027f5      0x3f6 obj/krnl/sys/lba.o
                0x000000000000290a                ata_lba_read
                0x0000000000002a7b                ata_lba_write
 .text          0x0000000000002beb       0xdd obj/krnl/sys/paging.o
                0x0000000000002beb                init_paging
                0x0000000000002ca4                enable_paging
 .text          0x0000000000002cc8     0x170f obj/krnl/fat.o
                0x0000000000002d49                init_fs
                0x0000000000003272                read_file
                0x00000000000035c7                list_dir
                0x000000000000372f                fopen
                0x0000000000003954                fread
                0x0000000000003b34                fseek
                0x0000000000003bbe                fclose
                0x0000000000003c59                fwrite
                0x000000000000418d                create_file
                0x000000000000429a                set_file_date
 .text          0x00000000000043d7      0x34d obj/krnl/malloc.o
                0x00000000000043d7                init_malloc
                0x000000000000445b                find_empty_entry
                0x0000000000004496                find_entry
                0x00000000000044d2                realloc
                0x000000000000456f                find_up_nearest
                0x00000000000045e7                malloc
                0x00000000000046bf                free
 .text          0x0000000000004724      0x2c1 obj/krnl/sys/ps2.o
                0x0000000000004724                isr_handle
                0x00000000000047bc                int_handle
                0x00000000000047d5                init_idt
                0x00000000000049ca                kb_init
 .text          0x00000000000049e5      0x3b0 obj/krnl/sys/io.o
                0x00000000000049e5                swipeTerm
                0x0000000000004ace                update_cursor
                0x0000000000004b49                newLine
                0x0000000000004b9d                setColor
                0x0000000000004bab                putchar
                0x0000000000004c55                backspace
                0x0000000000004d04                clearScreen
 .text          0x0000000000004d95      0x1e5 obj/krnl/sys/serial.o
                0x0000000000004d95                initSerial
                0x0000000000004eb1                writeSerial
                0x0000000000004efd                readSerial
                0x0000000000004f3d                serialString
 .text          0x0000000000004f7a      0x44d obj/krnl/sys/rtc.o
                0x0000000000005076                rtc_init
                0x0000000000005220                get_system_date
                0x0000000000005274                set_system_date
                0x0000000000005391                set_system_time
 .text          0x00000000000053c7        0x0 obj/krnl/sys/keymap.o
 .text          0x00000000000053c7       0xfc obj/krnl/sys/timer.o
                0x00000000000053c7                init_timer
                0x0000000000005447                handle_timer
                0x000000000000546c                get_ticks
                0x0000000000005476                sleep
 .text          0x00000000000054c3      0x3f8 obj/krnl/sys/task.o
                0x00000000000054e7                task_init
                0x0000000000005532                task_create
                0x00000000000056ee                task_schedule
                0x00000000000057ec                task_count
                0x0000000000005839                task_list

.data           0x00000000000058c0      0x204
 *(.data)
 .data          0x00000000000058c0        0x4 obj/krnl/kernel.o
                0x00000000000058c0                mbr
 .data          0x00000000000058c4        0x4 obj/krnl/shell.o
 .data          0x00000000000058c8        0x0 obj/krnl/io.o
 .data          0x00000000000058c8        0x0 obj/krnl/string.o
 .data          0x00000000000058c8        0x0 obj/krnl/sys/lba.o
 .data          0x00000000000058c8        0x0 obj/krnl/sys/paging.o
 .data          0x00000000000058c8        0x0 obj/krnl/fat.o
 .data          0x00000000000058c8        0x0 obj/krnl/malloc.o
 *fill*         0x00000000000058c8       0x18 
 .data          0x00000000000058e0       0xb0 obj/krnl/sys/ps2.o
                0x00000000000058e0                int_table
 .data          0x0000000000005990        0x4 obj/krnl/sys/io.o
                0x0000000000005990                color
 .data          0x0000000000005994       0x18 obj/krnl/sys/serial.o
                0x0000000000005994                coms_table
                0x000000000000599c                lpts_table
                0x00000000000059a4                coms
                0x00000000000059a8                lpts
 .data          0x00000000000059ac        0x0 obj/krnl/sys/rtc.o
 *fill*         0x00000000000059ac       0x14 
 .data          0x00000000000059c0      0x100 obj/krnl/sys/keymap.o
                0x00000000000059c0                keymap
                0x0000000000005a40                keymap_maj
 .data          0x0000000000005ac0        0x4 obj/krnl/sys/timer.o
 .data          0x0000000000005ac4        0x0 obj/krnl/sys/task.o

.rodata         0x0000000000005ac4      0x9b3
 *(.rodata)
 .rodata        0x0000000000005ac4      0x1ca obj/krnl/kernel.o
 *fill*         0x0000000000005c8e        0x2 
 .rodata        0x0000000000005c90      0x505 obj/krnl/shell.o
 *fill*         0x0000000000006195        0x3 
 .rodata        0x0000000000006198      0x101 obj/krnl/fat.o
 *fill*         0x0000000000006299        0x3 
 .rodata        0x000000000000629c       0x33 obj/krnl/malloc.o
 *fill*         0x00000000000062cf        0x1 
 .rodata        0x00000000000062d0      0x181 obj/krnl/sys/ps2.o
 .rodata        0x0000000000006451       0x26 obj/krnl/sys/task.o
                0x0000000001400000                . = 0x1400000

.bss            0x0000000001400000   0x402964
                0x0000000001400000                _bss_start = .
 *(.bss)
 .bss           0x0000000001400000        0x4 obj/krnl/kernel.o
 *fill*         0x0000000001400004       0x1c 
 .bss           0x0000000001400020      0x820 obj/krnl/shell.o
 .bss           0x0000000001400840        0x0 obj/krnl/io.o
 .bss           0x0000000001400840        0x0 obj/krnl/string.o
 .bss           0x0000000001400840        0x0 obj/krnl/sys/lba.o
 *fill*         0x0000000001400840      0x7c0 
 .bss           0x0000000001401000   0x401000 obj/krnl/sys/paging.o
                0x0000000001401000                page_directory
                0x0000000001402000                page_tables
 .bss           0x0000000001802000       0x1c obj/krnl/fat.o
 .bss           0x000000000180201c        0xc obj/krnl/malloc.o
                0x000000000180201c                blob_size
                0x0000000001802020                malloc_entries
                0x0000000001802024                malloc_blob
 *fill*         0x0000000001802028       0x18 
 .bss           0x0000000001802040      0x800 obj/krnl/sys/ps2.o
                0x0000000001802040                IDT
 .bss           0x0000000001802840        0x8 obj/krnl/sys/io.o
                0x0000000001802840                scr_x
                0x0000000001802844                scr_y
 .bss           0x0000000001802848        0x0 obj/krnl/sys/serial.o
 .bss           0x0000000001802848        0x7 obj/krnl/sys/rtc.o
 .bss           0x000000000180284f        0x0 obj/krnl/sys/keymap.o
 *fill*         0x000000000180284f        0x1 
 .bss           0x0000000001802850        0x4 obj/krnl/sys/timer.o
 *fill*         0x0000000001802854        0xc 
 .bss           0x0000000001802860      0x104 obj/krnl/sys/task.o
 *(COMMON)
                0x0000000001802964                _bss_end = .
LOAD obj/krnl/link.o
LOAD obj/krnl/sys/pic.o
LOAD obj/krnl/sys/ports.o
LOAD obj/krnl/kernel.o
LOAD obj/krnl/shell.o
LOAD obj/krnl/io.o
LOAD obj/krnl/string.o
LOAD obj/krnl/sys/lba.o
LOAD obj/krnl/sys/paging.o
LOAD obj/krnl/fat.o
LOAD obj/krnl/malloc.o
LOAD obj/krnl/sys/ps2.o
LOAD obj/krnl/sys/io.o
LOAD obj/krnl/sys/serial.o
LOAD obj/krnl/sys/rtc.o
LOAD obj/krnl/sys/keymap.o
LOAD obj/krnl/sys/timer.o
LOAD obj/krnl/sys/task.o
OUTPUT(obj/kernel.bin binary)

.comment        0x0000000000000000      0x11d
 .comment       0x0000000000000000       0x13 obj/krnl/kernel.o
 .comment       0x0000000000000013       0x13 obj/krnl/shell.o
 .comment       0x0000000000000026       0x13 obj/krnl/io.o
 .comment       0x0000000000000039       0x13 obj/krnl/string.o
 .comment       0x000000000000004c       0x13 obj/krnl/sys/lba.o
 .comment       0x000000000000005f       0x13 obj/krnl/sys/paging.o
 .comment       0x0000000000000072       0x13 obj/krnl/fat.o
 .comment       0x0000000000000085       0x13 obj/krnl/malloc.o
 .comment       0x0000000000000098       0x13 obj/krnl/sys/ps2.o
 .comment       0x00000000000000ab       0x13 obj/krnl/sys/io.o
 .comment       0x00000000000000be       0x13 obj/krnl/sys/serial.o
 .comment       0x00000000000000d1       0x13 obj/krnl/sys/rtc.o
 .comment       0x00000000000000e4       0x13 obj/krnl/sys/keymap.o
 .comment       0x00000000000000f7       0x13 obj/krnl/sys/timer.o
 .comment       0x000000000000010a       0x13 obj/krnl/sys/task.o
