
Memory Configuration

Name             Origin             Length             Attributes
*default*        0x0000000000000000 0xffffffffffffffff

Linker script and memory map

                0x0000000000001000                . = 0x1000

.text           0x0000000000001000     0x2b19
 *(.text)
 .text          0x0000000000001000       0x1c obj/krnl/link.o
                0x0000000000001000                _start
 *fill*         0x000000000000101c        0x4 
 .text          0x0000000000001020       0x1d obj/krnl/sys/pic.o
                0x0000000000001020                load_idt
                0x0000000000001028                enable_interrupts
                0x000000000000102a                keyboard_handler
                0x0000000000001033                int_handler
 *fill*         0x000000000000103d        0x3 
 .text          0x0000000000001040       0x34 obj/krnl/sys/ports.o
                0x0000000000001040                inb
                0x0000000000001046                outb
                0x0000000000001050                inw
                0x0000000000001059                outw
                0x0000000000001064                inl
                0x000000000000106a                outl
 .text          0x0000000000001074      0x20c obj/krnl/kernel.o
                0x0000000000001074                handle_keyboard
                0x000000000000110f                main
 .text          0x0000000000001280      0x77d obj/krnl/shell.o
                0x00000000000018d2                shell_init
                0x000000000000190f                shell_handle_key
 .text          0x00000000000019fd      0x324 obj/krnl/io.o
                0x00000000000019fd                _itoa
                0x0000000000001ae2                printf
                0x0000000000001ce0                puts
 .text          0x0000000000001d21      0x2df obj/krnl/string.o
                0x0000000000001d21                memset
                0x0000000000001d5b                memcpy
                0x0000000000001d7a                mempcpy
                0x0000000000001dc0                stpcpy
                0x0000000000001df4                strcpy
                0x0000000000001e10                strcat
                0x0000000000001e3d                strcmp
                0x0000000000001e8d                stpncpy
                0x0000000000001ed8                strncpy
                0x0000000000001ef7                strncat
                0x0000000000001f24                strncmp
                0x0000000000001f7e                strchr
                0x0000000000001fbb                strlen
                0x0000000000001fdf                strnlen
 .text          0x0000000000002000      0x3b2 obj/krnl/sys/lba.o
                0x0000000000002115                ata_lba_read
                0x0000000000002264                ata_lba_write
 .text          0x00000000000023b2      0xd24 obj/krnl/fat.o
                0x000000000000241c                init_fs
                0x0000000000002654                read_file
                0x0000000000002959                list_dir
                0x0000000000002a9c                fopen
                0x0000000000002c2e                fread
                0x0000000000002da6                fseek
                0x0000000000002e02                fclose
                0x0000000000002e9d                fwrite
 .text          0x00000000000030d6      0x325 obj/krnl/malloc.o
                0x00000000000030d6                init_malloc
                0x0000000000003142                find_empty_entry
                0x000000000000317d                find_entry
                0x00000000000031b9                realloc
                0x0000000000003256                find_up_nearest
                0x00000000000032ce                malloc
                0x0000000000003396                free
 .text          0x00000000000033fb      0x192 obj/krnl/sys/ps2.o
                0x00000000000033fb                int_handle
                0x0000000000003414                init_idt
                0x0000000000003572                kb_init
 .text          0x000000000000358d      0x3a7 obj/krnl/sys/io.o
                0x000000000000358d                swipeTerm
                0x0000000000003676                update_cursor
                0x00000000000036f1                newLine
                0x0000000000003745                setColor
                0x0000000000003753                putchar
                0x00000000000037fd                backspace
                0x00000000000038a3                clearScreen
 .text          0x0000000000003934      0x1e5 obj/krnl/sys/serial.o
                0x0000000000003934                initSerial
                0x0000000000003a50                writeSerial
                0x0000000000003a9c                readSerial
                0x0000000000003adc                serialString
 .text          0x0000000000003b19        0x0 obj/krnl/sys/keymap.o

.data           0x0000000000003b20      0x120
 *(.data)
 .data          0x0000000000003b20        0x4 obj/krnl/kernel.o
                0x0000000000003b20                mbr
 .data          0x0000000000003b24        0x0 obj/krnl/shell.o
 .data          0x0000000000003b24        0x0 obj/krnl/io.o
 .data          0x0000000000003b24        0x0 obj/krnl/string.o
 .data          0x0000000000003b24        0x0 obj/krnl/sys/lba.o
 .data          0x0000000000003b24        0x0 obj/krnl/fat.o
 .data          0x0000000000003b24        0x0 obj/krnl/malloc.o
 .data          0x0000000000003b24        0x0 obj/krnl/sys/ps2.o
 .data          0x0000000000003b24        0x4 obj/krnl/sys/io.o
                0x0000000000003b24                color
 .data          0x0000000000003b28       0x18 obj/krnl/sys/serial.o
                0x0000000000003b28                coms_table
                0x0000000000003b30                lpts_table
                0x0000000000003b38                coms
                0x0000000000003b3c                lpts
 .data          0x0000000000003b40      0x100 obj/krnl/sys/keymap.o
                0x0000000000003b40                keymap
                0x0000000000003bc0                keymap_maj

.rodata         0x0000000000003c40      0x3f6
 *(.rodata)
 .rodata        0x0000000000003c40       0x7d obj/krnl/kernel.o
 *fill*         0x0000000000003cbd        0x3 
 .rodata        0x0000000000003cc0      0x2f1 obj/krnl/shell.o
 .rodata        0x0000000000003fb1       0x3a obj/krnl/fat.o
 *fill*         0x0000000000003feb        0x1 
 .rodata        0x0000000000003fec       0x33 obj/krnl/malloc.o
 .rodata        0x000000000000401f       0x17 obj/krnl/sys/ps2.o

.bss            0x0000000000004040     0x1088
 *(.bss)
 .bss           0x0000000000004040        0x4 obj/krnl/kernel.o
 *fill*         0x0000000000004044       0x1c 
 .bss           0x0000000000004060      0x820 obj/krnl/shell.o
 .bss           0x0000000000004880        0x0 obj/krnl/io.o
 .bss           0x0000000000004880        0x0 obj/krnl/string.o
 .bss           0x0000000000004880        0x0 obj/krnl/sys/lba.o
 .bss           0x0000000000004880       0x1c obj/krnl/fat.o
 .bss           0x000000000000489c        0xc obj/krnl/malloc.o
                0x000000000000489c                blob_size
                0x00000000000048a0                malloc_entries
                0x00000000000048a4                malloc_blob
 *fill*         0x00000000000048a8       0x18 
 .bss           0x00000000000048c0      0x800 obj/krnl/sys/ps2.o
                0x00000000000048c0                IDT
 .bss           0x00000000000050c0        0x8 obj/krnl/sys/io.o
                0x00000000000050c0                scr_x
                0x00000000000050c4                scr_y
 .bss           0x00000000000050c8        0x0 obj/krnl/sys/serial.o
 .bss           0x00000000000050c8        0x0 obj/krnl/sys/keymap.o
LOAD obj/krnl/link.o
LOAD obj/krnl/sys/pic.o
LOAD obj/krnl/sys/ports.o
LOAD obj/krnl/kernel.o
LOAD obj/krnl/shell.o
LOAD obj/krnl/io.o
LOAD obj/krnl/string.o
LOAD obj/krnl/sys/lba.o
LOAD obj/krnl/fat.o
LOAD obj/krnl/malloc.o
LOAD obj/krnl/sys/ps2.o
LOAD obj/krnl/sys/io.o
LOAD obj/krnl/sys/serial.o
LOAD obj/krnl/sys/keymap.o
OUTPUT(obj/kernel.bin binary)

.comment        0x0000000000000000       0xd1
 .comment       0x0000000000000000       0x13 obj/krnl/kernel.o
 .comment       0x0000000000000013       0x13 obj/krnl/shell.o
 .comment       0x0000000000000026       0x13 obj/krnl/io.o
 .comment       0x0000000000000039       0x13 obj/krnl/string.o
 .comment       0x000000000000004c       0x13 obj/krnl/sys/lba.o
 .comment       0x000000000000005f       0x13 obj/krnl/fat.o
 .comment       0x0000000000000072       0x13 obj/krnl/malloc.o
 .comment       0x0000000000000085       0x13 obj/krnl/sys/ps2.o
 .comment       0x0000000000000098       0x13 obj/krnl/sys/io.o
 .comment       0x00000000000000ab       0x13 obj/krnl/sys/serial.o
 .comment       0x00000000000000be       0x13 obj/krnl/sys/keymap.o
